Archive member included to satisfy reference by file (symbol)

c:/program files/microchip/xc8/v3.00/avr/bin/../lib/gcc/avr/5.4.0/avrxmega4/memx-const/mapped\libgcc.a(_copy_data.o)
                              build/default/production/mcc_generated_files/system/src/config_bits.o (__do_copy_data)
c:/program files/microchip/xc8/v3.00/avr/bin/../lib/gcc/avr/5.4.0/../../../../avr/lib/avrxmega4/memx-const/mapped\libc.a(exit.o)
                              C:/Program Files/Microchip/MPLABX/v6.20/packs/Microchip/AVR-Dx_DFP/2.4.286/xc8/avr/lib/avrxmega4/memx-const/mapped/crtavr128db48.o (exit)
c:/program files/microchip/xc8/v3.00/avr/bin/../lib/gcc/avr/5.4.0/../../../../avr/lib/avrxmega4/memx-const/mapped\libc.a(_Exit.o)
                              c:/program files/microchip/xc8/v3.00/avr/bin/../lib/gcc/avr/5.4.0/../../../../avr/lib/avrxmega4/memx-const/mapped\libc.a(exit.o) (_Exit)
c:/program files/microchip/xc8/v3.00/avr/bin/../lib/gcc/avr/5.4.0/avrxmega4/memx-const/mapped\libgcc.a(_exit.o)
                              c:/program files/microchip/xc8/v3.00/avr/bin/../lib/gcc/avr/5.4.0/../../../../avr/lib/avrxmega4/memx-const/mapped\libc.a(_Exit.o) (_exit)

Discarded input sections

 .data          0x0000000000000000        0x0 C:/Program Files/Microchip/MPLABX/v6.20/packs/Microchip/AVR-Dx_DFP/2.4.286/xc8/avr/lib/avrxmega4/memx-const/mapped/crtavr128db48.o
 .bss           0x0000000000000000        0x0 C:/Program Files/Microchip/MPLABX/v6.20/packs/Microchip/AVR-Dx_DFP/2.4.286/xc8/avr/lib/avrxmega4/memx-const/mapped/crtavr128db48.o
 .text          0x0000000000000000        0x0 build/default/production/mcc_generated_files/system/src/system.o
 .data          0x0000000000000000        0x0 build/default/production/mcc_generated_files/system/src/system.o
 .bss           0x0000000000000000        0x0 build/default/production/mcc_generated_files/system/src/system.o
 .text          0x0000000000000000        0x0 build/default/production/mcc_generated_files/system/src/interrupt.o
 .data          0x0000000000000000        0x0 build/default/production/mcc_generated_files/system/src/interrupt.o
 .bss           0x0000000000000000        0x0 build/default/production/mcc_generated_files/system/src/interrupt.o
 .text          0x0000000000000000        0x0 build/default/production/mcc_generated_files/system/src/config_bits.o
 .data          0x0000000000000000        0x0 build/default/production/mcc_generated_files/system/src/config_bits.o
 .bss           0x0000000000000000        0x0 build/default/production/mcc_generated_files/system/src/config_bits.o
 .text          0x0000000000000000        0x0 build/default/production/mcc_generated_files/system/src/protected_io.o
 .data          0x0000000000000000        0x0 build/default/production/mcc_generated_files/system/src/protected_io.o
 .bss           0x0000000000000000        0x0 build/default/production/mcc_generated_files/system/src/protected_io.o
 .text          0x0000000000000000        0x0 build/default/production/mcc_generated_files/system/src/clock.o
 .data          0x0000000000000000        0x0 build/default/production/mcc_generated_files/system/src/clock.o
 .bss           0x0000000000000000        0x0 build/default/production/mcc_generated_files/system/src/clock.o
 .text.CFD_Enable
                0x0000000000000000       0x10 build/default/production/mcc_generated_files/system/src/clock.o
 .text.CFD_Disable
                0x0000000000000000       0x12 build/default/production/mcc_generated_files/system/src/clock.o
 .text          0x0000000000000000        0x0 build/default/production/main.o
 .data          0x0000000000000000        0x0 build/default/production/main.o
 .bss           0x0000000000000000        0x0 build/default/production/main.o
 .text          0x0000000000000000        0x0 build/default/production/mcc_generated_files/system/src/pins.o
 .data          0x0000000000000000        0x0 build/default/production/mcc_generated_files/system/src/pins.o
 .bss           0x0000000000000000        0x0 build/default/production/mcc_generated_files/system/src/pins.o
 .text.IO_PA0_SetInterruptHandler
                0x0000000000000000        0xa build/default/production/mcc_generated_files/system/src/pins.o
 .text.LED0_SetInterruptHandler
                0x0000000000000000        0xa build/default/production/mcc_generated_files/system/src/pins.o
 .text          0x0000000000000000        0x0 build/default/production/mcc_generated_files/timer/src/tca0.o
 .data          0x0000000000000000        0x0 build/default/production/mcc_generated_files/timer/src/tca0.o
 .bss           0x0000000000000000        0x0 build/default/production/mcc_generated_files/timer/src/tca0.o
 .text.TCA0_Deinitialize
                0x0000000000000000       0x3a build/default/production/mcc_generated_files/timer/src/tca0.o
 .text.TCA0_Start
                0x0000000000000000        0xc build/default/production/mcc_generated_files/timer/src/tca0.o
 .text.TCA0_Stop
                0x0000000000000000        0xc build/default/production/mcc_generated_files/timer/src/tca0.o
 .text.TCA0_CounterSet
                0x0000000000000000        0xa build/default/production/mcc_generated_files/timer/src/tca0.o
 .text.TCA0_CounterGet
                0x0000000000000000        0xa build/default/production/mcc_generated_files/timer/src/tca0.o
 .text.TCA0_PeriodSet
                0x0000000000000000        0xa build/default/production/mcc_generated_files/timer/src/tca0.o
 .text.TCA0_PeriodGet
                0x0000000000000000        0xa build/default/production/mcc_generated_files/timer/src/tca0.o
 .text.TCA0_Compare0Set
                0x0000000000000000        0xa build/default/production/mcc_generated_files/timer/src/tca0.o
 .text.TCA0_Compare1Set
                0x0000000000000000        0xa build/default/production/mcc_generated_files/timer/src/tca0.o
 .text.TCA0_Compare2Set
                0x0000000000000000        0xa build/default/production/mcc_generated_files/timer/src/tca0.o
 .text.TCA0_MaxCountGet
                0x0000000000000000        0x6 build/default/production/mcc_generated_files/timer/src/tca0.o
 .text.TCA0_ModeSet
                0x0000000000000000       0x20 build/default/production/mcc_generated_files/timer/src/tca0.o
 .text.TCA0_InterruptEnable
                0x0000000000000000        0x8 build/default/production/mcc_generated_files/timer/src/tca0.o
 .text.TCA0_InterruptDisable
                0x0000000000000000        0x6 build/default/production/mcc_generated_files/timer/src/tca0.o
 .text.TCA0_OverflowCallbackRegister
                0x0000000000000000        0x2 build/default/production/mcc_generated_files/timer/src/tca0.o
 .text.TCA0_Compare1CallbackRegister
                0x0000000000000000        0x2 build/default/production/mcc_generated_files/timer/src/tca0.o
 .text.TCA0_Compare2CallbackRegister
                0x0000000000000000        0x2 build/default/production/mcc_generated_files/timer/src/tca0.o
 .text          0x0000000000000000        0x0 c:/program files/microchip/xc8/v3.00/avr/bin/../lib/gcc/avr/5.4.0/avrxmega4/memx-const/mapped\libgcc.a(_copy_data.o)
 .data          0x0000000000000000        0x0 c:/program files/microchip/xc8/v3.00/avr/bin/../lib/gcc/avr/5.4.0/avrxmega4/memx-const/mapped\libgcc.a(_copy_data.o)
 .bss           0x0000000000000000        0x0 c:/program files/microchip/xc8/v3.00/avr/bin/../lib/gcc/avr/5.4.0/avrxmega4/memx-const/mapped\libgcc.a(_copy_data.o)
 .text.libgcc.mul
                0x0000000000000000        0x0 c:/program files/microchip/xc8/v3.00/avr/bin/../lib/gcc/avr/5.4.0/avrxmega4/memx-const/mapped\libgcc.a(_copy_data.o)
 .text.libgcc.div
                0x0000000000000000        0x0 c:/program files/microchip/xc8/v3.00/avr/bin/../lib/gcc/avr/5.4.0/avrxmega4/memx-const/mapped\libgcc.a(_copy_data.o)
 .text.libgcc   0x0000000000000000        0x0 c:/program files/microchip/xc8/v3.00/avr/bin/../lib/gcc/avr/5.4.0/avrxmega4/memx-const/mapped\libgcc.a(_copy_data.o)
 .text.libgcc.prologue
                0x0000000000000000        0x0 c:/program files/microchip/xc8/v3.00/avr/bin/../lib/gcc/avr/5.4.0/avrxmega4/memx-const/mapped\libgcc.a(_copy_data.o)
 .text.libgcc.builtins
                0x0000000000000000        0x0 c:/program files/microchip/xc8/v3.00/avr/bin/../lib/gcc/avr/5.4.0/avrxmega4/memx-const/mapped\libgcc.a(_copy_data.o)
 .text.libgcc.fmul
                0x0000000000000000        0x0 c:/program files/microchip/xc8/v3.00/avr/bin/../lib/gcc/avr/5.4.0/avrxmega4/memx-const/mapped\libgcc.a(_copy_data.o)
 .text.libgcc.fixed
                0x0000000000000000        0x0 c:/program files/microchip/xc8/v3.00/avr/bin/../lib/gcc/avr/5.4.0/avrxmega4/memx-const/mapped\libgcc.a(_copy_data.o)
 .text          0x0000000000000000        0x0 c:/program files/microchip/xc8/v3.00/avr/bin/../lib/gcc/avr/5.4.0/../../../../avr/lib/avrxmega4/memx-const/mapped\libc.a(exit.o)
 .data          0x0000000000000000        0x0 c:/program files/microchip/xc8/v3.00/avr/bin/../lib/gcc/avr/5.4.0/../../../../avr/lib/avrxmega4/memx-const/mapped\libc.a(exit.o)
 .bss           0x0000000000000000        0x0 c:/program files/microchip/xc8/v3.00/avr/bin/../lib/gcc/avr/5.4.0/../../../../avr/lib/avrxmega4/memx-const/mapped\libc.a(exit.o)
 .stack.descriptors
                0x0000000000000000       0x73 c:/program files/microchip/xc8/v3.00/avr/bin/../lib/gcc/avr/5.4.0/../../../../avr/lib/avrxmega4/memx-const/mapped\libc.a(exit.o)
 .text          0x0000000000000000        0x0 c:/program files/microchip/xc8/v3.00/avr/bin/../lib/gcc/avr/5.4.0/../../../../avr/lib/avrxmega4/memx-const/mapped\libc.a(_Exit.o)
 .data          0x0000000000000000        0x0 c:/program files/microchip/xc8/v3.00/avr/bin/../lib/gcc/avr/5.4.0/../../../../avr/lib/avrxmega4/memx-const/mapped\libc.a(_Exit.o)
 .bss           0x0000000000000000        0x0 c:/program files/microchip/xc8/v3.00/avr/bin/../lib/gcc/avr/5.4.0/../../../../avr/lib/avrxmega4/memx-const/mapped\libc.a(_Exit.o)
 .stack.descriptors
                0x0000000000000000       0x13 c:/program files/microchip/xc8/v3.00/avr/bin/../lib/gcc/avr/5.4.0/../../../../avr/lib/avrxmega4/memx-const/mapped\libc.a(_Exit.o)
 .text          0x0000000000000000        0x0 c:/program files/microchip/xc8/v3.00/avr/bin/../lib/gcc/avr/5.4.0/avrxmega4/memx-const/mapped\libgcc.a(_exit.o)
 .data          0x0000000000000000        0x0 c:/program files/microchip/xc8/v3.00/avr/bin/../lib/gcc/avr/5.4.0/avrxmega4/memx-const/mapped\libgcc.a(_exit.o)
 .bss           0x0000000000000000        0x0 c:/program files/microchip/xc8/v3.00/avr/bin/../lib/gcc/avr/5.4.0/avrxmega4/memx-const/mapped\libgcc.a(_exit.o)
 .text.libgcc.mul
                0x0000000000000000        0x0 c:/program files/microchip/xc8/v3.00/avr/bin/../lib/gcc/avr/5.4.0/avrxmega4/memx-const/mapped\libgcc.a(_exit.o)
 .text.libgcc.div
                0x0000000000000000        0x0 c:/program files/microchip/xc8/v3.00/avr/bin/../lib/gcc/avr/5.4.0/avrxmega4/memx-const/mapped\libgcc.a(_exit.o)
 .text.libgcc   0x0000000000000000        0x0 c:/program files/microchip/xc8/v3.00/avr/bin/../lib/gcc/avr/5.4.0/avrxmega4/memx-const/mapped\libgcc.a(_exit.o)
 .text.libgcc.prologue
                0x0000000000000000        0x0 c:/program files/microchip/xc8/v3.00/avr/bin/../lib/gcc/avr/5.4.0/avrxmega4/memx-const/mapped\libgcc.a(_exit.o)
 .stack.descriptors
                0x0000000000000000       0x13 c:/program files/microchip/xc8/v3.00/avr/bin/../lib/gcc/avr/5.4.0/avrxmega4/memx-const/mapped\libgcc.a(_exit.o)
 .text.libgcc.builtins
                0x0000000000000000        0x0 c:/program files/microchip/xc8/v3.00/avr/bin/../lib/gcc/avr/5.4.0/avrxmega4/memx-const/mapped\libgcc.a(_exit.o)
 .text.libgcc.fmul
                0x0000000000000000        0x0 c:/program files/microchip/xc8/v3.00/avr/bin/../lib/gcc/avr/5.4.0/avrxmega4/memx-const/mapped\libgcc.a(_exit.o)
 .text.libgcc.fixed
                0x0000000000000000        0x0 c:/program files/microchip/xc8/v3.00/avr/bin/../lib/gcc/avr/5.4.0/avrxmega4/memx-const/mapped\libgcc.a(_exit.o)

Memory Configuration

Name             Origin             Length             Attributes
text             0x0000000000000000 0x0000000000020000 xr
data             0x0000000000804000 0x0000000000004000 rw !x
eeprom           0x0000000000810000 0x0000000000000200 rw !x
fuse             0x0000000000820000 0x0000000000000010 rw !x
lock             0x0000000000830000 0x0000000000000400 rw !x
signature        0x0000000000840000 0x0000000000000400 rw !x
user_signatures  0x0000000000850000 0x0000000000000400 rw !x
bootrow          0x0000000000860000 0x0000000000000400 rw !x
*default*        0x0000000000000000 0xffffffffffffffff

Linker script and memory map

Address of section .data set to 0x804000
                0x0000000000008000                __RODATA_PM_OFFSET__ = 0x8000
LOAD C:/Program Files/Microchip/MPLABX/v6.20/packs/Microchip/AVR-Dx_DFP/2.4.286/xc8/avr/lib/avrxmega4/memx-const/mapped/crtavr128db48.o
                0x0000000000000001                __MPLAB_BUILD = 0x1
LOAD build/default/production/mcc_generated_files/system/src/system.o
LOAD build/default/production/mcc_generated_files/system/src/interrupt.o
LOAD build/default/production/mcc_generated_files/system/src/config_bits.o
LOAD build/default/production/mcc_generated_files/system/src/protected_io.o
LOAD build/default/production/mcc_generated_files/system/src/clock.o
LOAD build/default/production/main.o
LOAD build/default/production/mcc_generated_files/system/src/pins.o
LOAD build/default/production/mcc_generated_files/timer/src/tca0.o
START GROUP
LOAD c:/program files/microchip/xc8/v3.00/avr/bin/../lib/gcc/avr/5.4.0/../../../../avr/lib/avrxmega4/memx-const/mapped\libm.a
END GROUP
START GROUP
LOAD c:/program files/microchip/xc8/v3.00/avr/bin/../lib/gcc/avr/5.4.0/avrxmega4/memx-const/mapped\libgcc.a
LOAD c:/program files/microchip/xc8/v3.00/avr/bin/../lib/gcc/avr/5.4.0/../../../../avr/lib/avrxmega4/memx-const/mapped\libm.a
LOAD c:/program files/microchip/xc8/v3.00/avr/bin/../lib/gcc/avr/5.4.0/../../../../avr/lib/avrxmega4/memx-const/mapped\libc.a
LOAD C:/Program Files/Microchip/MPLABX/v6.20/packs/Microchip/AVR-Dx_DFP/2.4.286/xc8/avr/lib/avrxmega4/memx-const/mapped\libavr128db48.a
END GROUP
                [0x0000000000000000]                __TEXT_REGION_ORIGIN__ = DEFINED (__TEXT_REGION_ORIGIN__)?__TEXT_REGION_ORIGIN__:0x0
                [0x0000000000804000]                __DATA_REGION_ORIGIN__ = DEFINED (__DATA_REGION_ORIGIN__)?__DATA_REGION_ORIGIN__:0x802000
                [0x0000000000020000]                __TEXT_REGION_LENGTH__ = DEFINED (__TEXT_REGION_LENGTH__)?__TEXT_REGION_LENGTH__:0x100000
                [0x0000000000004000]                __DATA_REGION_LENGTH__ = DEFINED (__DATA_REGION_LENGTH__)?__DATA_REGION_LENGTH__:0xffa0
                [0x0000000000000200]                __EEPROM_REGION_LENGTH__ = DEFINED (__EEPROM_REGION_LENGTH__)?__EEPROM_REGION_LENGTH__:0x10000
                [0x0000000000000010]                __FUSE_REGION_LENGTH__ = DEFINED (__FUSE_REGION_LENGTH__)?__FUSE_REGION_LENGTH__:0x400
                0x0000000000000400                __LOCK_REGION_LENGTH__ = DEFINED (__LOCK_REGION_LENGTH__)?__LOCK_REGION_LENGTH__:0x400
                0x0000000000000400                __SIGNATURE_REGION_LENGTH__ = DEFINED (__SIGNATURE_REGION_LENGTH__)?__SIGNATURE_REGION_LENGTH__:0x400
                0x0000000000000400                __USER_SIGNATURE_REGION_LENGTH__ = DEFINED (__USER_SIGNATURE_REGION_LENGTH__)?__USER_SIGNATURE_REGION_LENGTH__:0x400
                0x0000000000000400                __BOOTROW_REGION_LENGTH__ = DEFINED (__BOOTROW_REGION_LENGTH__)?__BOOTROW_REGION_LENGTH__:0x400

.hash
 *(.hash)

.dynsym
 *(.dynsym)

.dynstr
 *(.dynstr)

.gnu.version
 *(.gnu.version)

.gnu.version_d
 *(.gnu.version_d)

.gnu.version_r
 *(.gnu.version_r)

.rel.init
 *(.rel.init)

.rela.init
 *(.rela.init)

.rel.text
 *(.rel.text)
 *(.rel.text.*)
 *(.rel.gnu.linkonce.t*)

.rela.text
 *(.rela.text)
 *(.rela.text.*)
 *(.rela.gnu.linkonce.t*)

.rel.fini
 *(.rel.fini)

.rela.fini
 *(.rela.fini)

.rel.rodata
 *(.rel.rodata)
 *(.rel.rodata.*)
 *(.rel.gnu.linkonce.r*)

.rela.rodata
 *(.rela.rodata)
 *(.rela.rodata.*)
 *(.rela.gnu.linkonce.r*)

.rel.data
 *(.rel.data)
 *(.rel.data.*)
 *(.rel.gnu.linkonce.d*)

.rela.data
 *(.rela.data)
 *(.rela.data.*)
 *(.rela.gnu.linkonce.d*)

.rel.ctors
 *(.rel.ctors)

.rela.ctors
 *(.rela.ctors)

.rel.dtors
 *(.rel.dtors)

.rela.dtors
 *(.rela.dtors)

.rel.got
 *(.rel.got)

.rela.got
 *(.rela.got)

.rel.bss
 *(.rel.bss)

.rela.bss
 *(.rela.bss)

.rel.plt
 *(.rel.plt)

.rela.plt
 *(.rela.plt)

.text           0x0000000000000000      0x164
 *(.vectors)
 .vectors       0x0000000000000000       0xf4 C:/Program Files/Microchip/MPLABX/v6.20/packs/Microchip/AVR-Dx_DFP/2.4.286/xc8/avr/lib/avrxmega4/memx-const/mapped/crtavr128db48.o
                0x0000000000000000                __vector_default
                0x0000000000000000                __vectors
 *(.vectors)
 *(.progmem.gcc*)
 *(.dinit)
 .dinit         0x00000000000000f4        0x5 data_init
                0x00000000000000fa                . = ALIGN (0x2)
 *fill*         0x00000000000000f9        0x1 
                0x00000000000000fa                __trampolines_start = .
 *(.trampolines)
 .trampolines   0x00000000000000fa        0x0 linker stubs
 *(.trampolines*)
                0x00000000000000fa                __trampolines_end = .
 *libprintf_flt.a:*(.progmem.data)
 *libc.a:*(.progmem.data)
                0x00000000000000fa                . = ALIGN (0x2)
 *(.jumptables)
 *(.jumptables*)
 *(.lowtext)
 *(.lowtext*)
                0x00000000000000fa                __ctors_start = .
 *(.ctors)
                0x00000000000000fa                __ctors_end = .
                0x00000000000000fa                __dtors_start = .
 *(.dtors)
                0x00000000000000fa                __dtors_end = .
 SORT(*)(.ctors)
 SORT(*)(.dtors)
 *(.init0)
 .init0         0x00000000000000fa        0x0 C:/Program Files/Microchip/MPLABX/v6.20/packs/Microchip/AVR-Dx_DFP/2.4.286/xc8/avr/lib/avrxmega4/memx-const/mapped/crtavr128db48.o
                0x00000000000000fa                __init
 *(.init0)
 *(.init1)
 .init1         0x00000000000000fa       0x12 C:/Program Files/Microchip/MPLABX/v6.20/packs/Microchip/AVR-Dx_DFP/2.4.286/xc8/avr/lib/avrxmega4/memx-const/mapped/crtavr128db48.o
 *(.init1)
 *(.init2)
 .init2         0x000000000000010c        0xc C:/Program Files/Microchip/MPLABX/v6.20/packs/Microchip/AVR-Dx_DFP/2.4.286/xc8/avr/lib/avrxmega4/memx-const/mapped/crtavr128db48.o
 *(.init2)
 *(.init3)
 *(.init3)
 *(.init4)
 .init4         0x0000000000000118       0x40 c:/program files/microchip/xc8/v3.00/avr/bin/../lib/gcc/avr/5.4.0/avrxmega4/memx-const/mapped\libgcc.a(_copy_data.o)
                0x0000000000000118                __do_copy_data
                0x000000000000014a                __do_clear_bss
 *(.init4)
 *(.init5)
 *(.init5)
 *(.init6)
 *(.init6)
 *(.init7)
 *(.init7)
 *(.init8)
 *(.init8)
 *(.init9)
 .init9         0x0000000000000158        0x8 C:/Program Files/Microchip/MPLABX/v6.20/packs/Microchip/AVR-Dx_DFP/2.4.286/xc8/avr/lib/avrxmega4/memx-const/mapped/crtavr128db48.o
 *(.init9)
                0x0000000000000160                . = ALIGN (0x2)
 *(.fini9)
 .fini9         0x0000000000000160        0x0 c:/program files/microchip/xc8/v3.00/avr/bin/../lib/gcc/avr/5.4.0/avrxmega4/memx-const/mapped\libgcc.a(_exit.o)
                0x0000000000000160                _exit
 *(.fini9)
 *(.fini8)
 *(.fini8)
 *(.fini7)
 *(.fini7)
 *(.fini6)
 *(.fini6)
 *(.fini5)
 *(.fini5)
 *(.fini4)
 *(.fini4)
 *(.fini3)
 *(.fini3)
 *(.fini2)
 *(.fini2)
 *(.fini1)
 *(.fini1)
 *(.fini0)
 .fini0         0x0000000000000160        0x4 c:/program files/microchip/xc8/v3.00/avr/bin/../lib/gcc/avr/5.4.0/avrxmega4/memx-const/mapped\libgcc.a(_exit.o)
 *(.fini0)
                0x0000000000000164                _etext = .

.data           0x0000000000804000        0x0 load address 0x0000000000000164
                [!provide]                        PROVIDE (__data_start, .)
 *(.gnu.linkonce.d*)
 *(.gnu.linkonce.r*)
                0x0000000000804000                . = ALIGN (0x2)
                0x0000000000804000                _edata = .
                [!provide]                        PROVIDE (__data_end, .)

.bss            0x0000000000804000        0x0
                [!provide]                        PROVIDE (__bss_start, .)
 *(COMMON)
                [!provide]                        PROVIDE (__bss_end, .)
                0x0000000000000164                __data_load_start = LOADADDR (.data)
                0x0000000000000164                __data_load_end = (__data_load_start + SIZEOF (.data))

.noinit         0x0000000000804000        0x0
                [!provide]                        PROVIDE (__noinit_start, .)
 *(.noinit*)
                [!provide]                        PROVIDE (__noinit_end, .)
                0x0000000000804000                _end = .

.eeprom         0x0000000000810000        0x0
 *(.eeprom*)
                0x0000000000810000                __eeprom_end = .

.fuse           0x0000000000820000        0x9
 *(.fuse)
 .fuse          0x0000000000820000        0x9 build/default/production/mcc_generated_files/system/src/config_bits.o
                0x0000000000820000                __fuse
 *(.lfuse)
 *(.hfuse)
 *(.efuse)

.lock
 *(.lock*)

.signature
 *(.signature*)

.user_signatures
 *(.user_signatures*)

.bootrow
 *(.bootrow*)

.stab
 *(.stab)

.stabstr
 *(.stabstr)

.stab.excl
 *(.stab.excl)

.stab.exclstr
 *(.stab.exclstr)

.stab.index
 *(.stab.index)

.stab.indexstr
 *(.stab.indexstr)

.comment        0x0000000000000000       0x5b
 *(.comment)
 .comment       0x0000000000000000       0x2f build/default/production/mcc_generated_files/system/src/system.o
                                         0x30 (size before relaxing)
 .comment       0x000000000000002f       0x30 build/default/production/mcc_generated_files/system/src/interrupt.o
 .comment       0x000000000000002f       0x30 build/default/production/mcc_generated_files/system/src/config_bits.o
 .comment       0x000000000000002f       0x30 build/default/production/mcc_generated_files/system/src/clock.o
 .comment       0x000000000000002f       0x30 build/default/production/main.o
 .comment       0x000000000000002f       0x30 build/default/production/mcc_generated_files/system/src/pins.o
 .comment       0x000000000000002f       0x30 build/default/production/mcc_generated_files/timer/src/tca0.o
 .comment       0x000000000000002f       0x2c c:/program files/microchip/xc8/v3.00/avr/bin/../lib/gcc/avr/5.4.0/../../../../avr/lib/avrxmega4/memx-const/mapped\libc.a(exit.o)
                                         0x2d (size before relaxing)
 .comment       0x000000000000005b       0x2d c:/program files/microchip/xc8/v3.00/avr/bin/../lib/gcc/avr/5.4.0/../../../../avr/lib/avrxmega4/memx-const/mapped\libc.a(_Exit.o)

.stack.descriptors.hdr
                0x0000000000000000       0x2a
 .stack.descriptors.hdr
                0x0000000000000000        0xe c:/program files/microchip/xc8/v3.00/avr/bin/../lib/gcc/avr/5.4.0/../../../../avr/lib/avrxmega4/memx-const/mapped\libc.a(exit.o)
 .stack.descriptors.hdr
                0x000000000000000e        0xe c:/program files/microchip/xc8/v3.00/avr/bin/../lib/gcc/avr/5.4.0/../../../../avr/lib/avrxmega4/memx-const/mapped\libc.a(_Exit.o)
 .stack.descriptors.hdr
                0x000000000000001c        0xe c:/program files/microchip/xc8/v3.00/avr/bin/../lib/gcc/avr/5.4.0/avrxmega4/memx-const/mapped\libgcc.a(_exit.o)

.note.GNU-stack
                0x0000000000000000        0x0
 .note.GNU-stack
                0x0000000000000000        0x0 c:/program files/microchip/xc8/v3.00/avr/bin/../lib/gcc/avr/5.4.0/../../../../avr/lib/avrxmega4/memx-const/mapped\libc.a(exit.o)
 .note.GNU-stack
                0x0000000000000000        0x0 c:/program files/microchip/xc8/v3.00/avr/bin/../lib/gcc/avr/5.4.0/../../../../avr/lib/avrxmega4/memx-const/mapped\libc.a(_Exit.o)

.note.gnu.build-id
 *(.note.gnu.build-id)

.debug
 *(.debug)

.line
 *(.line)

.debug_srcinfo
 *(.debug_srcinfo)

.debug_sfnames
 *(.debug_sfnames)

.debug_aranges  0x0000000000000000      0x210
 *(.debug_aranges)
 .debug_aranges
                0x0000000000000000       0x20 build/default/production/mcc_generated_files/system/src/system.o
 .debug_aranges
                0x0000000000000020       0x20 build/default/production/mcc_generated_files/system/src/interrupt.o
 .debug_aranges
                0x0000000000000040       0x18 build/default/production/mcc_generated_files/system/src/config_bits.o
 .debug_aranges
                0x0000000000000058       0x20 build/default/production/mcc_generated_files/system/src/protected_io.o
 .debug_aranges
                0x0000000000000078       0x30 build/default/production/mcc_generated_files/system/src/clock.o
 .debug_aranges
                0x00000000000000a8       0x30 build/default/production/main.o
 .debug_aranges
                0x00000000000000d8       0x80 build/default/production/mcc_generated_files/system/src/pins.o
 .debug_aranges
                0x0000000000000158       0xb8 build/default/production/mcc_generated_files/timer/src/tca0.o

.debug_pubnames
 *(.debug_pubnames)

.debug_info     0x0000000000000000     0x7a92
 *(.debug_info .gnu.linkonce.wi.*)
 .debug_info    0x0000000000000000     0x3545 C:/Program Files/Microchip/MPLABX/v6.20/packs/Microchip/AVR-Dx_DFP/2.4.286/xc8/avr/lib/avrxmega4/memx-const/mapped/crtavr128db48.o
 .debug_info    0x0000000000003545      0x323 build/default/production/mcc_generated_files/system/src/system.o
 .debug_info    0x0000000000003868      0x425 build/default/production/mcc_generated_files/system/src/interrupt.o
 .debug_info    0x0000000000003c8d      0x8d1 build/default/production/mcc_generated_files/system/src/config_bits.o
 .debug_info    0x000000000000455e       0xab build/default/production/mcc_generated_files/system/src/protected_io.o
 .debug_info    0x0000000000004609      0xf2c build/default/production/mcc_generated_files/system/src/clock.o
 .debug_info    0x0000000000005535      0xa0e build/default/production/main.o
 .debug_info    0x0000000000005f43      0x93e build/default/production/mcc_generated_files/system/src/pins.o
 .debug_info    0x0000000000006881     0x1211 build/default/production/mcc_generated_files/timer/src/tca0.o

.debug_abbrev   0x0000000000000000     0x39f4
 *(.debug_abbrev)
 .debug_abbrev  0x0000000000000000     0x3274 C:/Program Files/Microchip/MPLABX/v6.20/packs/Microchip/AVR-Dx_DFP/2.4.286/xc8/avr/lib/avrxmega4/memx-const/mapped/crtavr128db48.o
 .debug_abbrev  0x0000000000003274       0x58 build/default/production/mcc_generated_files/system/src/system.o
 .debug_abbrev  0x00000000000032cc       0xfa build/default/production/mcc_generated_files/system/src/interrupt.o
 .debug_abbrev  0x00000000000033c6       0x97 build/default/production/mcc_generated_files/system/src/config_bits.o
 .debug_abbrev  0x000000000000345d       0x14 build/default/production/mcc_generated_files/system/src/protected_io.o
 .debug_abbrev  0x0000000000003471      0x135 build/default/production/mcc_generated_files/system/src/clock.o
 .debug_abbrev  0x00000000000035a6      0x14e build/default/production/main.o
 .debug_abbrev  0x00000000000036f4      0x14a build/default/production/mcc_generated_files/system/src/pins.o
 .debug_abbrev  0x000000000000383e      0x1b6 build/default/production/mcc_generated_files/timer/src/tca0.o

.debug_line     0x0000000000000000     0x11d4
 *(.debug_line .debug_line.* .debug_line_end)
 .debug_line    0x0000000000000000      0x240 C:/Program Files/Microchip/MPLABX/v6.20/packs/Microchip/AVR-Dx_DFP/2.4.286/xc8/avr/lib/avrxmega4/memx-const/mapped/crtavr128db48.o
 .debug_line    0x0000000000000240       0xf2 build/default/production/mcc_generated_files/system/src/system.o
 .debug_line    0x0000000000000332      0x19c build/default/production/mcc_generated_files/system/src/interrupt.o
 .debug_line    0x00000000000004ce      0x103 build/default/production/mcc_generated_files/system/src/config_bits.o
 .debug_line    0x00000000000005d1       0x73 build/default/production/mcc_generated_files/system/src/protected_io.o
 .debug_line    0x0000000000000644      0x1d0 build/default/production/mcc_generated_files/system/src/clock.o
 .debug_line    0x0000000000000814      0x1c7 build/default/production/main.o
 .debug_line    0x00000000000009db      0x41e build/default/production/mcc_generated_files/system/src/pins.o
 .debug_line    0x0000000000000df9      0x3db build/default/production/mcc_generated_files/timer/src/tca0.o

.debug_frame    0x0000000000000000      0x3f4
 *(.debug_frame)
 .debug_frame   0x0000000000000000       0x24 build/default/production/mcc_generated_files/system/src/system.o
 .debug_frame   0x0000000000000024       0x24 build/default/production/mcc_generated_files/system/src/interrupt.o
 .debug_frame   0x0000000000000048       0x44 build/default/production/mcc_generated_files/system/src/clock.o
 .debug_frame   0x000000000000008c       0x44 build/default/production/main.o
 .debug_frame   0x00000000000000d0      0x188 build/default/production/mcc_generated_files/system/src/pins.o
 .debug_frame   0x0000000000000258      0x19c build/default/production/mcc_generated_files/timer/src/tca0.o

.debug_str      0x0000000000000000     0x18a0
 *(.debug_str)
 .debug_str     0x0000000000000000     0x170f C:/Program Files/Microchip/MPLABX/v6.20/packs/Microchip/AVR-Dx_DFP/2.4.286/xc8/avr/lib/avrxmega4/memx-const/mapped/crtavr128db48.o
 .debug_str     0x000000000000170f       0x4a build/default/production/mcc_generated_files/system/src/system.o
 .debug_str     0x0000000000001759       0x13 build/default/production/mcc_generated_files/system/src/interrupt.o
 .debug_str     0x000000000000176c        0x0 build/default/production/mcc_generated_files/system/src/config_bits.o
 .debug_str     0x000000000000176c       0x13 build/default/production/mcc_generated_files/system/src/clock.o
 .debug_str     0x000000000000177f       0x9a build/default/production/main.o
 .debug_str     0x0000000000001819       0x25 build/default/production/mcc_generated_files/system/src/pins.o
 .debug_str     0x000000000000183e       0x62 build/default/production/mcc_generated_files/timer/src/tca0.o

.debug_loc      0x0000000000000000      0x298
 *(.debug_loc)
 .debug_loc     0x0000000000000000       0x2a build/default/production/mcc_generated_files/system/src/interrupt.o
 .debug_loc     0x000000000000002a      0x23a build/default/production/mcc_generated_files/system/src/clock.o
 .debug_loc     0x0000000000000264       0x34 build/default/production/mcc_generated_files/timer/src/tca0.o

.debug_macinfo
 *(.debug_macinfo)

.debug_weaknames
 *(.debug_weaknames)

.debug_funcnames
 *(.debug_funcnames)

.debug_typenames
 *(.debug_typenames)

.debug_varnames
 *(.debug_varnames)

.debug_pubtypes
 *(.debug_pubtypes)

.debug_ranges   0x0000000000000000      0x178
 *(.debug_ranges)
 .debug_ranges  0x0000000000000000       0x10 build/default/production/mcc_generated_files/system/src/system.o
 .debug_ranges  0x0000000000000010       0x10 build/default/production/mcc_generated_files/system/src/interrupt.o
 .debug_ranges  0x0000000000000020       0x20 build/default/production/mcc_generated_files/system/src/clock.o
 .debug_ranges  0x0000000000000040       0x20 build/default/production/main.o
 .debug_ranges  0x0000000000000060       0x70 build/default/production/mcc_generated_files/system/src/pins.o
 .debug_ranges  0x00000000000000d0       0xa8 build/default/production/mcc_generated_files/timer/src/tca0.o

.debug_macro
 *(.debug_macro)
OUTPUT(dist/default/production/timer_compare.X.production.elf elf32-avr)
LOAD linker stubs
LOAD data_init

.note.gnu.avr.deviceinfo
                0x0000000000000000       0x40
 .note.gnu.avr.deviceinfo
                0x0000000000000000       0x40 C:/Program Files/Microchip/MPLABX/v6.20/packs/Microchip/AVR-Dx_DFP/2.4.286/xc8/avr/lib/avrxmega4/memx-const/mapped/crtavr128db48.o

.bss.started    0x0000000000804008        0x1
 .bss.started   0x0000000000804008        0x1 build/default/production/main.o
                0x0000000000804008                started

.bss.LED0_InterruptHandler
                0x0000000000804000        0x2
 .bss.LED0_InterruptHandler
                0x0000000000804000        0x2 build/default/production/mcc_generated_files/system/src/pins.o

.bss.SW0_InterruptHandler
                0x0000000000804002        0x2
 .bss.SW0_InterruptHandler
                0x0000000000804002        0x2 build/default/production/mcc_generated_files/system/src/pins.o

.bss.IO_PA0_InterruptHandler
                0x0000000000804004        0x2
 .bss.IO_PA0_InterruptHandler
                0x0000000000804004        0x2 build/default/production/mcc_generated_files/system/src/pins.o

.bss.TCA0_CMP0Callback
                0x0000000000804006        0x2
 .bss.TCA0_CMP0Callback
                0x0000000000804006        0x2 build/default/production/mcc_generated_files/timer/src/tca0.o

.text.PIN_MANAGER_Initialize
                0x0000000000000164      0x122
 .text.PIN_MANAGER_Initialize
                0x0000000000000164      0x122 build/default/production/mcc_generated_files/system/src/pins.o
                0x0000000000000164                PIN_MANAGER_Initialize

.text.CLOCK_Initialize
                0x0000000000000286       0x90
 .text.CLOCK_Initialize
                0x0000000000000286       0x90 build/default/production/mcc_generated_files/system/src/clock.o
                0x0000000000000286                CLOCK_Initialize

.text.__vector_45
                0x0000000000000316       0x6c
 .text.__vector_45
                0x0000000000000316       0x6c build/default/production/mcc_generated_files/system/src/pins.o
                0x0000000000000316                __vector_45

.text.__vector_11
                0x0000000000000382       0x60
 .text.__vector_11
                0x0000000000000382       0x60 build/default/production/mcc_generated_files/timer/src/tca0.o
                0x0000000000000382                __vector_11

.text.__vector_8
                0x00000000000003e2       0x5e
 .text.__vector_8
                0x00000000000003e2       0x5e build/default/production/mcc_generated_files/system/src/pins.o
                0x00000000000003e2                __vector_8

.text.TCA0_Initialize
                0x0000000000000440       0x3c
 .text.TCA0_Initialize
                0x0000000000000440       0x3c build/default/production/mcc_generated_files/timer/src/tca0.o
                0x0000000000000440                TCA0_Initialize

.text.CPUINT_Initialize
                0x000000000000047c       0x1a
 .text.CPUINT_Initialize
                0x000000000000047c       0x1a build/default/production/mcc_generated_files/system/src/interrupt.o
                0x000000000000047c                CPUINT_Initialize

.text.press     0x0000000000000496       0x16
 .text.press    0x0000000000000496       0x16 build/default/production/main.o
                0x0000000000000496                press

.text.main      0x00000000000004ac       0x16
 .text.main     0x00000000000004ac       0x16 build/default/production/main.o
                0x00000000000004ac                main

.text.exit      0x00000000000004c2       0x16
 .text.exit     0x00000000000004c2       0x16 c:/program files/microchip/xc8/v3.00/avr/bin/../lib/gcc/avr/5.4.0/../../../../avr/lib/avrxmega4/memx-const/mapped\libc.a(exit.o)
                0x00000000000004c2                exit

.text.timerInterrupt
                0x00000000000004d8       0x14
 .text.timerInterrupt
                0x00000000000004d8       0x14 build/default/production/main.o
                0x00000000000004d8                timerInterrupt

.text.SYSTEM_Initialize
                0x00000000000004ec       0x12
 .text.SYSTEM_Initialize
                0x00000000000004ec       0x12 build/default/production/mcc_generated_files/system/src/system.o
                0x00000000000004ec                SYSTEM_Initialize

.text.protected_write_io
                0x00000000000004fe        0xa
 .text.protected_write_io
                0x00000000000004fe        0xa build/default/production/mcc_generated_files/system/src/protected_io.o
                0x00000000000004fe                protected_write_io

.text.SW0_SetInterruptHandler
                0x0000000000000508        0xa
 .text.SW0_SetInterruptHandler
                0x0000000000000508        0xa build/default/production/mcc_generated_files/system/src/pins.o
                0x0000000000000508                SW0_SetInterruptHandler

.text.__vector_30
                0x0000000000000512        0xa
 .text.__vector_30
                0x0000000000000512        0xa build/default/production/mcc_generated_files/system/src/pins.o
                0x0000000000000512                __vector_30

.text.__vector_24
                0x000000000000051c        0xa
 .text.__vector_24
                0x000000000000051c        0xa build/default/production/mcc_generated_files/system/src/pins.o
                0x000000000000051c                __vector_24

.text.__vector_46
                0x0000000000000526        0xa
 .text.__vector_46
                0x0000000000000526        0xa build/default/production/mcc_generated_files/system/src/pins.o
                0x0000000000000526                __vector_46

.text.__vector_35
                0x0000000000000530        0xa
 .text.__vector_35
                0x0000000000000530        0xa build/default/production/mcc_generated_files/system/src/pins.o
                0x0000000000000530                __vector_35

.text.TCA0_Compare0CallbackRegister
                0x000000000000053a        0xa
 .text.TCA0_Compare0CallbackRegister
                0x000000000000053a        0xa build/default/production/mcc_generated_files/timer/src/tca0.o
                0x000000000000053a                TCA0_Compare0CallbackRegister

.text           0x0000000000000544        0x4
 .text          0x0000000000000544        0x4 C:/Program Files/Microchip/MPLABX/v6.20/packs/Microchip/AVR-Dx_DFP/2.4.286/xc8/avr/lib/avrxmega4/memx-const/mapped/crtavr128db48.o
                0x0000000000000544                __vector_38
                0x0000000000000544                __vector_22
                0x0000000000000544                __vector_28
                0x0000000000000544                __vector_1
                0x0000000000000544                __vector_32
                0x0000000000000544                __vector_34
                0x0000000000000544                __vector_12
                0x0000000000000544                __vector_55
                0x0000000000000544                __bad_interrupt
                0x0000000000000544                __vector_6
                0x0000000000000544                __vector_31
                0x0000000000000544                __vector_39
                0x0000000000000544                __vector_3
                0x0000000000000544                __vector_23
                0x0000000000000544                __vector_25
                0x0000000000000544                __vector_54
                0x0000000000000544                __vector_13
                0x0000000000000544                __vector_17
                0x0000000000000544                __vector_19
                0x0000000000000544                __vector_56
                0x0000000000000544                __vector_7
                0x0000000000000544                __vector_49
                0x0000000000000544                __vector_41
                0x0000000000000544                __vector_43
                0x0000000000000544                __vector_27
                0x0000000000000544                __vector_5
                0x0000000000000544                __vector_33
                0x0000000000000544                __vector_47
                0x0000000000000544                __vector_52
                0x0000000000000544                __vector_37
                0x0000000000000544                __vector_4
                0x0000000000000544                __vector_44
                0x0000000000000544                __vector_51
                0x0000000000000544                __vector_9
                0x0000000000000544                __vector_2
                0x0000000000000544                __vector_21
                0x0000000000000544                __vector_15
                0x0000000000000544                __vector_36
                0x0000000000000544                __vector_58
                0x0000000000000544                __vector_29
                0x0000000000000544                __vector_60
                0x0000000000000544                __vector_40
                0x0000000000000544                __vector_26
                0x0000000000000544                __vector_48
                0x0000000000000544                __vector_14
                0x0000000000000544                __vector_57
                0x0000000000000544                __vector_53
                0x0000000000000544                __vector_10
                0x0000000000000544                __vector_50
                0x0000000000000544                __vector_16
                0x0000000000000544                __vector_59
                0x0000000000000544                __vector_18
                0x0000000000000544                __vector_20
                0x0000000000000544                __vector_42

.text._Exit     0x0000000000000548        0x4
 .text._Exit    0x0000000000000548        0x4 c:/program files/microchip/xc8/v3.00/avr/bin/../lib/gcc/avr/5.4.0/../../../../avr/lib/avrxmega4/memx-const/mapped\libc.a(_Exit.o)
                0x0000000000000548                _Exit

.text.IO_PA0_DefaultInterruptHandler
                0x000000000000054c        0x2
 .text.IO_PA0_DefaultInterruptHandler
                0x000000000000054c        0x2 build/default/production/mcc_generated_files/system/src/pins.o
                0x000000000000054c                IO_PA0_DefaultInterruptHandler

.text.SW0_DefaultInterruptHandler
                0x000000000000054e        0x2
 .text.SW0_DefaultInterruptHandler
                0x000000000000054e        0x2 build/default/production/mcc_generated_files/system/src/pins.o
                0x000000000000054e                SW0_DefaultInterruptHandler

.text.LED0_DefaultInterruptHandler
                0x0000000000000550        0x2
 .text.LED0_DefaultInterruptHandler
                0x0000000000000550        0x2 build/default/production/mcc_generated_files/system/src/pins.o
                0x0000000000000550                LED0_DefaultInterruptHandler

.text.__dummy_fini
                0x0000000000000552        0x2
 .text.__dummy_fini
                0x0000000000000552        0x2 c:/program files/microchip/xc8/v3.00/avr/bin/../lib/gcc/avr/5.4.0/../../../../avr/lib/avrxmega4/memx-const/mapped\libc.a(exit.o)
                0x0000000000000552                _fini

.text.__dummy_funcs_on_exit
                0x0000000000000554        0x2
 .text.__dummy_funcs_on_exit
                0x0000000000000554        0x2 c:/program files/microchip/xc8/v3.00/avr/bin/../lib/gcc/avr/5.4.0/../../../../avr/lib/avrxmega4/memx-const/mapped\libc.a(exit.o)
                0x0000000000000554                __funcs_on_exit

.text.__dummy_simulator_exit
                0x0000000000000556        0x2
 .text.__dummy_simulator_exit
                0x0000000000000556        0x2 c:/program files/microchip/xc8/v3.00/avr/bin/../lib/gcc/avr/5.4.0/../../../../avr/lib/avrxmega4/memx-const/mapped\libc.a(exit.o)
                0x0000000000000556                __simulator_exit
