Archive member included to satisfy reference by file (symbol)

c:/program files/microchip/xc8/v3.00/avr/bin/../lib/gcc/avr/5.4.0/avrxmega4/memx-const/mapped\libgcc.a(_copy_data.o)
                              build/default/production/mcc_generated_files/system/src/config_bits.o (__do_copy_data)
c:/program files/microchip/xc8/v3.00/avr/bin/../lib/gcc/avr/5.4.0/../../../../avr/lib/avrxmega4/memx-const/mapped\libc.a(exit.o)
                              C:/Program Files/Microchip/MPLABX/v6.20/packs/Microchip/AVR-Dx_DFP/2.4.286/xc8/avr/lib/avrxmega4/memx-const/mapped/crtavr128db48.o (exit)
c:/program files/microchip/xc8/v3.00/avr/bin/../lib/gcc/avr/5.4.0/../../../../avr/lib/avrxmega4/memx-const/mapped\libc.a(_Exit.o)
                              c:/program files/microchip/xc8/v3.00/avr/bin/../lib/gcc/avr/5.4.0/../../../../avr/lib/avrxmega4/memx-const/mapped\libc.a(exit.o) (_Exit)
c:/program files/microchip/xc8/v3.00/avr/bin/../lib/gcc/avr/5.4.0/avrxmega4/memx-const/mapped\libgcc.a(_exit.o)
                              c:/program files/microchip/xc8/v3.00/avr/bin/../lib/gcc/avr/5.4.0/../../../../avr/lib/avrxmega4/memx-const/mapped\libc.a(_Exit.o) (_exit)

Discarded input sections

 .data          0x0000000000000000        0x0 C:/Program Files/Microchip/MPLABX/v6.20/packs/Microchip/AVR-Dx_DFP/2.4.286/xc8/avr/lib/avrxmega4/memx-const/mapped/crtavr128db48.o
 .bss           0x0000000000000000        0x0 C:/Program Files/Microchip/MPLABX/v6.20/packs/Microchip/AVR-Dx_DFP/2.4.286/xc8/avr/lib/avrxmega4/memx-const/mapped/crtavr128db48.o
 .text          0x0000000000000000        0x0 build/default/production/mcc_generated_files/adc/src/adc0.o
 .data          0x0000000000000000        0x0 build/default/production/mcc_generated_files/adc/src/adc0.o
 .bss           0x0000000000000000        0x0 build/default/production/mcc_generated_files/adc/src/adc0.o
 .text.ADC0_Deinitialize
                0x0000000000000000       0x28 build/default/production/mcc_generated_files/adc/src/adc0.o
 .text.ADC0_Enable
                0x0000000000000000        0xc build/default/production/mcc_generated_files/adc/src/adc0.o
 .text.ADC0_Disable
                0x0000000000000000        0xc build/default/production/mcc_generated_files/adc/src/adc0.o
 .text.ADC0_ChannelSelect
                0x0000000000000000        0x6 build/default/production/mcc_generated_files/adc/src/adc0.o
 .text.ADC0_ConversionStart
                0x0000000000000000        0xc build/default/production/mcc_generated_files/adc/src/adc0.o
 .text.ADC0_ConversionDoneInterruptEnable
                0x0000000000000000        0xc build/default/production/mcc_generated_files/adc/src/adc0.o
 .text.ADC0_ConversionDoneInterruptDisable
                0x0000000000000000        0xc build/default/production/mcc_generated_files/adc/src/adc0.o
 .text.ADC0_IsConversionDone
                0x0000000000000000        0xa build/default/production/mcc_generated_files/adc/src/adc0.o
 .text.ADC0_ConversionResultGet
                0x0000000000000000        0xa build/default/production/mcc_generated_files/adc/src/adc0.o
 .text.ADC0_ChannelSelectAndConvert
                0x0000000000000000       0x1c build/default/production/mcc_generated_files/adc/src/adc0.o
 .text.ADC0_ResolutionGet
                0x0000000000000000       0x10 build/default/production/mcc_generated_files/adc/src/adc0.o
 .text.ADC0_ConversionStop
                0x0000000000000000        0xc build/default/production/mcc_generated_files/adc/src/adc0.o
 .text.ADC0_SampleRepeatCountSet
                0x0000000000000000        0x8 build/default/production/mcc_generated_files/adc/src/adc0.o
 .text.ADC0_ComputationModeSet
                0x0000000000000000       0x1a build/default/production/mcc_generated_files/adc/src/adc0.o
 .text.ADC0_UpperThresholdSet
                0x0000000000000000        0xa build/default/production/mcc_generated_files/adc/src/adc0.o
 .text.ADC0_LowerThresholdSet
                0x0000000000000000        0xa build/default/production/mcc_generated_files/adc/src/adc0.o
 .text.ADC0_ThresholdModeSet
                0x0000000000000000        0x6 build/default/production/mcc_generated_files/adc/src/adc0.o
 .text.ADC0_ThresholdInterruptEnable
                0x0000000000000000        0xc build/default/production/mcc_generated_files/adc/src/adc0.o
 .text.ADC0_ThresholdInterruptDisable
                0x0000000000000000        0xc build/default/production/mcc_generated_files/adc/src/adc0.o
 .text.ADC0_AccumulatedResultGet
                0x0000000000000000        0xe build/default/production/mcc_generated_files/adc/src/adc0.o
 .text.ADC0_ThresholdCallbackRegister
                0x0000000000000000        0xa build/default/production/mcc_generated_files/adc/src/adc0.o
 .text.ADC0_ContinuousConversionEnable
                0x0000000000000000        0xc build/default/production/mcc_generated_files/adc/src/adc0.o
 .text.ADC0_ContinuousConversionDisable
                0x0000000000000000        0xc build/default/production/mcc_generated_files/adc/src/adc0.o
 .text.ADC0_AutoTriggerEnable
                0x0000000000000000        0xc build/default/production/mcc_generated_files/adc/src/adc0.o
 .text.ADC0_AutoTriggerDisable
                0x0000000000000000        0xc build/default/production/mcc_generated_files/adc/src/adc0.o
 .text.ADC0_IsConversionDoneInterruptFlagSet
                0x0000000000000000        0x8 build/default/production/mcc_generated_files/adc/src/adc0.o
 .text.ADC0_ConversionDoneInterruptFlagClear
                0x0000000000000000        0x8 build/default/production/mcc_generated_files/adc/src/adc0.o
 .text.ADC0_IsThresholdInterruptFlagSet
                0x0000000000000000        0xa build/default/production/mcc_generated_files/adc/src/adc0.o
 .text.ADC0_ThresholdInterruptFlagClear
                0x0000000000000000        0x8 build/default/production/mcc_generated_files/adc/src/adc0.o
 .text          0x0000000000000000        0x0 build/default/production/mcc_generated_files/evsys/src/evsys.o
 .data          0x0000000000000000        0x0 build/default/production/mcc_generated_files/evsys/src/evsys.o
 .bss           0x0000000000000000        0x0 build/default/production/mcc_generated_files/evsys/src/evsys.o
 .text.EVSYS_SoftwareEventASet
                0x0000000000000000        0x6 build/default/production/mcc_generated_files/evsys/src/evsys.o
 .text.EVSYS_SoftwareEventBSet
                0x0000000000000000        0x6 build/default/production/mcc_generated_files/evsys/src/evsys.o
 .text          0x0000000000000000        0x0 build/default/production/mcc_generated_files/system/src/config_bits.o
 .data          0x0000000000000000        0x0 build/default/production/mcc_generated_files/system/src/config_bits.o
 .bss           0x0000000000000000        0x0 build/default/production/mcc_generated_files/system/src/config_bits.o
 .text          0x0000000000000000        0x0 build/default/production/mcc_generated_files/system/src/system.o
 .data          0x0000000000000000        0x0 build/default/production/mcc_generated_files/system/src/system.o
 .bss           0x0000000000000000        0x0 build/default/production/mcc_generated_files/system/src/system.o
 .text          0x0000000000000000        0x0 build/default/production/mcc_generated_files/system/src/protected_io.o
 .data          0x0000000000000000        0x0 build/default/production/mcc_generated_files/system/src/protected_io.o
 .bss           0x0000000000000000        0x0 build/default/production/mcc_generated_files/system/src/protected_io.o
 .text          0x0000000000000000        0x0 build/default/production/mcc_generated_files/system/src/pins.o
 .data          0x0000000000000000        0x0 build/default/production/mcc_generated_files/system/src/pins.o
 .bss           0x0000000000000000        0x0 build/default/production/mcc_generated_files/system/src/pins.o
 .text.IO_PB3_SetInterruptHandler
                0x0000000000000000        0xa build/default/production/mcc_generated_files/system/src/pins.o
 .text.IO_PB1_SetInterruptHandler
                0x0000000000000000        0xa build/default/production/mcc_generated_files/system/src/pins.o
 .text.IO_PB0_SetInterruptHandler
                0x0000000000000000        0xa build/default/production/mcc_generated_files/system/src/pins.o
 .text.IO_PD4_SetInterruptHandler
                0x0000000000000000        0xa build/default/production/mcc_generated_files/system/src/pins.o
 .text          0x0000000000000000        0x0 build/default/production/mcc_generated_files/system/src/interrupt.o
 .data          0x0000000000000000        0x0 build/default/production/mcc_generated_files/system/src/interrupt.o
 .bss           0x0000000000000000        0x0 build/default/production/mcc_generated_files/system/src/interrupt.o
 .text          0x0000000000000000        0x0 build/default/production/mcc_generated_files/system/src/clock.o
 .data          0x0000000000000000        0x0 build/default/production/mcc_generated_files/system/src/clock.o
 .bss           0x0000000000000000        0x0 build/default/production/mcc_generated_files/system/src/clock.o
 .text.CFD_Enable
                0x0000000000000000       0x10 build/default/production/mcc_generated_files/system/src/clock.o
 .text.CFD_Disable
                0x0000000000000000       0x12 build/default/production/mcc_generated_files/system/src/clock.o
 .text          0x0000000000000000        0x0 build/default/production/mcc_generated_files/timer/src/rtc.o
 .data          0x0000000000000000        0x0 build/default/production/mcc_generated_files/timer/src/rtc.o
 .bss           0x0000000000000000        0x0 build/default/production/mcc_generated_files/timer/src/rtc.o
 .text.RTC_Start
                0x0000000000000000        0xc build/default/production/mcc_generated_files/timer/src/rtc.o
 .text.RTC_Stop
                0x0000000000000000        0xc build/default/production/mcc_generated_files/timer/src/rtc.o
 .text.RTC_SetOVFIsrCallback
                0x0000000000000000        0xa build/default/production/mcc_generated_files/timer/src/rtc.o
 .text.RTC_SetCMPIsrCallback
                0x0000000000000000        0xa build/default/production/mcc_generated_files/timer/src/rtc.o
 .text.RTC_SetPITIsrCallback
                0x0000000000000000        0xa build/default/production/mcc_generated_files/timer/src/rtc.o
 .text.RTC_WriteCounter
                0x0000000000000000       0x16 build/default/production/mcc_generated_files/timer/src/rtc.o
 .text.RTC_ReadCounter
                0x0000000000000000        0xa build/default/production/mcc_generated_files/timer/src/rtc.o
 .text.RTC_WritePeriod
                0x0000000000000000       0x16 build/default/production/mcc_generated_files/timer/src/rtc.o
 .text.RTC_ReadPeriod
                0x0000000000000000        0xa build/default/production/mcc_generated_files/timer/src/rtc.o
 .text.RTC_EnableCMPInterrupt
                0x0000000000000000        0xc build/default/production/mcc_generated_files/timer/src/rtc.o
 .text.RTC_DisableCMPInterrupt
                0x0000000000000000        0xc build/default/production/mcc_generated_files/timer/src/rtc.o
 .text.RTC_EnableOVFInterrupt
                0x0000000000000000        0xc build/default/production/mcc_generated_files/timer/src/rtc.o
 .text.RTC_DisableOVFInterrupt
                0x0000000000000000        0xc build/default/production/mcc_generated_files/timer/src/rtc.o
 .text.RTC_EnablePITInterrupt
                0x0000000000000000        0xc build/default/production/mcc_generated_files/timer/src/rtc.o
 .text.RTC_DisablePITInterrupt
                0x0000000000000000        0xc build/default/production/mcc_generated_files/timer/src/rtc.o
 .text.RTC_ClearOVFInterruptFlag
                0x0000000000000000        0x8 build/default/production/mcc_generated_files/timer/src/rtc.o
 .text.RTC_IsOVFInterruptEnabled
                0x0000000000000000        0xc build/default/production/mcc_generated_files/timer/src/rtc.o
 .text.RTC_WriteCMPRegister
                0x0000000000000000        0xa build/default/production/mcc_generated_files/timer/src/rtc.o
 .text.RTC_ReadCMPRegister
                0x0000000000000000        0xa build/default/production/mcc_generated_files/timer/src/rtc.o
 .text          0x0000000000000000        0x0 build/default/production/mcc_generated_files/timer/src/tca0.o
 .data          0x0000000000000000        0x0 build/default/production/mcc_generated_files/timer/src/tca0.o
 .bss           0x0000000000000000        0x0 build/default/production/mcc_generated_files/timer/src/tca0.o
 .text.TCA0_Deinitialize
                0x0000000000000000       0x32 build/default/production/mcc_generated_files/timer/src/tca0.o
 .text.TCA0_Start
                0x0000000000000000        0xc build/default/production/mcc_generated_files/timer/src/tca0.o
 .text.TCA0_Stop
                0x0000000000000000        0xc build/default/production/mcc_generated_files/timer/src/tca0.o
 .text.TCA0_LowCounterSet
                0x0000000000000000        0x6 build/default/production/mcc_generated_files/timer/src/tca0.o
 .text.TCA0_LowCounterGet
                0x0000000000000000        0x6 build/default/production/mcc_generated_files/timer/src/tca0.o
 .text.TCA0_HighCounterSet
                0x0000000000000000        0x6 build/default/production/mcc_generated_files/timer/src/tca0.o
 .text.TCA0_HighCounterGet
                0x0000000000000000        0x6 build/default/production/mcc_generated_files/timer/src/tca0.o
 .text.TCA0_HighPeriodSet
                0x0000000000000000        0x6 build/default/production/mcc_generated_files/timer/src/tca0.o
 .text.TCA0_LowPeriodSet
                0x0000000000000000        0x6 build/default/production/mcc_generated_files/timer/src/tca0.o
 .text.TCA0_HighPeriodGet
                0x0000000000000000        0x6 build/default/production/mcc_generated_files/timer/src/tca0.o
 .text.TCA0_LowPeriodGet
                0x0000000000000000        0x6 build/default/production/mcc_generated_files/timer/src/tca0.o
 .text.TCA0_MaxCountGet
                0x0000000000000000        0x4 build/default/production/mcc_generated_files/timer/src/tca0.o
 .text.TCA0_HUNFInterruptFlagClear
                0x0000000000000000        0x8 build/default/production/mcc_generated_files/timer/src/tca0.o
 .text.TCA0_HUNFInterruptStatusGet
                0x0000000000000000        0xc build/default/production/mcc_generated_files/timer/src/tca0.o
 .text.TCA0_LUNFInterruptFlagClear
                0x0000000000000000        0x8 build/default/production/mcc_generated_files/timer/src/tca0.o
 .text.TCA0_LUNFInterruptStatusGet
                0x0000000000000000        0xc build/default/production/mcc_generated_files/timer/src/tca0.o
 .text.TCA0_LCMP0InterruptFlagClear
                0x0000000000000000        0x8 build/default/production/mcc_generated_files/timer/src/tca0.o
 .text.TCA0_LCMP0InterruptStatusGet
                0x0000000000000000        0xc build/default/production/mcc_generated_files/timer/src/tca0.o
 .text.TCA0_LCMP1InterruptFlagClear
                0x0000000000000000        0x8 build/default/production/mcc_generated_files/timer/src/tca0.o
 .text.TCA0_LCMP1InterruptStatusGet
                0x0000000000000000        0xc build/default/production/mcc_generated_files/timer/src/tca0.o
 .text.TCA0_LCMP2InterruptFlagClear
                0x0000000000000000        0x8 build/default/production/mcc_generated_files/timer/src/tca0.o
 .text.TCA0_LCMP2InterruptStatusGet
                0x0000000000000000        0xc build/default/production/mcc_generated_files/timer/src/tca0.o
 .text.TCA0_Tasks
                0x0000000000000000       0x8e build/default/production/mcc_generated_files/timer/src/tca0.o
 .text.TCA0_HighCountCallbackRegister
                0x0000000000000000        0xa build/default/production/mcc_generated_files/timer/src/tca0.o
 .text.TCA0_LowCompare0CallbackRegister
                0x0000000000000000        0xa build/default/production/mcc_generated_files/timer/src/tca0.o
 .text.TCA0_LowCompare1CallbackRegister
                0x0000000000000000        0xa build/default/production/mcc_generated_files/timer/src/tca0.o
 .text.TCA0_LowCompare2CallbackRegister
                0x0000000000000000        0xa build/default/production/mcc_generated_files/timer/src/tca0.o
 .text.TCA0_LowCountCallbackRegister
                0x0000000000000000        0xa build/default/production/mcc_generated_files/timer/src/tca0.o
 .bss.TCA0_LCNT_Callback
                0x0000000000000000        0x2 build/default/production/mcc_generated_files/timer/src/tca0.o
 .bss.TCA0_LCMP2_Callback
                0x0000000000000000        0x2 build/default/production/mcc_generated_files/timer/src/tca0.o
 .bss.TCA0_LCMP1_Callback
                0x0000000000000000        0x2 build/default/production/mcc_generated_files/timer/src/tca0.o
 .bss.TCA0_LCMP0_Callback
                0x0000000000000000        0x2 build/default/production/mcc_generated_files/timer/src/tca0.o
 .bss.TCA0_HCNT_Callback
                0x0000000000000000        0x2 build/default/production/mcc_generated_files/timer/src/tca0.o
 .text          0x0000000000000000        0x0 build/default/production/mcc_generated_files/vref/src/vref.o
 .data          0x0000000000000000        0x0 build/default/production/mcc_generated_files/vref/src/vref.o
 .bss           0x0000000000000000        0x0 build/default/production/mcc_generated_files/vref/src/vref.o
 .text          0x0000000000000000        0x0 build/default/production/main.o
 .data          0x0000000000000000        0x0 build/default/production/main.o
 .bss           0x0000000000000000        0x0 build/default/production/main.o
 .text          0x0000000000000000        0x0 build/default/production/mcc_generated_files/uart/src/usart3.o
 .data          0x0000000000000000        0x0 build/default/production/mcc_generated_files/uart/src/usart3.o
 .bss           0x0000000000000000        0x0 build/default/production/mcc_generated_files/uart/src/usart3.o
 .text.USART3_Deinitialize
                0x0000000000000000       0x18 build/default/production/mcc_generated_files/uart/src/usart3.o
 .text.USART3_TransmitEnable
                0x0000000000000000        0xc build/default/production/mcc_generated_files/uart/src/usart3.o
 .text.USART3_TransmitDisable
                0x0000000000000000        0xc build/default/production/mcc_generated_files/uart/src/usart3.o
 .text.USART3_AutoBaudSet
                0x0000000000000000       0x28 build/default/production/mcc_generated_files/uart/src/usart3.o
 .text.USART3_AutoBaudQuery
                0x0000000000000000        0xa build/default/production/mcc_generated_files/uart/src/usart3.o
 .text.USART3_IsRxReady
                0x0000000000000000        0xc build/default/production/mcc_generated_files/uart/src/usart3.o
 .text.USART3_IsTxReady
                0x0000000000000000        0xc build/default/production/mcc_generated_files/uart/src/usart3.o
 .text.USART3_IsTxDone
                0x0000000000000000        0xc build/default/production/mcc_generated_files/uart/src/usart3.o
 .text.USART3_ErrorGet
                0x0000000000000000       0x72 build/default/production/mcc_generated_files/uart/src/usart3.o
 .text.USART3_Read
                0x0000000000000000        0x6 build/default/production/mcc_generated_files/uart/src/usart3.o
 .text.USART3_Write
                0x0000000000000000        0x6 build/default/production/mcc_generated_files/uart/src/usart3.o
 .text.USART3_FramingErrorCallbackRegister
                0x0000000000000000        0xe build/default/production/mcc_generated_files/uart/src/usart3.o
 .text.USART3_OverrunErrorCallbackRegister
                0x0000000000000000        0xe build/default/production/mcc_generated_files/uart/src/usart3.o
 .text.USART3_ParityErrorCallbackRegister
                0x0000000000000000        0xe build/default/production/mcc_generated_files/uart/src/usart3.o
 .text.USART3_Enable
                0x0000000000000000        0xc build/default/production/mcc_generated_files/uart/src/usart3.o
 .text.USART3_Disable
                0x0000000000000000        0xc build/default/production/mcc_generated_files/uart/src/usart3.o
 .text.USART3_ReceiveEnable
                0x0000000000000000        0xc build/default/production/mcc_generated_files/uart/src/usart3.o
 .text.USART3_ReceiveDisable
                0x0000000000000000        0xc build/default/production/mcc_generated_files/uart/src/usart3.o
 .text.USART3_IsAutoBaudDetectError
                0x0000000000000000        0xc build/default/production/mcc_generated_files/uart/src/usart3.o
 .text.USART3_AutoBaudDetectErrorReset
                0x0000000000000000       0x28 build/default/production/mcc_generated_files/uart/src/usart3.o
 .rodata.UART1  0x0000000000000000       0x30 build/default/production/mcc_generated_files/uart/src/usart3.o
 .text          0x0000000000000000        0x0 c:/program files/microchip/xc8/v3.00/avr/bin/../lib/gcc/avr/5.4.0/avrxmega4/memx-const/mapped\libgcc.a(_copy_data.o)
 .data          0x0000000000000000        0x0 c:/program files/microchip/xc8/v3.00/avr/bin/../lib/gcc/avr/5.4.0/avrxmega4/memx-const/mapped\libgcc.a(_copy_data.o)
 .bss           0x0000000000000000        0x0 c:/program files/microchip/xc8/v3.00/avr/bin/../lib/gcc/avr/5.4.0/avrxmega4/memx-const/mapped\libgcc.a(_copy_data.o)
 .text.libgcc.mul
                0x0000000000000000        0x0 c:/program files/microchip/xc8/v3.00/avr/bin/../lib/gcc/avr/5.4.0/avrxmega4/memx-const/mapped\libgcc.a(_copy_data.o)
 .text.libgcc.div
                0x0000000000000000        0x0 c:/program files/microchip/xc8/v3.00/avr/bin/../lib/gcc/avr/5.4.0/avrxmega4/memx-const/mapped\libgcc.a(_copy_data.o)
 .text.libgcc   0x0000000000000000        0x0 c:/program files/microchip/xc8/v3.00/avr/bin/../lib/gcc/avr/5.4.0/avrxmega4/memx-const/mapped\libgcc.a(_copy_data.o)
 .text.libgcc.prologue
                0x0000000000000000        0x0 c:/program files/microchip/xc8/v3.00/avr/bin/../lib/gcc/avr/5.4.0/avrxmega4/memx-const/mapped\libgcc.a(_copy_data.o)
 .text.libgcc.builtins
                0x0000000000000000        0x0 c:/program files/microchip/xc8/v3.00/avr/bin/../lib/gcc/avr/5.4.0/avrxmega4/memx-const/mapped\libgcc.a(_copy_data.o)
 .text.libgcc.fmul
                0x0000000000000000        0x0 c:/program files/microchip/xc8/v3.00/avr/bin/../lib/gcc/avr/5.4.0/avrxmega4/memx-const/mapped\libgcc.a(_copy_data.o)
 .text.libgcc.fixed
                0x0000000000000000        0x0 c:/program files/microchip/xc8/v3.00/avr/bin/../lib/gcc/avr/5.4.0/avrxmega4/memx-const/mapped\libgcc.a(_copy_data.o)
 .text          0x0000000000000000        0x0 c:/program files/microchip/xc8/v3.00/avr/bin/../lib/gcc/avr/5.4.0/../../../../avr/lib/avrxmega4/memx-const/mapped\libc.a(exit.o)
 .data          0x0000000000000000        0x0 c:/program files/microchip/xc8/v3.00/avr/bin/../lib/gcc/avr/5.4.0/../../../../avr/lib/avrxmega4/memx-const/mapped\libc.a(exit.o)
 .bss           0x0000000000000000        0x0 c:/program files/microchip/xc8/v3.00/avr/bin/../lib/gcc/avr/5.4.0/../../../../avr/lib/avrxmega4/memx-const/mapped\libc.a(exit.o)
 .stack.descriptors
                0x0000000000000000       0x73 c:/program files/microchip/xc8/v3.00/avr/bin/../lib/gcc/avr/5.4.0/../../../../avr/lib/avrxmega4/memx-const/mapped\libc.a(exit.o)
 .text          0x0000000000000000        0x0 c:/program files/microchip/xc8/v3.00/avr/bin/../lib/gcc/avr/5.4.0/../../../../avr/lib/avrxmega4/memx-const/mapped\libc.a(_Exit.o)
 .data          0x0000000000000000        0x0 c:/program files/microchip/xc8/v3.00/avr/bin/../lib/gcc/avr/5.4.0/../../../../avr/lib/avrxmega4/memx-const/mapped\libc.a(_Exit.o)
 .bss           0x0000000000000000        0x0 c:/program files/microchip/xc8/v3.00/avr/bin/../lib/gcc/avr/5.4.0/../../../../avr/lib/avrxmega4/memx-const/mapped\libc.a(_Exit.o)
 .stack.descriptors
                0x0000000000000000       0x13 c:/program files/microchip/xc8/v3.00/avr/bin/../lib/gcc/avr/5.4.0/../../../../avr/lib/avrxmega4/memx-const/mapped\libc.a(_Exit.o)
 .text          0x0000000000000000        0x0 c:/program files/microchip/xc8/v3.00/avr/bin/../lib/gcc/avr/5.4.0/avrxmega4/memx-const/mapped\libgcc.a(_exit.o)
 .data          0x0000000000000000        0x0 c:/program files/microchip/xc8/v3.00/avr/bin/../lib/gcc/avr/5.4.0/avrxmega4/memx-const/mapped\libgcc.a(_exit.o)
 .bss           0x0000000000000000        0x0 c:/program files/microchip/xc8/v3.00/avr/bin/../lib/gcc/avr/5.4.0/avrxmega4/memx-const/mapped\libgcc.a(_exit.o)
 .text.libgcc.mul
                0x0000000000000000        0x0 c:/program files/microchip/xc8/v3.00/avr/bin/../lib/gcc/avr/5.4.0/avrxmega4/memx-const/mapped\libgcc.a(_exit.o)
 .text.libgcc.div
                0x0000000000000000        0x0 c:/program files/microchip/xc8/v3.00/avr/bin/../lib/gcc/avr/5.4.0/avrxmega4/memx-const/mapped\libgcc.a(_exit.o)
 .text.libgcc   0x0000000000000000        0x0 c:/program files/microchip/xc8/v3.00/avr/bin/../lib/gcc/avr/5.4.0/avrxmega4/memx-const/mapped\libgcc.a(_exit.o)
 .text.libgcc.prologue
                0x0000000000000000        0x0 c:/program files/microchip/xc8/v3.00/avr/bin/../lib/gcc/avr/5.4.0/avrxmega4/memx-const/mapped\libgcc.a(_exit.o)
 .stack.descriptors
                0x0000000000000000       0x13 c:/program files/microchip/xc8/v3.00/avr/bin/../lib/gcc/avr/5.4.0/avrxmega4/memx-const/mapped\libgcc.a(_exit.o)
 .text.libgcc.builtins
                0x0000000000000000        0x0 c:/program files/microchip/xc8/v3.00/avr/bin/../lib/gcc/avr/5.4.0/avrxmega4/memx-const/mapped\libgcc.a(_exit.o)
 .text.libgcc.fmul
                0x0000000000000000        0x0 c:/program files/microchip/xc8/v3.00/avr/bin/../lib/gcc/avr/5.4.0/avrxmega4/memx-const/mapped\libgcc.a(_exit.o)
 .text.libgcc.fixed
                0x0000000000000000        0x0 c:/program files/microchip/xc8/v3.00/avr/bin/../lib/gcc/avr/5.4.0/avrxmega4/memx-const/mapped\libgcc.a(_exit.o)

Memory Configuration

Name             Origin             Length             Attributes
text             0x0000000000000000 0x0000000000020000 xr
data             0x0000000000804000 0x0000000000004000 rw !x
eeprom           0x0000000000810000 0x0000000000000200 rw !x
fuse             0x0000000000820000 0x0000000000000010 rw !x
lock             0x0000000000830000 0x0000000000000400 rw !x
signature        0x0000000000840000 0x0000000000000400 rw !x
user_signatures  0x0000000000850000 0x0000000000000400 rw !x
bootrow          0x0000000000860000 0x0000000000000400 rw !x
*default*        0x0000000000000000 0xffffffffffffffff

Linker script and memory map

Address of section .data set to 0x804000
                0x0000000000008000                __RODATA_PM_OFFSET__ = 0x8000
LOAD C:/Program Files/Microchip/MPLABX/v6.20/packs/Microchip/AVR-Dx_DFP/2.4.286/xc8/avr/lib/avrxmega4/memx-const/mapped/crtavr128db48.o
                0x0000000000000001                __MPLAB_BUILD = 0x1
LOAD build/default/production/mcc_generated_files/adc/src/adc0.o
LOAD build/default/production/mcc_generated_files/evsys/src/evsys.o
LOAD build/default/production/mcc_generated_files/system/src/config_bits.o
LOAD build/default/production/mcc_generated_files/system/src/system.o
LOAD build/default/production/mcc_generated_files/system/src/protected_io.o
LOAD build/default/production/mcc_generated_files/system/src/pins.o
LOAD build/default/production/mcc_generated_files/system/src/interrupt.o
LOAD build/default/production/mcc_generated_files/system/src/clock.o
LOAD build/default/production/mcc_generated_files/timer/src/rtc.o
LOAD build/default/production/mcc_generated_files/timer/src/tca0.o
LOAD build/default/production/mcc_generated_files/vref/src/vref.o
LOAD build/default/production/main.o
LOAD build/default/production/mcc_generated_files/uart/src/usart3.o
START GROUP
LOAD c:/program files/microchip/xc8/v3.00/avr/bin/../lib/gcc/avr/5.4.0/../../../../avr/lib/avrxmega4/memx-const/mapped\libm.a
END GROUP
START GROUP
LOAD c:/program files/microchip/xc8/v3.00/avr/bin/../lib/gcc/avr/5.4.0/avrxmega4/memx-const/mapped\libgcc.a
LOAD c:/program files/microchip/xc8/v3.00/avr/bin/../lib/gcc/avr/5.4.0/../../../../avr/lib/avrxmega4/memx-const/mapped\libm.a
LOAD c:/program files/microchip/xc8/v3.00/avr/bin/../lib/gcc/avr/5.4.0/../../../../avr/lib/avrxmega4/memx-const/mapped\libc.a
LOAD C:/Program Files/Microchip/MPLABX/v6.20/packs/Microchip/AVR-Dx_DFP/2.4.286/xc8/avr/lib/avrxmega4/memx-const/mapped\libavr128db48.a
END GROUP
                [0x0000000000000000]                __TEXT_REGION_ORIGIN__ = DEFINED (__TEXT_REGION_ORIGIN__)?__TEXT_REGION_ORIGIN__:0x0
                [0x0000000000804000]                __DATA_REGION_ORIGIN__ = DEFINED (__DATA_REGION_ORIGIN__)?__DATA_REGION_ORIGIN__:0x802000
                [0x0000000000020000]                __TEXT_REGION_LENGTH__ = DEFINED (__TEXT_REGION_LENGTH__)?__TEXT_REGION_LENGTH__:0x100000
                [0x0000000000004000]                __DATA_REGION_LENGTH__ = DEFINED (__DATA_REGION_LENGTH__)?__DATA_REGION_LENGTH__:0xffa0
                [0x0000000000000200]                __EEPROM_REGION_LENGTH__ = DEFINED (__EEPROM_REGION_LENGTH__)?__EEPROM_REGION_LENGTH__:0x10000
                [0x0000000000000010]                __FUSE_REGION_LENGTH__ = DEFINED (__FUSE_REGION_LENGTH__)?__FUSE_REGION_LENGTH__:0x400
                0x0000000000000400                __LOCK_REGION_LENGTH__ = DEFINED (__LOCK_REGION_LENGTH__)?__LOCK_REGION_LENGTH__:0x400
                0x0000000000000400                __SIGNATURE_REGION_LENGTH__ = DEFINED (__SIGNATURE_REGION_LENGTH__)?__SIGNATURE_REGION_LENGTH__:0x400
                0x0000000000000400                __USER_SIGNATURE_REGION_LENGTH__ = DEFINED (__USER_SIGNATURE_REGION_LENGTH__)?__USER_SIGNATURE_REGION_LENGTH__:0x400
                0x0000000000000400                __BOOTROW_REGION_LENGTH__ = DEFINED (__BOOTROW_REGION_LENGTH__)?__BOOTROW_REGION_LENGTH__:0x400

.hash
 *(.hash)

.dynsym
 *(.dynsym)

.dynstr
 *(.dynstr)

.gnu.version
 *(.gnu.version)

.gnu.version_d
 *(.gnu.version_d)

.gnu.version_r
 *(.gnu.version_r)

.rel.init
 *(.rel.init)

.rela.init
 *(.rela.init)

.rel.text
 *(.rel.text)
 *(.rel.text.*)
 *(.rel.gnu.linkonce.t*)

.rela.text
 *(.rela.text)
 *(.rela.text.*)
 *(.rela.gnu.linkonce.t*)

.rel.fini
 *(.rel.fini)

.rela.fini
 *(.rela.fini)

.rel.rodata
 *(.rel.rodata)
 *(.rel.rodata.*)
 *(.rel.gnu.linkonce.r*)

.rela.rodata
 *(.rela.rodata)
 *(.rela.rodata.*)
 *(.rela.gnu.linkonce.r*)

.rel.data
 *(.rel.data)
 *(.rel.data.*)
 *(.rel.gnu.linkonce.d*)

.rela.data
 *(.rela.data)
 *(.rela.data.*)
 *(.rela.gnu.linkonce.d*)

.rel.ctors
 *(.rel.ctors)

.rela.ctors
 *(.rela.ctors)

.rel.dtors
 *(.rel.dtors)

.rela.dtors
 *(.rela.dtors)

.rel.got
 *(.rel.got)

.rela.got
 *(.rela.got)

.rel.bss
 *(.rel.bss)

.rela.bss
 *(.rela.bss)

.rel.plt
 *(.rel.plt)

.rela.plt
 *(.rela.plt)

.text           0x0000000000000000      0x164
 *(.vectors)
 .vectors       0x0000000000000000       0xf4 C:/Program Files/Microchip/MPLABX/v6.20/packs/Microchip/AVR-Dx_DFP/2.4.286/xc8/avr/lib/avrxmega4/memx-const/mapped/crtavr128db48.o
                0x0000000000000000                __vector_default
                0x0000000000000000                __vectors
 *(.vectors)
 *(.progmem.gcc*)
 *(.dinit)
 .dinit         0x00000000000000f4        0x5 data_init
                0x00000000000000fa                . = ALIGN (0x2)
 *fill*         0x00000000000000f9        0x1 
                0x00000000000000fa                __trampolines_start = .
 *(.trampolines)
 .trampolines   0x00000000000000fa        0x0 linker stubs
 *(.trampolines*)
                0x00000000000000fa                __trampolines_end = .
 *libprintf_flt.a:*(.progmem.data)
 *libc.a:*(.progmem.data)
                0x00000000000000fa                . = ALIGN (0x2)
 *(.jumptables)
 *(.jumptables*)
 *(.lowtext)
 *(.lowtext*)
                0x00000000000000fa                __ctors_start = .
 *(.ctors)
                0x00000000000000fa                __ctors_end = .
                0x00000000000000fa                __dtors_start = .
 *(.dtors)
                0x00000000000000fa                __dtors_end = .
 SORT(*)(.ctors)
 SORT(*)(.dtors)
 *(.init0)
 .init0         0x00000000000000fa        0x0 C:/Program Files/Microchip/MPLABX/v6.20/packs/Microchip/AVR-Dx_DFP/2.4.286/xc8/avr/lib/avrxmega4/memx-const/mapped/crtavr128db48.o
                0x00000000000000fa                __init
 *(.init0)
 *(.init1)
 .init1         0x00000000000000fa       0x12 C:/Program Files/Microchip/MPLABX/v6.20/packs/Microchip/AVR-Dx_DFP/2.4.286/xc8/avr/lib/avrxmega4/memx-const/mapped/crtavr128db48.o
 *(.init1)
 *(.init2)
 .init2         0x000000000000010c        0xc C:/Program Files/Microchip/MPLABX/v6.20/packs/Microchip/AVR-Dx_DFP/2.4.286/xc8/avr/lib/avrxmega4/memx-const/mapped/crtavr128db48.o
 *(.init2)
 *(.init3)
 *(.init3)
 *(.init4)
 .init4         0x0000000000000118       0x40 c:/program files/microchip/xc8/v3.00/avr/bin/../lib/gcc/avr/5.4.0/avrxmega4/memx-const/mapped\libgcc.a(_copy_data.o)
                0x0000000000000118                __do_copy_data
                0x000000000000014a                __do_clear_bss
 *(.init4)
 *(.init5)
 *(.init5)
 *(.init6)
 *(.init6)
 *(.init7)
 *(.init7)
 *(.init8)
 *(.init8)
 *(.init9)
 .init9         0x0000000000000158        0x8 C:/Program Files/Microchip/MPLABX/v6.20/packs/Microchip/AVR-Dx_DFP/2.4.286/xc8/avr/lib/avrxmega4/memx-const/mapped/crtavr128db48.o
 *(.init9)
                0x0000000000000160                . = ALIGN (0x2)
 *(.fini9)
 .fini9         0x0000000000000160        0x0 c:/program files/microchip/xc8/v3.00/avr/bin/../lib/gcc/avr/5.4.0/avrxmega4/memx-const/mapped\libgcc.a(_exit.o)
                0x0000000000000160                _exit
 *(.fini9)
 *(.fini8)
 *(.fini8)
 *(.fini7)
 *(.fini7)
 *(.fini6)
 *(.fini6)
 *(.fini5)
 *(.fini5)
 *(.fini4)
 *(.fini4)
 *(.fini3)
 *(.fini3)
 *(.fini2)
 *(.fini2)
 *(.fini1)
 *(.fini1)
 *(.fini0)
 .fini0         0x0000000000000160        0x4 c:/program files/microchip/xc8/v3.00/avr/bin/../lib/gcc/avr/5.4.0/avrxmega4/memx-const/mapped\libgcc.a(_exit.o)
 *(.fini0)
                0x0000000000000164                _etext = .

.data           0x0000000000804000        0x0 load address 0x0000000000000164
                [!provide]                        PROVIDE (__data_start, .)
 *(.gnu.linkonce.d*)
 *(.gnu.linkonce.r*)
                0x0000000000804000                . = ALIGN (0x2)
                0x0000000000804000                _edata = .
                [!provide]                        PROVIDE (__data_end, .)

.bss            0x0000000000804000        0x0
                [!provide]                        PROVIDE (__bss_start, .)
 *(COMMON)
                [!provide]                        PROVIDE (__bss_end, .)
                0x0000000000000164                __data_load_start = LOADADDR (.data)
                0x0000000000000164                __data_load_end = (__data_load_start + SIZEOF (.data))

.noinit         0x0000000000804000        0x0
                [!provide]                        PROVIDE (__noinit_start, .)
 *(.noinit*)
                [!provide]                        PROVIDE (__noinit_end, .)
                0x0000000000804000                _end = .

.eeprom         0x0000000000810000        0x0
 *(.eeprom*)
                0x0000000000810000                __eeprom_end = .

.fuse           0x0000000000820000        0x9
 *(.fuse)
 .fuse          0x0000000000820000        0x9 build/default/production/mcc_generated_files/system/src/config_bits.o
                0x0000000000820000                __fuse
 *(.lfuse)
 *(.hfuse)
 *(.efuse)

.lock
 *(.lock*)

.signature
 *(.signature*)

.user_signatures
 *(.user_signatures*)

.bootrow
 *(.bootrow*)

.stab
 *(.stab)

.stabstr
 *(.stabstr)

.stab.excl
 *(.stab.excl)

.stab.exclstr
 *(.stab.exclstr)

.stab.index
 *(.stab.index)

.stab.indexstr
 *(.stab.indexstr)

.comment        0x0000000000000000       0x5b
 *(.comment)
 .comment       0x0000000000000000       0x2f build/default/production/mcc_generated_files/adc/src/adc0.o
                                         0x30 (size before relaxing)
 .comment       0x000000000000002f       0x30 build/default/production/mcc_generated_files/evsys/src/evsys.o
 .comment       0x000000000000002f       0x30 build/default/production/mcc_generated_files/system/src/config_bits.o
 .comment       0x000000000000002f       0x30 build/default/production/mcc_generated_files/system/src/system.o
 .comment       0x000000000000002f       0x30 build/default/production/mcc_generated_files/system/src/pins.o
 .comment       0x000000000000002f       0x30 build/default/production/mcc_generated_files/system/src/interrupt.o
 .comment       0x000000000000002f       0x30 build/default/production/mcc_generated_files/system/src/clock.o
 .comment       0x000000000000002f       0x30 build/default/production/mcc_generated_files/timer/src/rtc.o
 .comment       0x000000000000002f       0x30 build/default/production/mcc_generated_files/timer/src/tca0.o
 .comment       0x000000000000002f       0x30 build/default/production/mcc_generated_files/vref/src/vref.o
 .comment       0x000000000000002f       0x30 build/default/production/main.o
 .comment       0x000000000000002f       0x30 build/default/production/mcc_generated_files/uart/src/usart3.o
 .comment       0x000000000000002f       0x2c c:/program files/microchip/xc8/v3.00/avr/bin/../lib/gcc/avr/5.4.0/../../../../avr/lib/avrxmega4/memx-const/mapped\libc.a(exit.o)
                                         0x2d (size before relaxing)
 .comment       0x000000000000005b       0x2d c:/program files/microchip/xc8/v3.00/avr/bin/../lib/gcc/avr/5.4.0/../../../../avr/lib/avrxmega4/memx-const/mapped\libc.a(_Exit.o)

.stack.descriptors.hdr
                0x0000000000000000       0x2a
 .stack.descriptors.hdr
                0x0000000000000000        0xe c:/program files/microchip/xc8/v3.00/avr/bin/../lib/gcc/avr/5.4.0/../../../../avr/lib/avrxmega4/memx-const/mapped\libc.a(exit.o)
 .stack.descriptors.hdr
                0x000000000000000e        0xe c:/program files/microchip/xc8/v3.00/avr/bin/../lib/gcc/avr/5.4.0/../../../../avr/lib/avrxmega4/memx-const/mapped\libc.a(_Exit.o)
 .stack.descriptors.hdr
                0x000000000000001c        0xe c:/program files/microchip/xc8/v3.00/avr/bin/../lib/gcc/avr/5.4.0/avrxmega4/memx-const/mapped\libgcc.a(_exit.o)

.note.GNU-stack
                0x0000000000000000        0x0
 .note.GNU-stack
                0x0000000000000000        0x0 c:/program files/microchip/xc8/v3.00/avr/bin/../lib/gcc/avr/5.4.0/../../../../avr/lib/avrxmega4/memx-const/mapped\libc.a(exit.o)
 .note.GNU-stack
                0x0000000000000000        0x0 c:/program files/microchip/xc8/v3.00/avr/bin/../lib/gcc/avr/5.4.0/../../../../avr/lib/avrxmega4/memx-const/mapped\libc.a(_Exit.o)

.note.gnu.build-id
 *(.note.gnu.build-id)

.debug
 *(.debug)

.line
 *(.line)

.debug_srcinfo
 *(.debug_srcinfo)

.debug_sfnames
 *(.debug_sfnames)

.debug_aranges  0x0000000000000000      0x580
 *(.debug_aranges)
 .debug_aranges
                0x0000000000000000      0x120 build/default/production/mcc_generated_files/adc/src/adc0.o
 .debug_aranges
                0x0000000000000120       0x30 build/default/production/mcc_generated_files/evsys/src/evsys.o
 .debug_aranges
                0x0000000000000150       0x18 build/default/production/mcc_generated_files/system/src/config_bits.o
 .debug_aranges
                0x0000000000000168       0x28 build/default/production/mcc_generated_files/system/src/system.o
 .debug_aranges
                0x0000000000000190       0x20 build/default/production/mcc_generated_files/system/src/protected_io.o
 .debug_aranges
                0x00000000000001b0       0x90 build/default/production/mcc_generated_files/system/src/pins.o
 .debug_aranges
                0x0000000000000240       0x20 build/default/production/mcc_generated_files/system/src/interrupt.o
 .debug_aranges
                0x0000000000000260       0x30 build/default/production/mcc_generated_files/system/src/clock.o
 .debug_aranges
                0x0000000000000290       0xc8 build/default/production/mcc_generated_files/timer/src/rtc.o
 .debug_aranges
                0x0000000000000358      0x100 build/default/production/mcc_generated_files/timer/src/tca0.o
 .debug_aranges
                0x0000000000000458       0x20 build/default/production/mcc_generated_files/vref/src/vref.o
 .debug_aranges
                0x0000000000000478       0x30 build/default/production/main.o
 .debug_aranges
                0x00000000000004a8       0xd8 build/default/production/mcc_generated_files/uart/src/usart3.o

.debug_pubnames
 *(.debug_pubnames)

.debug_info     0x0000000000000000     0xb9cb
 *(.debug_info .gnu.linkonce.wi.*)
 .debug_info    0x0000000000000000     0x3545 C:/Program Files/Microchip/MPLABX/v6.20/packs/Microchip/AVR-Dx_DFP/2.4.286/xc8/avr/lib/avrxmega4/memx-const/mapped/crtavr128db48.o
 .debug_info    0x0000000000003545     0x1a55 build/default/production/mcc_generated_files/adc/src/adc0.o
 .debug_info    0x0000000000004f9a      0x9e0 build/default/production/mcc_generated_files/evsys/src/evsys.o
 .debug_info    0x000000000000597a      0x8e6 build/default/production/mcc_generated_files/system/src/config_bits.o
 .debug_info    0x0000000000006260      0x55e build/default/production/mcc_generated_files/system/src/system.o
 .debug_info    0x00000000000067be       0xc0 build/default/production/mcc_generated_files/system/src/protected_io.o
 .debug_info    0x000000000000687e      0xa21 build/default/production/mcc_generated_files/system/src/pins.o
 .debug_info    0x000000000000729f      0x43a build/default/production/mcc_generated_files/system/src/interrupt.o
 .debug_info    0x00000000000076d9      0xf41 build/default/production/mcc_generated_files/system/src/clock.o
 .debug_info    0x000000000000861a      0x981 build/default/production/mcc_generated_files/timer/src/rtc.o
 .debug_info    0x0000000000008f9b     0x1181 build/default/production/mcc_generated_files/timer/src/tca0.o
 .debug_info    0x000000000000a11c      0x3a6 build/default/production/mcc_generated_files/vref/src/vref.o
 .debug_info    0x000000000000a4c2      0x752 build/default/production/main.o
 .debug_info    0x000000000000ac14      0xdb7 build/default/production/mcc_generated_files/uart/src/usart3.o

.debug_abbrev   0x0000000000000000     0x4217
 *(.debug_abbrev)
 .debug_abbrev  0x0000000000000000     0x3274 C:/Program Files/Microchip/MPLABX/v6.20/packs/Microchip/AVR-Dx_DFP/2.4.286/xc8/avr/lib/avrxmega4/memx-const/mapped/crtavr128db48.o
 .debug_abbrev  0x0000000000003274      0x1ba build/default/production/mcc_generated_files/adc/src/adc0.o
 .debug_abbrev  0x000000000000342e       0xcd build/default/production/mcc_generated_files/evsys/src/evsys.o
 .debug_abbrev  0x00000000000034fb       0x97 build/default/production/mcc_generated_files/system/src/config_bits.o
 .debug_abbrev  0x0000000000003592      0x130 build/default/production/mcc_generated_files/system/src/system.o
 .debug_abbrev  0x00000000000036c2       0x14 build/default/production/mcc_generated_files/system/src/protected_io.o
 .debug_abbrev  0x00000000000036d6      0x14a build/default/production/mcc_generated_files/system/src/pins.o
 .debug_abbrev  0x0000000000003820       0xfa build/default/production/mcc_generated_files/system/src/interrupt.o
 .debug_abbrev  0x000000000000391a      0x135 build/default/production/mcc_generated_files/system/src/clock.o
 .debug_abbrev  0x0000000000003a4f      0x14c build/default/production/mcc_generated_files/timer/src/rtc.o
 .debug_abbrev  0x0000000000003b9b      0x19c build/default/production/mcc_generated_files/timer/src/tca0.o
 .debug_abbrev  0x0000000000003d37       0x8c build/default/production/mcc_generated_files/vref/src/vref.o
 .debug_abbrev  0x0000000000003dc3      0x1b1 build/default/production/main.o
 .debug_abbrev  0x0000000000003f74      0x2a3 build/default/production/mcc_generated_files/uart/src/usart3.o

.debug_line     0x0000000000000000     0x2742
 *(.debug_line .debug_line.* .debug_line_end)
 .debug_line    0x0000000000000000      0x240 C:/Program Files/Microchip/MPLABX/v6.20/packs/Microchip/AVR-Dx_DFP/2.4.286/xc8/avr/lib/avrxmega4/memx-const/mapped/crtavr128db48.o
 .debug_line    0x0000000000000240      0x555 build/default/production/mcc_generated_files/adc/src/adc0.o
 .debug_line    0x0000000000000795      0x2a8 build/default/production/mcc_generated_files/evsys/src/evsys.o
 .debug_line    0x0000000000000a3d      0x103 build/default/production/mcc_generated_files/system/src/config_bits.o
 .debug_line    0x0000000000000b40      0x31c build/default/production/mcc_generated_files/system/src/system.o
 .debug_line    0x0000000000000e5c       0x73 build/default/production/mcc_generated_files/system/src/protected_io.o
 .debug_line    0x0000000000000ecf      0x458 build/default/production/mcc_generated_files/system/src/pins.o
 .debug_line    0x0000000000001327      0x19c build/default/production/mcc_generated_files/system/src/interrupt.o
 .debug_line    0x00000000000014c3      0x1d0 build/default/production/mcc_generated_files/system/src/clock.o
 .debug_line    0x0000000000001693      0x3ff build/default/production/mcc_generated_files/timer/src/rtc.o
 .debug_line    0x0000000000001a92      0x540 build/default/production/mcc_generated_files/timer/src/tca0.o
 .debug_line    0x0000000000001fd2      0x122 build/default/production/mcc_generated_files/vref/src/vref.o
 .debug_line    0x00000000000020f4      0x1b8 build/default/production/main.o
 .debug_line    0x00000000000022ac      0x496 build/default/production/mcc_generated_files/uart/src/usart3.o

.debug_frame    0x0000000000000000      0xb20
 *(.debug_frame)
 .debug_frame   0x0000000000000000      0x2b4 build/default/production/mcc_generated_files/adc/src/adc0.o
 .debug_frame   0x00000000000002b4       0x44 build/default/production/mcc_generated_files/evsys/src/evsys.o
 .debug_frame   0x00000000000002f8       0x34 build/default/production/mcc_generated_files/system/src/system.o
 .debug_frame   0x000000000000032c      0x1a8 build/default/production/mcc_generated_files/system/src/pins.o
 .debug_frame   0x00000000000004d4       0x24 build/default/production/mcc_generated_files/system/src/interrupt.o
 .debug_frame   0x00000000000004f8       0x44 build/default/production/mcc_generated_files/system/src/clock.o
 .debug_frame   0x000000000000053c      0x204 build/default/production/mcc_generated_files/timer/src/rtc.o
 .debug_frame   0x0000000000000740      0x1e4 build/default/production/mcc_generated_files/timer/src/tca0.o
 .debug_frame   0x0000000000000924       0x24 build/default/production/mcc_generated_files/vref/src/vref.o
 .debug_frame   0x0000000000000948       0x44 build/default/production/main.o
 .debug_frame   0x000000000000098c      0x194 build/default/production/mcc_generated_files/uart/src/usart3.o

.debug_str      0x0000000000000000     0x18e1
 *(.debug_str)
 .debug_str     0x0000000000000000     0x170f C:/Program Files/Microchip/MPLABX/v6.20/packs/Microchip/AVR-Dx_DFP/2.4.286/xc8/avr/lib/avrxmega4/memx-const/mapped/crtavr128db48.o
 .debug_str     0x000000000000170f        0x9 build/default/production/mcc_generated_files/adc/src/adc0.o
 .debug_str     0x0000000000001718        0x0 build/default/production/mcc_generated_files/evsys/src/evsys.o
 .debug_str     0x0000000000001718        0x0 build/default/production/mcc_generated_files/system/src/config_bits.o
 .debug_str     0x0000000000001718       0xaf build/default/production/mcc_generated_files/system/src/system.o
 .debug_str     0x00000000000017c7       0x25 build/default/production/mcc_generated_files/system/src/pins.o
 .debug_str     0x00000000000017ec       0x13 build/default/production/mcc_generated_files/system/src/interrupt.o
 .debug_str     0x00000000000017ff       0x13 build/default/production/mcc_generated_files/system/src/clock.o
 .debug_str     0x0000000000001812        0x9 build/default/production/mcc_generated_files/timer/src/rtc.o
 .debug_str     0x000000000000181b       0x75 build/default/production/mcc_generated_files/timer/src/tca0.o
 .debug_str     0x0000000000001890        0x0 build/default/production/mcc_generated_files/vref/src/vref.o
 .debug_str     0x0000000000001890       0x41 build/default/production/main.o
 .debug_str     0x00000000000018d1       0x10 build/default/production/mcc_generated_files/uart/src/usart3.o

.debug_loc      0x0000000000000000      0x35f
 *(.debug_loc)
 .debug_loc     0x0000000000000000       0x6f build/default/production/mcc_generated_files/adc/src/adc0.o
 .debug_loc     0x000000000000006f       0x52 build/default/production/mcc_generated_files/system/src/system.o
 .debug_loc     0x00000000000000c1       0x2a build/default/production/mcc_generated_files/system/src/interrupt.o
 .debug_loc     0x00000000000000eb      0x23a build/default/production/mcc_generated_files/system/src/clock.o
 .debug_loc     0x0000000000000325       0x3a build/default/production/mcc_generated_files/uart/src/usart3.o

.debug_macinfo
 *(.debug_macinfo)

.debug_weaknames
 *(.debug_weaknames)

.debug_funcnames
 *(.debug_funcnames)

.debug_typenames
 *(.debug_typenames)

.debug_varnames
 *(.debug_varnames)

.debug_pubtypes
 *(.debug_pubtypes)

.debug_ranges   0x0000000000000000      0x498
 *(.debug_ranges)
 .debug_ranges  0x0000000000000000      0x110 build/default/production/mcc_generated_files/adc/src/adc0.o
 .debug_ranges  0x0000000000000110       0x20 build/default/production/mcc_generated_files/evsys/src/evsys.o
 .debug_ranges  0x0000000000000130       0x18 build/default/production/mcc_generated_files/system/src/system.o
 .debug_ranges  0x0000000000000148       0x80 build/default/production/mcc_generated_files/system/src/pins.o
 .debug_ranges  0x00000000000001c8       0x10 build/default/production/mcc_generated_files/system/src/interrupt.o
 .debug_ranges  0x00000000000001d8       0x20 build/default/production/mcc_generated_files/system/src/clock.o
 .debug_ranges  0x00000000000001f8       0xb8 build/default/production/mcc_generated_files/timer/src/rtc.o
 .debug_ranges  0x00000000000002b0       0xf0 build/default/production/mcc_generated_files/timer/src/tca0.o
 .debug_ranges  0x00000000000003a0       0x10 build/default/production/mcc_generated_files/vref/src/vref.o
 .debug_ranges  0x00000000000003b0       0x20 build/default/production/main.o
 .debug_ranges  0x00000000000003d0       0xc8 build/default/production/mcc_generated_files/uart/src/usart3.o

.debug_macro
 *(.debug_macro)
OUTPUT(dist/default/production/Week5_ADC.X.production.elf elf32-avr)
LOAD linker stubs
LOAD data_init

.note.gnu.avr.deviceinfo
                0x0000000000000000       0x40
 .note.gnu.avr.deviceinfo
                0x0000000000000000       0x40 C:/Program Files/Microchip/MPLABX/v6.20/packs/Microchip/AVR-Dx_DFP/2.4.286/xc8/avr/lib/avrxmega4/memx-const/mapped/crtavr128db48.o

.bss.ADC0_ThresholdCallback
                0x0000000000804000        0x2
 .bss.ADC0_ThresholdCallback
                0x0000000000804000        0x2 build/default/production/mcc_generated_files/adc/src/adc0.o

.bss.ADC0_ConversionDoneCallback
                0x0000000000804002        0x2
 .bss.ADC0_ConversionDoneCallback
                0x0000000000804002        0x2 build/default/production/mcc_generated_files/adc/src/adc0.o

.bss.IO_PD4_InterruptHandler
                0x0000000000804004        0x2
 .bss.IO_PD4_InterruptHandler
                0x0000000000804004        0x2 build/default/production/mcc_generated_files/system/src/pins.o

.bss.IO_PB0_InterruptHandler
                0x0000000000804006        0x2
 .bss.IO_PB0_InterruptHandler
                0x0000000000804006        0x2 build/default/production/mcc_generated_files/system/src/pins.o

.bss.IO_PB1_InterruptHandler
                0x0000000000804008        0x2
 .bss.IO_PB1_InterruptHandler
                0x0000000000804008        0x2 build/default/production/mcc_generated_files/system/src/pins.o

.bss.IO_PB3_InterruptHandler
                0x000000000080400a        0x2
 .bss.IO_PB3_InterruptHandler
                0x000000000080400a        0x2 build/default/production/mcc_generated_files/system/src/pins.o

.bss.RTC_PIT_isr_cb
                0x000000000080400c        0x2
 .bss.RTC_PIT_isr_cb
                0x000000000080400c        0x2 build/default/production/mcc_generated_files/timer/src/rtc.o
                0x000000000080400c                RTC_PIT_isr_cb

.bss.RTC_CMP_isr_cb
                0x000000000080400e        0x2
 .bss.RTC_CMP_isr_cb
                0x000000000080400e        0x2 build/default/production/mcc_generated_files/timer/src/rtc.o
                0x000000000080400e                RTC_CMP_isr_cb

.bss.RTC_OVF_isr_cb
                0x0000000000804010        0x2
 .bss.RTC_OVF_isr_cb
                0x0000000000804010        0x2 build/default/production/mcc_generated_files/timer/src/rtc.o
                0x0000000000804010                RTC_OVF_isr_cb

.bss.sendflag   0x000000000080401c        0x1
 .bss.sendflag  0x000000000080401c        0x1 build/default/production/main.o
                0x000000000080401c                sendflag

.bss.adcres     0x0000000000804012        0x2
 .bss.adcres    0x0000000000804012        0x2 build/default/production/main.o
                0x0000000000804012                adcres

.bss.USART3_ParityErrorHandler
                0x0000000000804014        0x2
 .bss.USART3_ParityErrorHandler
                0x0000000000804014        0x2 build/default/production/mcc_generated_files/uart/src/usart3.o

.bss.USART3_OverrunErrorHandler
                0x0000000000804016        0x2
 .bss.USART3_OverrunErrorHandler
                0x0000000000804016        0x2 build/default/production/mcc_generated_files/uart/src/usart3.o

.bss.USART3_FramingErrorHandler
                0x0000000000804018        0x2
 .bss.USART3_FramingErrorHandler
                0x0000000000804018        0x2 build/default/production/mcc_generated_files/uart/src/usart3.o

.bss.usart3RxLastError
                0x000000000080401a        0x2
 .bss.usart3RxLastError
                0x000000000080401a        0x2 build/default/production/mcc_generated_files/uart/src/usart3.o

.text.PIN_MANAGER_Initialize
                0x0000000000000164      0x12a
 .text.PIN_MANAGER_Initialize
                0x0000000000000164      0x12a build/default/production/mcc_generated_files/system/src/pins.o
                0x0000000000000164                PIN_MANAGER_Initialize

.text.EVSYS_Initialize
                0x000000000000028e       0xac
 .text.EVSYS_Initialize
                0x000000000000028e       0xac build/default/production/mcc_generated_files/evsys/src/evsys.o
                0x000000000000028e                EVSYS_Initialize

.text.CLOCK_Initialize
                0x000000000000033a       0x90
 .text.CLOCK_Initialize
                0x000000000000033a       0x90 build/default/production/mcc_generated_files/system/src/clock.o
                0x000000000000033a                CLOCK_Initialize

.text.__vector_5
                0x00000000000003ca       0x8e
 .text.__vector_5
                0x00000000000003ca       0x8e build/default/production/mcc_generated_files/timer/src/rtc.o
                0x00000000000003ca                __vector_5

.text.__vector_45
                0x0000000000000458       0x7a
 .text.__vector_45
                0x0000000000000458       0x7a build/default/production/mcc_generated_files/system/src/pins.o
                0x0000000000000458                __vector_45

.text.__vector_26
                0x00000000000004d2       0x60
 .text.__vector_26
                0x00000000000004d2       0x60 build/default/production/mcc_generated_files/adc/src/adc0.o
                0x00000000000004d2                __vector_26

.text.__vector_27
                0x0000000000000532       0x60
 .text.__vector_27
                0x0000000000000532       0x60 build/default/production/mcc_generated_files/adc/src/adc0.o
                0x0000000000000532                __vector_27

.text.__vector_6
                0x0000000000000592       0x60
 .text.__vector_6
                0x0000000000000592       0x60 build/default/production/mcc_generated_files/timer/src/rtc.o
                0x0000000000000592                __vector_6

.text.main      0x00000000000005f2       0x60
 .text.main     0x00000000000005f2       0x60 build/default/production/main.o
                0x00000000000005f2                main

.text.__vector_24
                0x0000000000000652       0x5e
 .text.__vector_24
                0x0000000000000652       0x5e build/default/production/mcc_generated_files/system/src/pins.o
                0x0000000000000652                __vector_24

.text.ADC0_Initialize
                0x00000000000006b0       0x4c
 .text.ADC0_Initialize
                0x00000000000006b0       0x4c build/default/production/mcc_generated_files/adc/src/adc0.o
                0x00000000000006b0                ADC0_Initialize

.text.USART3_Initialize
                0x00000000000006fc       0x4c
 .text.USART3_Initialize
                0x00000000000006fc       0x4c build/default/production/mcc_generated_files/uart/src/usart3.o
                0x00000000000006fc                USART3_Initialize

.text.RTC_Initialize
                0x0000000000000748       0x3e
 .text.RTC_Initialize
                0x0000000000000748       0x3e build/default/production/mcc_generated_files/timer/src/rtc.o
                0x0000000000000748                RTC_Initialize

.text.TCA0_Initialize
                0x0000000000000786       0x32
 .text.TCA0_Initialize
                0x0000000000000786       0x32 build/default/production/mcc_generated_files/timer/src/tca0.o
                0x0000000000000786                TCA0_Initialize

.text.SYSTEM_Initialize
                0x00000000000007b8       0x2a
 .text.SYSTEM_Initialize
                0x00000000000007b8       0x2a build/default/production/mcc_generated_files/system/src/system.o
                0x00000000000007b8                SYSTEM_Initialize

.text.SLPCTRL_Initialize
                0x00000000000007e2       0x1c
 .text.SLPCTRL_Initialize
                0x00000000000007e2       0x1c build/default/production/mcc_generated_files/system/src/system.o
                0x00000000000007e2                SLPCTRL_Initialize

.text.CPUINT_Initialize
                0x00000000000007fe       0x1a
 .text.CPUINT_Initialize
                0x00000000000007fe       0x1a build/default/production/mcc_generated_files/system/src/interrupt.o
                0x00000000000007fe                CPUINT_Initialize

.text.ADC0InterruptHandler
                0x0000000000000818       0x18
 .text.ADC0InterruptHandler
                0x0000000000000818       0x18 build/default/production/main.o
                0x0000000000000818                ADC0InterruptHandler

.text.exit      0x0000000000000830       0x16
 .text.exit     0x0000000000000830       0x16 c:/program files/microchip/xc8/v3.00/avr/bin/../lib/gcc/avr/5.4.0/../../../../avr/lib/avrxmega4/memx-const/mapped\libc.a(exit.o)
                0x0000000000000830                exit

.text.VREF_Initialize
                0x0000000000000846       0x10
 .text.VREF_Initialize
                0x0000000000000846       0x10 build/default/production/mcc_generated_files/vref/src/vref.o
                0x0000000000000846                VREF_Initialize

.text.usart_putchar
                0x0000000000000856       0x10
 .text.usart_putchar
                0x0000000000000856       0x10 build/default/production/main.o
                0x0000000000000856                usart_putchar

.text.ADC0_ConversionDoneCallbackRegister
                0x0000000000000866        0xa
 .text.ADC0_ConversionDoneCallbackRegister
                0x0000000000000866        0xa build/default/production/mcc_generated_files/adc/src/adc0.o
                0x0000000000000866                ADC0_ConversionDoneCallbackRegister

.text.protected_write_io
                0x0000000000000870        0xa
 .text.protected_write_io
                0x0000000000000870        0xa build/default/production/mcc_generated_files/system/src/protected_io.o
                0x0000000000000870                protected_write_io

.text.__vector_8
                0x000000000000087a        0xa
 .text.__vector_8
                0x000000000000087a        0xa build/default/production/mcc_generated_files/system/src/pins.o
                0x000000000000087a                __vector_8

.text.__vector_30
                0x0000000000000884        0xa
 .text.__vector_30
                0x0000000000000884        0xa build/default/production/mcc_generated_files/system/src/pins.o
                0x0000000000000884                __vector_30

.text.__vector_46
                0x000000000000088e        0xa
 .text.__vector_46
                0x000000000000088e        0xa build/default/production/mcc_generated_files/system/src/pins.o
                0x000000000000088e                __vector_46

.text.__vector_35
                0x0000000000000898        0xa
 .text.__vector_35
                0x0000000000000898        0xa build/default/production/mcc_generated_files/system/src/pins.o
                0x0000000000000898                __vector_35

.text           0x00000000000008a2        0x4
 .text          0x00000000000008a2        0x4 C:/Program Files/Microchip/MPLABX/v6.20/packs/Microchip/AVR-Dx_DFP/2.4.286/xc8/avr/lib/avrxmega4/memx-const/mapped/crtavr128db48.o
                0x00000000000008a2                __vector_38
                0x00000000000008a2                __vector_22
                0x00000000000008a2                __vector_28
                0x00000000000008a2                __vector_1
                0x00000000000008a2                __vector_32
                0x00000000000008a2                __vector_34
                0x00000000000008a2                __vector_12
                0x00000000000008a2                __vector_55
                0x00000000000008a2                __bad_interrupt
                0x00000000000008a2                __vector_31
                0x00000000000008a2                __vector_39
                0x00000000000008a2                __vector_3
                0x00000000000008a2                __vector_23
                0x00000000000008a2                __vector_25
                0x00000000000008a2                __vector_11
                0x00000000000008a2                __vector_54
                0x00000000000008a2                __vector_13
                0x00000000000008a2                __vector_17
                0x00000000000008a2                __vector_19
                0x00000000000008a2                __vector_56
                0x00000000000008a2                __vector_7
                0x00000000000008a2                __vector_49
                0x00000000000008a2                __vector_41
                0x00000000000008a2                __vector_43
                0x00000000000008a2                __vector_33
                0x00000000000008a2                __vector_47
                0x00000000000008a2                __vector_52
                0x00000000000008a2                __vector_37
                0x00000000000008a2                __vector_4
                0x00000000000008a2                __vector_44
                0x00000000000008a2                __vector_51
                0x00000000000008a2                __vector_9
                0x00000000000008a2                __vector_2
                0x00000000000008a2                __vector_21
                0x00000000000008a2                __vector_15
                0x00000000000008a2                __vector_36
                0x00000000000008a2                __vector_58
                0x00000000000008a2                __vector_29
                0x00000000000008a2                __vector_60
                0x00000000000008a2                __vector_40
                0x00000000000008a2                __vector_48
                0x00000000000008a2                __vector_14
                0x00000000000008a2                __vector_57
                0x00000000000008a2                __vector_53
                0x00000000000008a2                __vector_10
                0x00000000000008a2                __vector_50
                0x00000000000008a2                __vector_16
                0x00000000000008a2                __vector_59
                0x00000000000008a2                __vector_18
                0x00000000000008a2                __vector_20
                0x00000000000008a2                __vector_42

.text._Exit     0x00000000000008a6        0x4
 .text._Exit    0x00000000000008a6        0x4 c:/program files/microchip/xc8/v3.00/avr/bin/../lib/gcc/avr/5.4.0/../../../../avr/lib/avrxmega4/memx-const/mapped\libc.a(_Exit.o)
                0x00000000000008a6                _Exit

.text.IO_PB3_DefaultInterruptHandler
                0x00000000000008aa        0x2
 .text.IO_PB3_DefaultInterruptHandler
                0x00000000000008aa        0x2 build/default/production/mcc_generated_files/system/src/pins.o
                0x00000000000008aa                IO_PB3_DefaultInterruptHandler

.text.IO_PB1_DefaultInterruptHandler
                0x00000000000008ac        0x2
 .text.IO_PB1_DefaultInterruptHandler
                0x00000000000008ac        0x2 build/default/production/mcc_generated_files/system/src/pins.o
                0x00000000000008ac                IO_PB1_DefaultInterruptHandler

.text.IO_PB0_DefaultInterruptHandler
                0x00000000000008ae        0x2
 .text.IO_PB0_DefaultInterruptHandler
                0x00000000000008ae        0x2 build/default/production/mcc_generated_files/system/src/pins.o
                0x00000000000008ae                IO_PB0_DefaultInterruptHandler

.text.IO_PD4_DefaultInterruptHandler
                0x00000000000008b0        0x2
 .text.IO_PD4_DefaultInterruptHandler
                0x00000000000008b0        0x2 build/default/production/mcc_generated_files/system/src/pins.o
                0x00000000000008b0                IO_PD4_DefaultInterruptHandler

.text.USART3_DefaultFramingErrorCallback
                0x00000000000008b2        0x2
 .text.USART3_DefaultFramingErrorCallback
                0x00000000000008b2        0x2 build/default/production/mcc_generated_files/uart/src/usart3.o

.text.USART3_DefaultOverrunErrorCallback
                0x00000000000008b4        0x2
 .text.USART3_DefaultOverrunErrorCallback
                0x00000000000008b4        0x2 build/default/production/mcc_generated_files/uart/src/usart3.o

.text.USART3_DefaultParityErrorCallback
                0x00000000000008b6        0x2
 .text.USART3_DefaultParityErrorCallback
                0x00000000000008b6        0x2 build/default/production/mcc_generated_files/uart/src/usart3.o

.text.__dummy_fini
                0x00000000000008b8        0x2
 .text.__dummy_fini
                0x00000000000008b8        0x2 c:/program files/microchip/xc8/v3.00/avr/bin/../lib/gcc/avr/5.4.0/../../../../avr/lib/avrxmega4/memx-const/mapped\libc.a(exit.o)
                0x00000000000008b8                _fini

.text.__dummy_funcs_on_exit
                0x00000000000008ba        0x2
 .text.__dummy_funcs_on_exit
                0x00000000000008ba        0x2 c:/program files/microchip/xc8/v3.00/avr/bin/../lib/gcc/avr/5.4.0/../../../../avr/lib/avrxmega4/memx-const/mapped\libc.a(exit.o)
                0x00000000000008ba                __funcs_on_exit

.text.__dummy_simulator_exit
                0x00000000000008bc        0x2
 .text.__dummy_simulator_exit
                0x00000000000008bc        0x2 c:/program files/microchip/xc8/v3.00/avr/bin/../lib/gcc/avr/5.4.0/../../../../avr/lib/avrxmega4/memx-const/mapped\libc.a(exit.o)
                0x00000000000008bc                __simulator_exit
