Archive member included to satisfy reference by file (symbol)

c:/program files/microchip/xc8/v3.00/avr/bin/../lib/gcc/avr/5.4.0/avrxmega4/memx-const/mapped\libgcc.a(_copy_data.o)
                              build/default/production/mcc_generated_files/uart/src/usart3.o (__do_copy_data)
c:/program files/microchip/xc8/v3.00/avr/bin/../lib/gcc/avr/5.4.0/../../../../avr/lib/avrxmega4/memx-const/mapped\libc.a(exit.o)
                              C:/Program Files/Microchip/MPLABX/v6.20/packs/Microchip/AVR-Dx_DFP/2.4.286/xc8/avr/lib/avrxmega4/memx-const/mapped/crtavr128db48.o (exit)
c:/program files/microchip/xc8/v3.00/avr/bin/../lib/gcc/avr/5.4.0/../../../../avr/lib/avrxmega4/memx-const/mapped\libc.a(_Exit.o)
                              c:/program files/microchip/xc8/v3.00/avr/bin/../lib/gcc/avr/5.4.0/../../../../avr/lib/avrxmega4/memx-const/mapped\libc.a(exit.o) (_Exit)
c:/program files/microchip/xc8/v3.00/avr/bin/../lib/gcc/avr/5.4.0/avrxmega4/memx-const/mapped\libgcc.a(_exit.o)
                              c:/program files/microchip/xc8/v3.00/avr/bin/../lib/gcc/avr/5.4.0/../../../../avr/lib/avrxmega4/memx-const/mapped\libc.a(_Exit.o) (_exit)

Discarded input sections

 .data          0x0000000000000000        0x0 C:/Program Files/Microchip/MPLABX/v6.20/packs/Microchip/AVR-Dx_DFP/2.4.286/xc8/avr/lib/avrxmega4/memx-const/mapped/crtavr128db48.o
 .bss           0x0000000000000000        0x0 C:/Program Files/Microchip/MPLABX/v6.20/packs/Microchip/AVR-Dx_DFP/2.4.286/xc8/avr/lib/avrxmega4/memx-const/mapped/crtavr128db48.o
 .text          0x0000000000000000        0x0 build/default/production/mcc_generated_files/system/src/clock.o
 .data          0x0000000000000000        0x0 build/default/production/mcc_generated_files/system/src/clock.o
 .bss           0x0000000000000000        0x0 build/default/production/mcc_generated_files/system/src/clock.o
 .text.CFD_Enable
                0x0000000000000000       0x10 build/default/production/mcc_generated_files/system/src/clock.o
 .text.CFD_Disable
                0x0000000000000000       0x12 build/default/production/mcc_generated_files/system/src/clock.o
 .text          0x0000000000000000        0x0 build/default/production/mcc_generated_files/uart/src/usart3.o
 .data          0x0000000000000000        0x0 build/default/production/mcc_generated_files/uart/src/usart3.o
 .bss           0x0000000000000000        0x0 build/default/production/mcc_generated_files/uart/src/usart3.o
 .text.USART3_Deinitialize
                0x0000000000000000       0x18 build/default/production/mcc_generated_files/uart/src/usart3.o
 .text.USART3_TransmitEnable
                0x0000000000000000        0xc build/default/production/mcc_generated_files/uart/src/usart3.o
 .text.USART3_TransmitDisable
                0x0000000000000000        0xc build/default/production/mcc_generated_files/uart/src/usart3.o
 .text.USART3_AutoBaudSet
                0x0000000000000000       0x28 build/default/production/mcc_generated_files/uart/src/usart3.o
 .text.USART3_AutoBaudQuery
                0x0000000000000000        0xa build/default/production/mcc_generated_files/uart/src/usart3.o
 .text.USART3_IsRxReady
                0x0000000000000000        0xc build/default/production/mcc_generated_files/uart/src/usart3.o
 .text.USART3_IsTxReady
                0x0000000000000000        0xc build/default/production/mcc_generated_files/uart/src/usart3.o
 .text.USART3_IsTxDone
                0x0000000000000000        0xc build/default/production/mcc_generated_files/uart/src/usart3.o
 .text.USART3_ErrorGet
                0x0000000000000000       0x72 build/default/production/mcc_generated_files/uart/src/usart3.o
 .text.USART3_Read
                0x0000000000000000        0x6 build/default/production/mcc_generated_files/uart/src/usart3.o
 .text.USART3_Write
                0x0000000000000000        0x6 build/default/production/mcc_generated_files/uart/src/usart3.o
 .text.USART3_FramingErrorCallbackRegister
                0x0000000000000000        0xe build/default/production/mcc_generated_files/uart/src/usart3.o
 .text.USART3_OverrunErrorCallbackRegister
                0x0000000000000000        0xe build/default/production/mcc_generated_files/uart/src/usart3.o
 .text.USART3_ParityErrorCallbackRegister
                0x0000000000000000        0xe build/default/production/mcc_generated_files/uart/src/usart3.o
 .text.USART3_Enable
                0x0000000000000000        0xc build/default/production/mcc_generated_files/uart/src/usart3.o
 .text.USART3_Disable
                0x0000000000000000        0xc build/default/production/mcc_generated_files/uart/src/usart3.o
 .text.USART3_ReceiveEnable
                0x0000000000000000        0xc build/default/production/mcc_generated_files/uart/src/usart3.o
 .text.USART3_ReceiveDisable
                0x0000000000000000        0xc build/default/production/mcc_generated_files/uart/src/usart3.o
 .text.USART3_IsAutoBaudDetectError
                0x0000000000000000        0xc build/default/production/mcc_generated_files/uart/src/usart3.o
 .text.USART3_AutoBaudDetectErrorReset
                0x0000000000000000       0x28 build/default/production/mcc_generated_files/uart/src/usart3.o
 .rodata.UART3  0x0000000000000000       0x30 build/default/production/mcc_generated_files/uart/src/usart3.o
 .text          0x0000000000000000        0x0 build/default/production/mcc_generated_files/system/src/pins.o
 .data          0x0000000000000000        0x0 build/default/production/mcc_generated_files/system/src/pins.o
 .bss           0x0000000000000000        0x0 build/default/production/mcc_generated_files/system/src/pins.o
 .text.IO_PB1_SetInterruptHandler
                0x0000000000000000        0xa build/default/production/mcc_generated_files/system/src/pins.o
 .text.IO_PB0_SetInterruptHandler
                0x0000000000000000        0xa build/default/production/mcc_generated_files/system/src/pins.o
 .text          0x0000000000000000        0x0 build/default/production/main.o
 .data          0x0000000000000000        0x0 build/default/production/main.o
 .bss           0x0000000000000000        0x0 build/default/production/main.o
 .bss.sendflag  0x0000000000000000        0x1 build/default/production/main.o
 .text          0x0000000000000000        0x0 build/default/production/mcc_generated_files/system/src/protected_io.o
 .data          0x0000000000000000        0x0 build/default/production/mcc_generated_files/system/src/protected_io.o
 .bss           0x0000000000000000        0x0 build/default/production/mcc_generated_files/system/src/protected_io.o
 .text          0x0000000000000000        0x0 build/default/production/mcc_generated_files/system/src/interrupt.o
 .data          0x0000000000000000        0x0 build/default/production/mcc_generated_files/system/src/interrupt.o
 .bss           0x0000000000000000        0x0 build/default/production/mcc_generated_files/system/src/interrupt.o
 .text          0x0000000000000000        0x0 build/default/production/mcc_generated_files/system/src/config_bits.o
 .data          0x0000000000000000        0x0 build/default/production/mcc_generated_files/system/src/config_bits.o
 .bss           0x0000000000000000        0x0 build/default/production/mcc_generated_files/system/src/config_bits.o
 .text          0x0000000000000000        0x0 build/default/production/mcc_generated_files/system/src/system.o
 .data          0x0000000000000000        0x0 build/default/production/mcc_generated_files/system/src/system.o
 .bss           0x0000000000000000        0x0 build/default/production/mcc_generated_files/system/src/system.o
 .text          0x0000000000000000        0x0 c:/program files/microchip/xc8/v3.00/avr/bin/../lib/gcc/avr/5.4.0/avrxmega4/memx-const/mapped\libgcc.a(_copy_data.o)
 .data          0x0000000000000000        0x0 c:/program files/microchip/xc8/v3.00/avr/bin/../lib/gcc/avr/5.4.0/avrxmega4/memx-const/mapped\libgcc.a(_copy_data.o)
 .bss           0x0000000000000000        0x0 c:/program files/microchip/xc8/v3.00/avr/bin/../lib/gcc/avr/5.4.0/avrxmega4/memx-const/mapped\libgcc.a(_copy_data.o)
 .text.libgcc.mul
                0x0000000000000000        0x0 c:/program files/microchip/xc8/v3.00/avr/bin/../lib/gcc/avr/5.4.0/avrxmega4/memx-const/mapped\libgcc.a(_copy_data.o)
 .text.libgcc.div
                0x0000000000000000        0x0 c:/program files/microchip/xc8/v3.00/avr/bin/../lib/gcc/avr/5.4.0/avrxmega4/memx-const/mapped\libgcc.a(_copy_data.o)
 .text.libgcc   0x0000000000000000        0x0 c:/program files/microchip/xc8/v3.00/avr/bin/../lib/gcc/avr/5.4.0/avrxmega4/memx-const/mapped\libgcc.a(_copy_data.o)
 .text.libgcc.prologue
                0x0000000000000000        0x0 c:/program files/microchip/xc8/v3.00/avr/bin/../lib/gcc/avr/5.4.0/avrxmega4/memx-const/mapped\libgcc.a(_copy_data.o)
 .text.libgcc.builtins
                0x0000000000000000        0x0 c:/program files/microchip/xc8/v3.00/avr/bin/../lib/gcc/avr/5.4.0/avrxmega4/memx-const/mapped\libgcc.a(_copy_data.o)
 .text.libgcc.fmul
                0x0000000000000000        0x0 c:/program files/microchip/xc8/v3.00/avr/bin/../lib/gcc/avr/5.4.0/avrxmega4/memx-const/mapped\libgcc.a(_copy_data.o)
 .text.libgcc.fixed
                0x0000000000000000        0x0 c:/program files/microchip/xc8/v3.00/avr/bin/../lib/gcc/avr/5.4.0/avrxmega4/memx-const/mapped\libgcc.a(_copy_data.o)
 .text          0x0000000000000000        0x0 c:/program files/microchip/xc8/v3.00/avr/bin/../lib/gcc/avr/5.4.0/../../../../avr/lib/avrxmega4/memx-const/mapped\libc.a(exit.o)
 .data          0x0000000000000000        0x0 c:/program files/microchip/xc8/v3.00/avr/bin/../lib/gcc/avr/5.4.0/../../../../avr/lib/avrxmega4/memx-const/mapped\libc.a(exit.o)
 .bss           0x0000000000000000        0x0 c:/program files/microchip/xc8/v3.00/avr/bin/../lib/gcc/avr/5.4.0/../../../../avr/lib/avrxmega4/memx-const/mapped\libc.a(exit.o)
 .stack.descriptors
                0x0000000000000000       0x73 c:/program files/microchip/xc8/v3.00/avr/bin/../lib/gcc/avr/5.4.0/../../../../avr/lib/avrxmega4/memx-const/mapped\libc.a(exit.o)
 .text          0x0000000000000000        0x0 c:/program files/microchip/xc8/v3.00/avr/bin/../lib/gcc/avr/5.4.0/../../../../avr/lib/avrxmega4/memx-const/mapped\libc.a(_Exit.o)
 .data          0x0000000000000000        0x0 c:/program files/microchip/xc8/v3.00/avr/bin/../lib/gcc/avr/5.4.0/../../../../avr/lib/avrxmega4/memx-const/mapped\libc.a(_Exit.o)
 .bss           0x0000000000000000        0x0 c:/program files/microchip/xc8/v3.00/avr/bin/../lib/gcc/avr/5.4.0/../../../../avr/lib/avrxmega4/memx-const/mapped\libc.a(_Exit.o)
 .stack.descriptors
                0x0000000000000000       0x13 c:/program files/microchip/xc8/v3.00/avr/bin/../lib/gcc/avr/5.4.0/../../../../avr/lib/avrxmega4/memx-const/mapped\libc.a(_Exit.o)
 .text          0x0000000000000000        0x0 c:/program files/microchip/xc8/v3.00/avr/bin/../lib/gcc/avr/5.4.0/avrxmega4/memx-const/mapped\libgcc.a(_exit.o)
 .data          0x0000000000000000        0x0 c:/program files/microchip/xc8/v3.00/avr/bin/../lib/gcc/avr/5.4.0/avrxmega4/memx-const/mapped\libgcc.a(_exit.o)
 .bss           0x0000000000000000        0x0 c:/program files/microchip/xc8/v3.00/avr/bin/../lib/gcc/avr/5.4.0/avrxmega4/memx-const/mapped\libgcc.a(_exit.o)
 .text.libgcc.mul
                0x0000000000000000        0x0 c:/program files/microchip/xc8/v3.00/avr/bin/../lib/gcc/avr/5.4.0/avrxmega4/memx-const/mapped\libgcc.a(_exit.o)
 .text.libgcc.div
                0x0000000000000000        0x0 c:/program files/microchip/xc8/v3.00/avr/bin/../lib/gcc/avr/5.4.0/avrxmega4/memx-const/mapped\libgcc.a(_exit.o)
 .text.libgcc   0x0000000000000000        0x0 c:/program files/microchip/xc8/v3.00/avr/bin/../lib/gcc/avr/5.4.0/avrxmega4/memx-const/mapped\libgcc.a(_exit.o)
 .text.libgcc.prologue
                0x0000000000000000        0x0 c:/program files/microchip/xc8/v3.00/avr/bin/../lib/gcc/avr/5.4.0/avrxmega4/memx-const/mapped\libgcc.a(_exit.o)
 .stack.descriptors
                0x0000000000000000       0x13 c:/program files/microchip/xc8/v3.00/avr/bin/../lib/gcc/avr/5.4.0/avrxmega4/memx-const/mapped\libgcc.a(_exit.o)
 .text.libgcc.builtins
                0x0000000000000000        0x0 c:/program files/microchip/xc8/v3.00/avr/bin/../lib/gcc/avr/5.4.0/avrxmega4/memx-const/mapped\libgcc.a(_exit.o)
 .text.libgcc.fmul
                0x0000000000000000        0x0 c:/program files/microchip/xc8/v3.00/avr/bin/../lib/gcc/avr/5.4.0/avrxmega4/memx-const/mapped\libgcc.a(_exit.o)
 .text.libgcc.fixed
                0x0000000000000000        0x0 c:/program files/microchip/xc8/v3.00/avr/bin/../lib/gcc/avr/5.4.0/avrxmega4/memx-const/mapped\libgcc.a(_exit.o)

Memory Configuration

Name             Origin             Length             Attributes
text             0x0000000000000000 0x0000000000020000 xr
data             0x0000000000804000 0x0000000000004000 rw !x
eeprom           0x0000000000810000 0x0000000000000200 rw !x
fuse             0x0000000000820000 0x0000000000000010 rw !x
lock             0x0000000000830000 0x0000000000000400 rw !x
signature        0x0000000000840000 0x0000000000000400 rw !x
user_signatures  0x0000000000850000 0x0000000000000400 rw !x
bootrow          0x0000000000860000 0x0000000000000400 rw !x
*default*        0x0000000000000000 0xffffffffffffffff

Linker script and memory map

Address of section .data set to 0x804000
                0x0000000000008000                __RODATA_PM_OFFSET__ = 0x8000
LOAD C:/Program Files/Microchip/MPLABX/v6.20/packs/Microchip/AVR-Dx_DFP/2.4.286/xc8/avr/lib/avrxmega4/memx-const/mapped/crtavr128db48.o
                0x0000000000000001                __MPLAB_BUILD = 0x1
LOAD build/default/production/mcc_generated_files/system/src/clock.o
LOAD build/default/production/mcc_generated_files/uart/src/usart3.o
LOAD build/default/production/mcc_generated_files/system/src/pins.o
LOAD build/default/production/main.o
LOAD build/default/production/mcc_generated_files/system/src/protected_io.o
LOAD build/default/production/mcc_generated_files/system/src/interrupt.o
LOAD build/default/production/mcc_generated_files/system/src/config_bits.o
LOAD build/default/production/mcc_generated_files/system/src/system.o
START GROUP
LOAD c:/program files/microchip/xc8/v3.00/avr/bin/../lib/gcc/avr/5.4.0/../../../../avr/lib/avrxmega4/memx-const/mapped\libm.a
END GROUP
START GROUP
LOAD c:/program files/microchip/xc8/v3.00/avr/bin/../lib/gcc/avr/5.4.0/avrxmega4/memx-const/mapped\libgcc.a
LOAD c:/program files/microchip/xc8/v3.00/avr/bin/../lib/gcc/avr/5.4.0/../../../../avr/lib/avrxmega4/memx-const/mapped\libm.a
LOAD c:/program files/microchip/xc8/v3.00/avr/bin/../lib/gcc/avr/5.4.0/../../../../avr/lib/avrxmega4/memx-const/mapped\libc.a
LOAD C:/Program Files/Microchip/MPLABX/v6.20/packs/Microchip/AVR-Dx_DFP/2.4.286/xc8/avr/lib/avrxmega4/memx-const/mapped\libavr128db48.a
END GROUP
                [0x0000000000000000]                __TEXT_REGION_ORIGIN__ = DEFINED (__TEXT_REGION_ORIGIN__)?__TEXT_REGION_ORIGIN__:0x0
                [0x0000000000804000]                __DATA_REGION_ORIGIN__ = DEFINED (__DATA_REGION_ORIGIN__)?__DATA_REGION_ORIGIN__:0x802000
                [0x0000000000020000]                __TEXT_REGION_LENGTH__ = DEFINED (__TEXT_REGION_LENGTH__)?__TEXT_REGION_LENGTH__:0x100000
                [0x0000000000004000]                __DATA_REGION_LENGTH__ = DEFINED (__DATA_REGION_LENGTH__)?__DATA_REGION_LENGTH__:0xffa0
                [0x0000000000000200]                __EEPROM_REGION_LENGTH__ = DEFINED (__EEPROM_REGION_LENGTH__)?__EEPROM_REGION_LENGTH__:0x10000
                [0x0000000000000010]                __FUSE_REGION_LENGTH__ = DEFINED (__FUSE_REGION_LENGTH__)?__FUSE_REGION_LENGTH__:0x400
                0x0000000000000400                __LOCK_REGION_LENGTH__ = DEFINED (__LOCK_REGION_LENGTH__)?__LOCK_REGION_LENGTH__:0x400
                0x0000000000000400                __SIGNATURE_REGION_LENGTH__ = DEFINED (__SIGNATURE_REGION_LENGTH__)?__SIGNATURE_REGION_LENGTH__:0x400
                0x0000000000000400                __USER_SIGNATURE_REGION_LENGTH__ = DEFINED (__USER_SIGNATURE_REGION_LENGTH__)?__USER_SIGNATURE_REGION_LENGTH__:0x400
                0x0000000000000400                __BOOTROW_REGION_LENGTH__ = DEFINED (__BOOTROW_REGION_LENGTH__)?__BOOTROW_REGION_LENGTH__:0x400

.hash
 *(.hash)

.dynsym
 *(.dynsym)

.dynstr
 *(.dynstr)

.gnu.version
 *(.gnu.version)

.gnu.version_d
 *(.gnu.version_d)

.gnu.version_r
 *(.gnu.version_r)

.rel.init
 *(.rel.init)

.rela.init
 *(.rela.init)

.rel.text
 *(.rel.text)
 *(.rel.text.*)
 *(.rel.gnu.linkonce.t*)

.rela.text
 *(.rela.text)
 *(.rela.text.*)
 *(.rela.gnu.linkonce.t*)

.rel.fini
 *(.rel.fini)

.rela.fini
 *(.rela.fini)

.rel.rodata
 *(.rel.rodata)
 *(.rel.rodata.*)
 *(.rel.gnu.linkonce.r*)

.rela.rodata
 *(.rela.rodata)
 *(.rela.rodata.*)
 *(.rela.gnu.linkonce.r*)

.rel.data
 *(.rel.data)
 *(.rel.data.*)
 *(.rel.gnu.linkonce.d*)

.rela.data
 *(.rela.data)
 *(.rela.data.*)
 *(.rela.gnu.linkonce.d*)

.rel.ctors
 *(.rel.ctors)

.rela.ctors
 *(.rela.ctors)

.rel.dtors
 *(.rel.dtors)

.rela.dtors
 *(.rela.dtors)

.rel.got
 *(.rel.got)

.rela.got
 *(.rela.got)

.rel.bss
 *(.rel.bss)

.rela.bss
 *(.rela.bss)

.rel.plt
 *(.rel.plt)

.rela.plt
 *(.rela.plt)

.text           0x0000000000000000      0x170
 *(.vectors)
 .vectors       0x0000000000000000       0xf4 C:/Program Files/Microchip/MPLABX/v6.20/packs/Microchip/AVR-Dx_DFP/2.4.286/xc8/avr/lib/avrxmega4/memx-const/mapped/crtavr128db48.o
                0x0000000000000000                __vector_default
                0x0000000000000000                __vectors
 *(.vectors)
 *(.progmem.gcc*)
 *(.dinit)
 .dinit         0x00000000000000f4       0x11 data_init
                0x0000000000000106                . = ALIGN (0x2)
 *fill*         0x0000000000000105        0x1 
                0x0000000000000106                __trampolines_start = .
 *(.trampolines)
 .trampolines   0x0000000000000106        0x0 linker stubs
 *(.trampolines*)
                0x0000000000000106                __trampolines_end = .
 *libprintf_flt.a:*(.progmem.data)
 *libc.a:*(.progmem.data)
                0x0000000000000106                . = ALIGN (0x2)
 *(.jumptables)
 *(.jumptables*)
 *(.lowtext)
 *(.lowtext*)
                0x0000000000000106                __ctors_start = .
 *(.ctors)
                0x0000000000000106                __ctors_end = .
                0x0000000000000106                __dtors_start = .
 *(.dtors)
                0x0000000000000106                __dtors_end = .
 SORT(*)(.ctors)
 SORT(*)(.dtors)
 *(.init0)
 .init0         0x0000000000000106        0x0 C:/Program Files/Microchip/MPLABX/v6.20/packs/Microchip/AVR-Dx_DFP/2.4.286/xc8/avr/lib/avrxmega4/memx-const/mapped/crtavr128db48.o
                0x0000000000000106                __init
 *(.init0)
 *(.init1)
 .init1         0x0000000000000106       0x12 C:/Program Files/Microchip/MPLABX/v6.20/packs/Microchip/AVR-Dx_DFP/2.4.286/xc8/avr/lib/avrxmega4/memx-const/mapped/crtavr128db48.o
 *(.init1)
 *(.init2)
 .init2         0x0000000000000118        0xc C:/Program Files/Microchip/MPLABX/v6.20/packs/Microchip/AVR-Dx_DFP/2.4.286/xc8/avr/lib/avrxmega4/memx-const/mapped/crtavr128db48.o
 *(.init2)
 *(.init3)
 *(.init3)
 *(.init4)
 .init4         0x0000000000000124       0x40 c:/program files/microchip/xc8/v3.00/avr/bin/../lib/gcc/avr/5.4.0/avrxmega4/memx-const/mapped\libgcc.a(_copy_data.o)
                0x0000000000000124                __do_copy_data
                0x0000000000000156                __do_clear_bss
 *(.init4)
 *(.init5)
 *(.init5)
 *(.init6)
 *(.init6)
 *(.init7)
 *(.init7)
 *(.init8)
 *(.init8)
 *(.init9)
 .init9         0x0000000000000164        0x8 C:/Program Files/Microchip/MPLABX/v6.20/packs/Microchip/AVR-Dx_DFP/2.4.286/xc8/avr/lib/avrxmega4/memx-const/mapped/crtavr128db48.o
 *(.init9)
                0x000000000000016c                . = ALIGN (0x2)
 *(.fini9)
 .fini9         0x000000000000016c        0x0 c:/program files/microchip/xc8/v3.00/avr/bin/../lib/gcc/avr/5.4.0/avrxmega4/memx-const/mapped\libgcc.a(_exit.o)
                0x000000000000016c                _exit
 *(.fini9)
 *(.fini8)
 *(.fini8)
 *(.fini7)
 *(.fini7)
 *(.fini6)
 *(.fini6)
 *(.fini5)
 *(.fini5)
 *(.fini4)
 *(.fini4)
 *(.fini3)
 *(.fini3)
 *(.fini2)
 *(.fini2)
 *(.fini1)
 *(.fini1)
 *(.fini0)
 .fini0         0x000000000000016c        0x4 c:/program files/microchip/xc8/v3.00/avr/bin/../lib/gcc/avr/5.4.0/avrxmega4/memx-const/mapped\libgcc.a(_exit.o)
 *(.fini0)
                0x0000000000000170                _etext = .

.data           0x0000000000804000        0x0 load address 0x0000000000000170
                [!provide]                        PROVIDE (__data_start, .)
 *(.gnu.linkonce.d*)
 *(.gnu.linkonce.r*)
                0x0000000000804000                . = ALIGN (0x2)
                0x0000000000804000                _edata = .
                [!provide]                        PROVIDE (__data_end, .)

.bss            0x0000000000804000        0x0
                [!provide]                        PROVIDE (__bss_start, .)
 *(COMMON)
                [!provide]                        PROVIDE (__bss_end, .)
                0x0000000000000170                __data_load_start = LOADADDR (.data)
                0x0000000000000170                __data_load_end = (__data_load_start + SIZEOF (.data))

.noinit         0x0000000000804000        0x0
                [!provide]                        PROVIDE (__noinit_start, .)
 *(.noinit*)
                [!provide]                        PROVIDE (__noinit_end, .)
                0x0000000000804000                _end = .

.eeprom         0x0000000000810000        0x0
 *(.eeprom*)
                0x0000000000810000                __eeprom_end = .

.fuse           0x0000000000820000        0x9
 *(.fuse)
 .fuse          0x0000000000820000        0x9 build/default/production/mcc_generated_files/system/src/config_bits.o
                0x0000000000820000                __fuse
 *(.lfuse)
 *(.hfuse)
 *(.efuse)

.lock
 *(.lock*)

.signature
 *(.signature*)

.user_signatures
 *(.user_signatures*)

.bootrow
 *(.bootrow*)

.stab
 *(.stab)

.stabstr
 *(.stabstr)

.stab.excl
 *(.stab.excl)

.stab.exclstr
 *(.stab.exclstr)

.stab.index
 *(.stab.index)

.stab.indexstr
 *(.stab.indexstr)

.comment        0x0000000000000000       0x5b
 *(.comment)
 .comment       0x0000000000000000       0x2f build/default/production/mcc_generated_files/system/src/clock.o
                                         0x30 (size before relaxing)
 .comment       0x000000000000002f       0x30 build/default/production/mcc_generated_files/uart/src/usart3.o
 .comment       0x000000000000002f       0x30 build/default/production/mcc_generated_files/system/src/pins.o
 .comment       0x000000000000002f       0x30 build/default/production/main.o
 .comment       0x000000000000002f       0x30 build/default/production/mcc_generated_files/system/src/interrupt.o
 .comment       0x000000000000002f       0x30 build/default/production/mcc_generated_files/system/src/config_bits.o
 .comment       0x000000000000002f       0x30 build/default/production/mcc_generated_files/system/src/system.o
 .comment       0x000000000000002f       0x2c c:/program files/microchip/xc8/v3.00/avr/bin/../lib/gcc/avr/5.4.0/../../../../avr/lib/avrxmega4/memx-const/mapped\libc.a(exit.o)
                                         0x2d (size before relaxing)
 .comment       0x000000000000005b       0x2d c:/program files/microchip/xc8/v3.00/avr/bin/../lib/gcc/avr/5.4.0/../../../../avr/lib/avrxmega4/memx-const/mapped\libc.a(_Exit.o)

.stack.descriptors.hdr
                0x0000000000000000       0x2a
 .stack.descriptors.hdr
                0x0000000000000000        0xe c:/program files/microchip/xc8/v3.00/avr/bin/../lib/gcc/avr/5.4.0/../../../../avr/lib/avrxmega4/memx-const/mapped\libc.a(exit.o)
 .stack.descriptors.hdr
                0x000000000000000e        0xe c:/program files/microchip/xc8/v3.00/avr/bin/../lib/gcc/avr/5.4.0/../../../../avr/lib/avrxmega4/memx-const/mapped\libc.a(_Exit.o)
 .stack.descriptors.hdr
                0x000000000000001c        0xe c:/program files/microchip/xc8/v3.00/avr/bin/../lib/gcc/avr/5.4.0/avrxmega4/memx-const/mapped\libgcc.a(_exit.o)

.note.GNU-stack
                0x0000000000000000        0x0
 .note.GNU-stack
                0x0000000000000000        0x0 c:/program files/microchip/xc8/v3.00/avr/bin/../lib/gcc/avr/5.4.0/../../../../avr/lib/avrxmega4/memx-const/mapped\libc.a(exit.o)
 .note.GNU-stack
                0x0000000000000000        0x0 c:/program files/microchip/xc8/v3.00/avr/bin/../lib/gcc/avr/5.4.0/../../../../avr/lib/avrxmega4/memx-const/mapped\libc.a(_Exit.o)

.note.gnu.build-id
 *(.note.gnu.build-id)

.debug
 *(.debug)

.line
 *(.line)

.debug_srcinfo
 *(.debug_srcinfo)

.debug_sfnames
 *(.debug_sfnames)

.debug_aranges  0x0000000000000000      0x248
 *(.debug_aranges)
 .debug_aranges
                0x0000000000000000       0x30 build/default/production/mcc_generated_files/system/src/clock.o
 .debug_aranges
                0x0000000000000030       0xd8 build/default/production/mcc_generated_files/uart/src/usart3.o
 .debug_aranges
                0x0000000000000108       0x80 build/default/production/mcc_generated_files/system/src/pins.o
 .debug_aranges
                0x0000000000000188       0x40 build/default/production/main.o
 .debug_aranges
                0x00000000000001c8       0x20 build/default/production/mcc_generated_files/system/src/protected_io.o
 .debug_aranges
                0x00000000000001e8       0x20 build/default/production/mcc_generated_files/system/src/interrupt.o
 .debug_aranges
                0x0000000000000208       0x18 build/default/production/mcc_generated_files/system/src/config_bits.o
 .debug_aranges
                0x0000000000000220       0x28 build/default/production/mcc_generated_files/system/src/system.o

.debug_pubnames
 *(.debug_pubnames)

.debug_info     0x0000000000000000     0x7564
 *(.debug_info .gnu.linkonce.wi.*)
 .debug_info    0x0000000000000000     0x3545 C:/Program Files/Microchip/MPLABX/v6.20/packs/Microchip/AVR-Dx_DFP/2.4.286/xc8/avr/lib/avrxmega4/memx-const/mapped/crtavr128db48.o
 .debug_info    0x0000000000003545      0xf31 build/default/production/mcc_generated_files/system/src/clock.o
 .debug_info    0x0000000000004476      0xda7 build/default/production/mcc_generated_files/uart/src/usart3.o
 .debug_info    0x000000000000521d      0x949 build/default/production/mcc_generated_files/system/src/pins.o
 .debug_info    0x0000000000005b66      0x76e build/default/production/main.o
 .debug_info    0x00000000000062d4       0xb0 build/default/production/mcc_generated_files/system/src/protected_io.o
 .debug_info    0x0000000000006384      0x42a build/default/production/mcc_generated_files/system/src/interrupt.o
 .debug_info    0x00000000000067ae      0x8d6 build/default/production/mcc_generated_files/system/src/config_bits.o
 .debug_info    0x0000000000007084      0x4e0 build/default/production/mcc_generated_files/system/src/system.o

.debug_abbrev   0x0000000000000000     0x3bf4
 *(.debug_abbrev)
 .debug_abbrev  0x0000000000000000     0x3274 C:/Program Files/Microchip/MPLABX/v6.20/packs/Microchip/AVR-Dx_DFP/2.4.286/xc8/avr/lib/avrxmega4/memx-const/mapped/crtavr128db48.o
 .debug_abbrev  0x0000000000003274      0x135 build/default/production/mcc_generated_files/system/src/clock.o
 .debug_abbrev  0x00000000000033a9      0x2a3 build/default/production/mcc_generated_files/uart/src/usart3.o
 .debug_abbrev  0x000000000000364c      0x14a build/default/production/mcc_generated_files/system/src/pins.o
 .debug_abbrev  0x0000000000003796      0x189 build/default/production/main.o
 .debug_abbrev  0x000000000000391f       0x14 build/default/production/mcc_generated_files/system/src/protected_io.o
 .debug_abbrev  0x0000000000003933       0xfa build/default/production/mcc_generated_files/system/src/interrupt.o
 .debug_abbrev  0x0000000000003a2d       0x97 build/default/production/mcc_generated_files/system/src/config_bits.o
 .debug_abbrev  0x0000000000003ac4      0x130 build/default/production/mcc_generated_files/system/src/system.o

.debug_line     0x0000000000000000     0x1480
 *(.debug_line .debug_line.* .debug_line_end)
 .debug_line    0x0000000000000000      0x240 C:/Program Files/Microchip/MPLABX/v6.20/packs/Microchip/AVR-Dx_DFP/2.4.286/xc8/avr/lib/avrxmega4/memx-const/mapped/crtavr128db48.o
 .debug_line    0x0000000000000240      0x1d0 build/default/production/mcc_generated_files/system/src/clock.o
 .debug_line    0x0000000000000410      0x496 build/default/production/mcc_generated_files/uart/src/usart3.o
 .debug_line    0x00000000000008a6      0x41e build/default/production/mcc_generated_files/system/src/pins.o
 .debug_line    0x0000000000000cc4      0x287 build/default/production/main.o
 .debug_line    0x0000000000000f4b       0x73 build/default/production/mcc_generated_files/system/src/protected_io.o
 .debug_line    0x0000000000000fbe      0x19c build/default/production/mcc_generated_files/system/src/interrupt.o
 .debug_line    0x000000000000115a      0x103 build/default/production/mcc_generated_files/system/src/config_bits.o
 .debug_line    0x000000000000125d      0x223 build/default/production/mcc_generated_files/system/src/system.o

.debug_frame    0x0000000000000000      0x41c
 *(.debug_frame)
 .debug_frame   0x0000000000000000       0x44 build/default/production/mcc_generated_files/system/src/clock.o
 .debug_frame   0x0000000000000044      0x194 build/default/production/mcc_generated_files/uart/src/usart3.o
 .debug_frame   0x00000000000001d8      0x188 build/default/production/mcc_generated_files/system/src/pins.o
 .debug_frame   0x0000000000000360       0x64 build/default/production/main.o
 .debug_frame   0x00000000000003c4       0x24 build/default/production/mcc_generated_files/system/src/interrupt.o
 .debug_frame   0x00000000000003e8       0x34 build/default/production/mcc_generated_files/system/src/system.o

.debug_str      0x0000000000000000     0x17f3
 *(.debug_str)
 .debug_str     0x0000000000000000     0x170f C:/Program Files/Microchip/MPLABX/v6.20/packs/Microchip/AVR-Dx_DFP/2.4.286/xc8/avr/lib/avrxmega4/memx-const/mapped/crtavr128db48.o
 .debug_str     0x000000000000170f       0x13 build/default/production/mcc_generated_files/system/src/clock.o
 .debug_str     0x0000000000001722       0x10 build/default/production/mcc_generated_files/uart/src/usart3.o
 .debug_str     0x0000000000001732       0x25 build/default/production/mcc_generated_files/system/src/pins.o
 .debug_str     0x0000000000001757       0x2a build/default/production/main.o
 .debug_str     0x0000000000001781       0x13 build/default/production/mcc_generated_files/system/src/interrupt.o
 .debug_str     0x0000000000001794        0x0 build/default/production/mcc_generated_files/system/src/config_bits.o
 .debug_str     0x0000000000001794       0x5f build/default/production/mcc_generated_files/system/src/system.o

.debug_loc      0x0000000000000000      0x2f0
 *(.debug_loc)
 .debug_loc     0x0000000000000000      0x23a build/default/production/mcc_generated_files/system/src/clock.o
 .debug_loc     0x000000000000023a       0x3a build/default/production/mcc_generated_files/uart/src/usart3.o
 .debug_loc     0x0000000000000274       0x2a build/default/production/mcc_generated_files/system/src/interrupt.o
 .debug_loc     0x000000000000029e       0x52 build/default/production/mcc_generated_files/system/src/system.o

.debug_macinfo
 *(.debug_macinfo)

.debug_weaknames
 *(.debug_weaknames)

.debug_funcnames
 *(.debug_funcnames)

.debug_typenames
 *(.debug_typenames)

.debug_varnames
 *(.debug_varnames)

.debug_pubtypes
 *(.debug_pubtypes)

.debug_ranges   0x0000000000000000      0x1b0
 *(.debug_ranges)
 .debug_ranges  0x0000000000000000       0x20 build/default/production/mcc_generated_files/system/src/clock.o
 .debug_ranges  0x0000000000000020       0xc8 build/default/production/mcc_generated_files/uart/src/usart3.o
 .debug_ranges  0x00000000000000e8       0x70 build/default/production/mcc_generated_files/system/src/pins.o
 .debug_ranges  0x0000000000000158       0x30 build/default/production/main.o
 .debug_ranges  0x0000000000000188       0x10 build/default/production/mcc_generated_files/system/src/interrupt.o
 .debug_ranges  0x0000000000000198       0x18 build/default/production/mcc_generated_files/system/src/system.o

.debug_macro
 *(.debug_macro)
OUTPUT(dist/default/production/assessment_1215766.X.production.elf elf32-avr)
LOAD linker stubs
LOAD data_init

.note.gnu.avr.deviceinfo
                0x0000000000000000       0x40
 .note.gnu.avr.deviceinfo
                0x0000000000000000       0x40 C:/Program Files/Microchip/MPLABX/v6.20/packs/Microchip/AVR-Dx_DFP/2.4.286/xc8/avr/lib/avrxmega4/memx-const/mapped/crtavr128db48.o

.bss.USART3_ParityErrorHandler
                0x0000000000804000        0x2
 .bss.USART3_ParityErrorHandler
                0x0000000000804000        0x2 build/default/production/mcc_generated_files/uart/src/usart3.o

.bss.USART3_OverrunErrorHandler
                0x0000000000804002        0x2
 .bss.USART3_OverrunErrorHandler
                0x0000000000804002        0x2 build/default/production/mcc_generated_files/uart/src/usart3.o

.bss.USART3_FramingErrorHandler
                0x0000000000804004        0x2
 .bss.USART3_FramingErrorHandler
                0x0000000000804004        0x2 build/default/production/mcc_generated_files/uart/src/usart3.o

.bss.usart3RxLastError
                0x0000000000804006        0x2
 .bss.usart3RxLastError
                0x0000000000804006        0x2 build/default/production/mcc_generated_files/uart/src/usart3.o

.bss.SW2_InterruptHandler
                0x0000000000804008        0x2
 .bss.SW2_InterruptHandler
                0x0000000000804008        0x2 build/default/production/mcc_generated_files/system/src/pins.o

.bss.IO_PB0_InterruptHandler
                0x000000000080400a        0x2
 .bss.IO_PB0_InterruptHandler
                0x000000000080400a        0x2 build/default/production/mcc_generated_files/system/src/pins.o

.bss.IO_PB1_InterruptHandler
                0x000000000080400c        0x2
 .bss.IO_PB1_InterruptHandler
                0x000000000080400c        0x2 build/default/production/mcc_generated_files/system/src/pins.o

.bss.nextState  0x000000000080400f        0x1
 .bss.nextState
                0x000000000080400f        0x1 build/default/production/main.o
                0x000000000080400f                nextState

.bss.currentState
                0x0000000000804010        0x1
 .bss.currentState
                0x0000000000804010        0x1 build/default/production/main.o
                0x0000000000804010                currentState

.text.PIN_MANAGER_Initialize
                0x0000000000000170      0x11e
 .text.PIN_MANAGER_Initialize
                0x0000000000000170      0x11e build/default/production/mcc_generated_files/system/src/pins.o
                0x0000000000000170                PIN_MANAGER_Initialize

.text.CLOCK_Initialize
                0x000000000000028e       0x90
 .text.CLOCK_Initialize
                0x000000000000028e       0x90 build/default/production/mcc_generated_files/system/src/clock.o
                0x000000000000028e                CLOCK_Initialize

.text.main      0x000000000000031e       0x76
 .text.main     0x000000000000031e       0x76 build/default/production/main.o
                0x000000000000031e                main

.text.__vector_45
                0x0000000000000394       0x6c
 .text.__vector_45
                0x0000000000000394       0x6c build/default/production/mcc_generated_files/system/src/pins.o
                0x0000000000000394                __vector_45

.text.__vector_46
                0x0000000000000400       0x5e
 .text.__vector_46
                0x0000000000000400       0x5e build/default/production/mcc_generated_files/system/src/pins.o
                0x0000000000000400                __vector_46

.text.USART3_Initialize
                0x000000000000045e       0x4c
 .text.USART3_Initialize
                0x000000000000045e       0x4c build/default/production/mcc_generated_files/uart/src/usart3.o
                0x000000000000045e                USART3_Initialize

.text.sendGoodbye
                0x00000000000004aa       0x38
 .text.sendGoodbye
                0x00000000000004aa       0x38 build/default/production/main.o
                0x00000000000004aa                sendGoodbye

.text.sendHello
                0x00000000000004e2       0x2c
 .text.sendHello
                0x00000000000004e2       0x2c build/default/production/main.o
                0x00000000000004e2                sendHello

.text.SLPCTRL_Initialize
                0x000000000000050e       0x1c
 .text.SLPCTRL_Initialize
                0x000000000000050e       0x1c build/default/production/mcc_generated_files/system/src/system.o
                0x000000000000050e                SLPCTRL_Initialize

.text.CPUINT_Initialize
                0x000000000000052a       0x1a
 .text.CPUINT_Initialize
                0x000000000000052a       0x1a build/default/production/mcc_generated_files/system/src/interrupt.o
                0x000000000000052a                CPUINT_Initialize

.text.SYSTEM_Initialize
                0x0000000000000544       0x16
 .text.SYSTEM_Initialize
                0x0000000000000544       0x16 build/default/production/mcc_generated_files/system/src/system.o
                0x0000000000000544                SYSTEM_Initialize

.text.exit      0x000000000000055a       0x16
 .text.exit     0x000000000000055a       0x16 c:/program files/microchip/xc8/v3.00/avr/bin/../lib/gcc/avr/5.4.0/../../../../avr/lib/avrxmega4/memx-const/mapped\libc.a(exit.o)
                0x000000000000055a                exit

.text.usart_putchar
                0x0000000000000570       0x10
 .text.usart_putchar
                0x0000000000000570       0x10 build/default/production/main.o
                0x0000000000000570                usart_putchar

.text.SW2_SetInterruptHandler
                0x0000000000000580        0xa
 .text.SW2_SetInterruptHandler
                0x0000000000000580        0xa build/default/production/mcc_generated_files/system/src/pins.o
                0x0000000000000580                SW2_SetInterruptHandler

.text.__vector_8
                0x000000000000058a        0xa
 .text.__vector_8
                0x000000000000058a        0xa build/default/production/mcc_generated_files/system/src/pins.o
                0x000000000000058a                __vector_8

.text.__vector_30
                0x0000000000000594        0xa
 .text.__vector_30
                0x0000000000000594        0xa build/default/production/mcc_generated_files/system/src/pins.o
                0x0000000000000594                __vector_30

.text.__vector_24
                0x000000000000059e        0xa
 .text.__vector_24
                0x000000000000059e        0xa build/default/production/mcc_generated_files/system/src/pins.o
                0x000000000000059e                __vector_24

.text.__vector_35
                0x00000000000005a8        0xa
 .text.__vector_35
                0x00000000000005a8        0xa build/default/production/mcc_generated_files/system/src/pins.o
                0x00000000000005a8                __vector_35

.text.protected_write_io
                0x00000000000005b2        0xa
 .text.protected_write_io
                0x00000000000005b2        0xa build/default/production/mcc_generated_files/system/src/protected_io.o
                0x00000000000005b2                protected_write_io

.text.switchInterrupt
                0x00000000000005bc        0x6
 .text.switchInterrupt
                0x00000000000005bc        0x6 build/default/production/main.o
                0x00000000000005bc                switchInterrupt

.text           0x00000000000005c2        0x4
 .text          0x00000000000005c2        0x4 C:/Program Files/Microchip/MPLABX/v6.20/packs/Microchip/AVR-Dx_DFP/2.4.286/xc8/avr/lib/avrxmega4/memx-const/mapped/crtavr128db48.o
                0x00000000000005c2                __vector_38
                0x00000000000005c2                __vector_22
                0x00000000000005c2                __vector_28
                0x00000000000005c2                __vector_1
                0x00000000000005c2                __vector_32
                0x00000000000005c2                __vector_34
                0x00000000000005c2                __vector_12
                0x00000000000005c2                __vector_55
                0x00000000000005c2                __bad_interrupt
                0x00000000000005c2                __vector_6
                0x00000000000005c2                __vector_31
                0x00000000000005c2                __vector_39
                0x00000000000005c2                __vector_3
                0x00000000000005c2                __vector_23
                0x00000000000005c2                __vector_25
                0x00000000000005c2                __vector_11
                0x00000000000005c2                __vector_54
                0x00000000000005c2                __vector_13
                0x00000000000005c2                __vector_17
                0x00000000000005c2                __vector_19
                0x00000000000005c2                __vector_56
                0x00000000000005c2                __vector_7
                0x00000000000005c2                __vector_49
                0x00000000000005c2                __vector_41
                0x00000000000005c2                __vector_43
                0x00000000000005c2                __vector_27
                0x00000000000005c2                __vector_5
                0x00000000000005c2                __vector_33
                0x00000000000005c2                __vector_47
                0x00000000000005c2                __vector_52
                0x00000000000005c2                __vector_37
                0x00000000000005c2                __vector_4
                0x00000000000005c2                __vector_44
                0x00000000000005c2                __vector_51
                0x00000000000005c2                __vector_9
                0x00000000000005c2                __vector_2
                0x00000000000005c2                __vector_21
                0x00000000000005c2                __vector_15
                0x00000000000005c2                __vector_36
                0x00000000000005c2                __vector_58
                0x00000000000005c2                __vector_29
                0x00000000000005c2                __vector_60
                0x00000000000005c2                __vector_40
                0x00000000000005c2                __vector_26
                0x00000000000005c2                __vector_48
                0x00000000000005c2                __vector_14
                0x00000000000005c2                __vector_57
                0x00000000000005c2                __vector_53
                0x00000000000005c2                __vector_10
                0x00000000000005c2                __vector_50
                0x00000000000005c2                __vector_16
                0x00000000000005c2                __vector_59
                0x00000000000005c2                __vector_18
                0x00000000000005c2                __vector_20
                0x00000000000005c2                __vector_42

.text._Exit     0x00000000000005c6        0x4
 .text._Exit    0x00000000000005c6        0x4 c:/program files/microchip/xc8/v3.00/avr/bin/../lib/gcc/avr/5.4.0/../../../../avr/lib/avrxmega4/memx-const/mapped\libc.a(_Exit.o)
                0x00000000000005c6                _Exit

.text.USART3_DefaultFramingErrorCallback
                0x00000000000005ca        0x2
 .text.USART3_DefaultFramingErrorCallback
                0x00000000000005ca        0x2 build/default/production/mcc_generated_files/uart/src/usart3.o

.text.USART3_DefaultOverrunErrorCallback
                0x00000000000005cc        0x2
 .text.USART3_DefaultOverrunErrorCallback
                0x00000000000005cc        0x2 build/default/production/mcc_generated_files/uart/src/usart3.o

.text.USART3_DefaultParityErrorCallback
                0x00000000000005ce        0x2
 .text.USART3_DefaultParityErrorCallback
                0x00000000000005ce        0x2 build/default/production/mcc_generated_files/uart/src/usart3.o

.text.IO_PB1_DefaultInterruptHandler
                0x00000000000005d0        0x2
 .text.IO_PB1_DefaultInterruptHandler
                0x00000000000005d0        0x2 build/default/production/mcc_generated_files/system/src/pins.o
                0x00000000000005d0                IO_PB1_DefaultInterruptHandler

.text.IO_PB0_DefaultInterruptHandler
                0x00000000000005d2        0x2
 .text.IO_PB0_DefaultInterruptHandler
                0x00000000000005d2        0x2 build/default/production/mcc_generated_files/system/src/pins.o
                0x00000000000005d2                IO_PB0_DefaultInterruptHandler

.text.SW2_DefaultInterruptHandler
                0x00000000000005d4        0x2
 .text.SW2_DefaultInterruptHandler
                0x00000000000005d4        0x2 build/default/production/mcc_generated_files/system/src/pins.o
                0x00000000000005d4                SW2_DefaultInterruptHandler

.text.__dummy_fini
                0x00000000000005d6        0x2
 .text.__dummy_fini
                0x00000000000005d6        0x2 c:/program files/microchip/xc8/v3.00/avr/bin/../lib/gcc/avr/5.4.0/../../../../avr/lib/avrxmega4/memx-const/mapped\libc.a(exit.o)
                0x00000000000005d6                _fini

.text.__dummy_funcs_on_exit
                0x00000000000005d8        0x2
 .text.__dummy_funcs_on_exit
                0x00000000000005d8        0x2 c:/program files/microchip/xc8/v3.00/avr/bin/../lib/gcc/avr/5.4.0/../../../../avr/lib/avrxmega4/memx-const/mapped\libc.a(exit.o)
                0x00000000000005d8                __funcs_on_exit

.text.__dummy_simulator_exit
                0x00000000000005da        0x2
 .text.__dummy_simulator_exit
                0x00000000000005da        0x2 c:/program files/microchip/xc8/v3.00/avr/bin/../lib/gcc/avr/5.4.0/../../../../avr/lib/avrxmega4/memx-const/mapped\libc.a(exit.o)
                0x00000000000005da                __simulator_exit

.data.currentEvent
                0x000000000080400e        0x1 load address 0x00000000000005dc
 .data.currentEvent
                0x000000000080400e        0x1 build/default/production/main.o
                0x000000000080400e                currentEvent
