Archive member included to satisfy reference by file (symbol)

c:/program files/microchip/xc8/v3.00/avr/bin/../lib/gcc/avr/5.4.0/avrxmega4/memx-const/mapped\libgcc.a(_copy_data.o)
                              build/default/debug/mcc_generated_files/system/src/config_bits.o (__do_copy_data)
c:/program files/microchip/xc8/v3.00/avr/bin/../lib/gcc/avr/5.4.0/../../../../avr/lib/avrxmega4/memx-const/mapped\libc.a(exit.o)
                              C:/Program Files/Microchip/MPLABX/v6.20/packs/Microchip/AVR-Dx_DFP/2.4.286/xc8/avr/lib/avrxmega4/memx-const/mapped/crtavr128db48.o (exit)
c:/program files/microchip/xc8/v3.00/avr/bin/../lib/gcc/avr/5.4.0/../../../../avr/lib/avrxmega4/memx-const/mapped\libc.a(_Exit.o)
                              c:/program files/microchip/xc8/v3.00/avr/bin/../lib/gcc/avr/5.4.0/../../../../avr/lib/avrxmega4/memx-const/mapped\libc.a(exit.o) (_Exit)
c:/program files/microchip/xc8/v3.00/avr/bin/../lib/gcc/avr/5.4.0/avrxmega4/memx-const/mapped\libgcc.a(_exit.o)
                              c:/program files/microchip/xc8/v3.00/avr/bin/../lib/gcc/avr/5.4.0/../../../../avr/lib/avrxmega4/memx-const/mapped\libc.a(_Exit.o) (_exit)

Discarded input sections

 .data          0x0000000000000000        0x0 C:/Program Files/Microchip/MPLABX/v6.20/packs/Microchip/AVR-Dx_DFP/2.4.286/xc8/avr/lib/avrxmega4/memx-const/mapped/crtavr128db48.o
 .bss           0x0000000000000000        0x0 C:/Program Files/Microchip/MPLABX/v6.20/packs/Microchip/AVR-Dx_DFP/2.4.286/xc8/avr/lib/avrxmega4/memx-const/mapped/crtavr128db48.o
 .text          0x0000000000000000        0x0 build/default/debug/mcc_generated_files/system/src/protected_io.o
 .data          0x0000000000000000        0x0 build/default/debug/mcc_generated_files/system/src/protected_io.o
 .bss           0x0000000000000000        0x0 build/default/debug/mcc_generated_files/system/src/protected_io.o
 .text          0x0000000000000000        0x0 build/default/debug/mcc_generated_files/system/src/clock.o
 .data          0x0000000000000000        0x0 build/default/debug/mcc_generated_files/system/src/clock.o
 .bss           0x0000000000000000        0x0 build/default/debug/mcc_generated_files/system/src/clock.o
 .text.CFD_Enable
                0x0000000000000000       0x10 build/default/debug/mcc_generated_files/system/src/clock.o
 .text.CFD_Disable
                0x0000000000000000       0x12 build/default/debug/mcc_generated_files/system/src/clock.o
 .text          0x0000000000000000        0x0 build/default/debug/mcc_generated_files/system/src/pins.o
 .data          0x0000000000000000        0x0 build/default/debug/mcc_generated_files/system/src/pins.o
 .bss           0x0000000000000000        0x0 build/default/debug/mcc_generated_files/system/src/pins.o
 .text.servo_SetInterruptHandler
                0x0000000000000000        0xa build/default/debug/mcc_generated_files/system/src/pins.o
 .text.LED0_SetInterruptHandler
                0x0000000000000000        0xa build/default/debug/mcc_generated_files/system/src/pins.o
 .text.STEP_SetInterruptHandler
                0x0000000000000000        0xa build/default/debug/mcc_generated_files/system/src/pins.o
 .text.DIR_SetInterruptHandler
                0x0000000000000000        0xa build/default/debug/mcc_generated_files/system/src/pins.o
 .text.EN_SetInterruptHandler
                0x0000000000000000        0xa build/default/debug/mcc_generated_files/system/src/pins.o
 .text          0x0000000000000000        0x0 build/default/debug/mcc_generated_files/system/src/interrupt.o
 .data          0x0000000000000000        0x0 build/default/debug/mcc_generated_files/system/src/interrupt.o
 .bss           0x0000000000000000        0x0 build/default/debug/mcc_generated_files/system/src/interrupt.o
 .text          0x0000000000000000        0x0 build/default/debug/mcc_generated_files/system/src/config_bits.o
 .data          0x0000000000000000        0x0 build/default/debug/mcc_generated_files/system/src/config_bits.o
 .bss           0x0000000000000000        0x0 build/default/debug/mcc_generated_files/system/src/config_bits.o
 .text          0x0000000000000000        0x0 build/default/debug/mcc_generated_files/system/src/system.o
 .data          0x0000000000000000        0x0 build/default/debug/mcc_generated_files/system/src/system.o
 .bss           0x0000000000000000        0x0 build/default/debug/mcc_generated_files/system/src/system.o
 .text          0x0000000000000000        0x0 build/default/debug/mcc_generated_files/timer/src/tca0.o
 .data          0x0000000000000000        0x0 build/default/debug/mcc_generated_files/timer/src/tca0.o
 .bss           0x0000000000000000        0x0 build/default/debug/mcc_generated_files/timer/src/tca0.o
 .text.TCA0_Deinitialize
                0x0000000000000000       0x3a build/default/debug/mcc_generated_files/timer/src/tca0.o
 .text.TCA0_Start
                0x0000000000000000        0xc build/default/debug/mcc_generated_files/timer/src/tca0.o
 .text.TCA0_Stop
                0x0000000000000000        0xc build/default/debug/mcc_generated_files/timer/src/tca0.o
 .text.TCA0_CounterSet
                0x0000000000000000        0xa build/default/debug/mcc_generated_files/timer/src/tca0.o
 .text.TCA0_CounterGet
                0x0000000000000000        0xa build/default/debug/mcc_generated_files/timer/src/tca0.o
 .text.TCA0_PeriodSet
                0x0000000000000000        0xa build/default/debug/mcc_generated_files/timer/src/tca0.o
 .text.TCA0_PeriodGet
                0x0000000000000000        0xa build/default/debug/mcc_generated_files/timer/src/tca0.o
 .text.TCA0_Compare0Set
                0x0000000000000000        0xa build/default/debug/mcc_generated_files/timer/src/tca0.o
 .text.TCA0_Compare1Set
                0x0000000000000000        0xa build/default/debug/mcc_generated_files/timer/src/tca0.o
 .text.TCA0_Compare2Set
                0x0000000000000000        0xa build/default/debug/mcc_generated_files/timer/src/tca0.o
 .text.TCA0_MaxCountGet
                0x0000000000000000        0x6 build/default/debug/mcc_generated_files/timer/src/tca0.o
 .text.TCA0_ModeSet
                0x0000000000000000       0x20 build/default/debug/mcc_generated_files/timer/src/tca0.o
 .text.TCA0_OverflowStatusClear
                0x0000000000000000        0x8 build/default/debug/mcc_generated_files/timer/src/tca0.o
 .text.TCA0_OverflowStatusGet
                0x0000000000000000        0x8 build/default/debug/mcc_generated_files/timer/src/tca0.o
 .text.TCA0_CMP0MatchStatusClear
                0x0000000000000000        0x8 build/default/debug/mcc_generated_files/timer/src/tca0.o
 .text.TCA0_CMP0MatchStatusGet
                0x0000000000000000        0xa build/default/debug/mcc_generated_files/timer/src/tca0.o
 .text.TCA0_CMP1MatchStatusClear
                0x0000000000000000        0x8 build/default/debug/mcc_generated_files/timer/src/tca0.o
 .text.TCA0_CMP1MatchStatusGet
                0x0000000000000000        0xc build/default/debug/mcc_generated_files/timer/src/tca0.o
 .text.TCA0_CMP2MatchStatusClear
                0x0000000000000000        0x8 build/default/debug/mcc_generated_files/timer/src/tca0.o
 .text.TCA0_CMP2MatchStatusGet
                0x0000000000000000        0xc build/default/debug/mcc_generated_files/timer/src/tca0.o
 .text.TCA0_Tasks
                0x0000000000000000       0x72 build/default/debug/mcc_generated_files/timer/src/tca0.o
 .text.TCA0_OverflowCallbackRegister
                0x0000000000000000        0xa build/default/debug/mcc_generated_files/timer/src/tca0.o
 .text.TCA0_Compare0CallbackRegister
                0x0000000000000000        0xa build/default/debug/mcc_generated_files/timer/src/tca0.o
 .text.TCA0_Compare1CallbackRegister
                0x0000000000000000        0xa build/default/debug/mcc_generated_files/timer/src/tca0.o
 .text.TCA0_Compare2CallbackRegister
                0x0000000000000000        0xa build/default/debug/mcc_generated_files/timer/src/tca0.o
 .bss.TCA0_OVFCallback
                0x0000000000000000        0x2 build/default/debug/mcc_generated_files/timer/src/tca0.o
 .bss.TCA0_CMP2Callback
                0x0000000000000000        0x2 build/default/debug/mcc_generated_files/timer/src/tca0.o
 .bss.TCA0_CMP1Callback
                0x0000000000000000        0x2 build/default/debug/mcc_generated_files/timer/src/tca0.o
 .bss.TCA0_CMP0Callback
                0x0000000000000000        0x2 build/default/debug/mcc_generated_files/timer/src/tca0.o
 .text          0x0000000000000000        0x0 build/default/debug/main.o
 .data          0x0000000000000000        0x0 build/default/debug/main.o
 .bss           0x0000000000000000        0x0 build/default/debug/main.o
 .text.switch_Servo
                0x0000000000000000       0x36 build/default/debug/main.o
 .text          0x0000000000000000        0x0 c:/program files/microchip/xc8/v3.00/avr/bin/../lib/gcc/avr/5.4.0/avrxmega4/memx-const/mapped\libgcc.a(_copy_data.o)
 .data          0x0000000000000000        0x0 c:/program files/microchip/xc8/v3.00/avr/bin/../lib/gcc/avr/5.4.0/avrxmega4/memx-const/mapped\libgcc.a(_copy_data.o)
 .bss           0x0000000000000000        0x0 c:/program files/microchip/xc8/v3.00/avr/bin/../lib/gcc/avr/5.4.0/avrxmega4/memx-const/mapped\libgcc.a(_copy_data.o)
 .text.libgcc.mul
                0x0000000000000000        0x0 c:/program files/microchip/xc8/v3.00/avr/bin/../lib/gcc/avr/5.4.0/avrxmega4/memx-const/mapped\libgcc.a(_copy_data.o)
 .text.libgcc.div
                0x0000000000000000        0x0 c:/program files/microchip/xc8/v3.00/avr/bin/../lib/gcc/avr/5.4.0/avrxmega4/memx-const/mapped\libgcc.a(_copy_data.o)
 .text.libgcc   0x0000000000000000        0x0 c:/program files/microchip/xc8/v3.00/avr/bin/../lib/gcc/avr/5.4.0/avrxmega4/memx-const/mapped\libgcc.a(_copy_data.o)
 .text.libgcc.prologue
                0x0000000000000000        0x0 c:/program files/microchip/xc8/v3.00/avr/bin/../lib/gcc/avr/5.4.0/avrxmega4/memx-const/mapped\libgcc.a(_copy_data.o)
 .text.libgcc.builtins
                0x0000000000000000        0x0 c:/program files/microchip/xc8/v3.00/avr/bin/../lib/gcc/avr/5.4.0/avrxmega4/memx-const/mapped\libgcc.a(_copy_data.o)
 .text.libgcc.fmul
                0x0000000000000000        0x0 c:/program files/microchip/xc8/v3.00/avr/bin/../lib/gcc/avr/5.4.0/avrxmega4/memx-const/mapped\libgcc.a(_copy_data.o)
 .text.libgcc.fixed
                0x0000000000000000        0x0 c:/program files/microchip/xc8/v3.00/avr/bin/../lib/gcc/avr/5.4.0/avrxmega4/memx-const/mapped\libgcc.a(_copy_data.o)
 .text          0x0000000000000000        0x0 c:/program files/microchip/xc8/v3.00/avr/bin/../lib/gcc/avr/5.4.0/../../../../avr/lib/avrxmega4/memx-const/mapped\libc.a(exit.o)
 .data          0x0000000000000000        0x0 c:/program files/microchip/xc8/v3.00/avr/bin/../lib/gcc/avr/5.4.0/../../../../avr/lib/avrxmega4/memx-const/mapped\libc.a(exit.o)
 .bss           0x0000000000000000        0x0 c:/program files/microchip/xc8/v3.00/avr/bin/../lib/gcc/avr/5.4.0/../../../../avr/lib/avrxmega4/memx-const/mapped\libc.a(exit.o)
 .stack.descriptors
                0x0000000000000000       0x73 c:/program files/microchip/xc8/v3.00/avr/bin/../lib/gcc/avr/5.4.0/../../../../avr/lib/avrxmega4/memx-const/mapped\libc.a(exit.o)
 .text          0x0000000000000000        0x0 c:/program files/microchip/xc8/v3.00/avr/bin/../lib/gcc/avr/5.4.0/../../../../avr/lib/avrxmega4/memx-const/mapped\libc.a(_Exit.o)
 .data          0x0000000000000000        0x0 c:/program files/microchip/xc8/v3.00/avr/bin/../lib/gcc/avr/5.4.0/../../../../avr/lib/avrxmega4/memx-const/mapped\libc.a(_Exit.o)
 .bss           0x0000000000000000        0x0 c:/program files/microchip/xc8/v3.00/avr/bin/../lib/gcc/avr/5.4.0/../../../../avr/lib/avrxmega4/memx-const/mapped\libc.a(_Exit.o)
 .stack.descriptors
                0x0000000000000000       0x13 c:/program files/microchip/xc8/v3.00/avr/bin/../lib/gcc/avr/5.4.0/../../../../avr/lib/avrxmega4/memx-const/mapped\libc.a(_Exit.o)
 .text          0x0000000000000000        0x0 c:/program files/microchip/xc8/v3.00/avr/bin/../lib/gcc/avr/5.4.0/avrxmega4/memx-const/mapped\libgcc.a(_exit.o)
 .data          0x0000000000000000        0x0 c:/program files/microchip/xc8/v3.00/avr/bin/../lib/gcc/avr/5.4.0/avrxmega4/memx-const/mapped\libgcc.a(_exit.o)
 .bss           0x0000000000000000        0x0 c:/program files/microchip/xc8/v3.00/avr/bin/../lib/gcc/avr/5.4.0/avrxmega4/memx-const/mapped\libgcc.a(_exit.o)
 .text.libgcc.mul
                0x0000000000000000        0x0 c:/program files/microchip/xc8/v3.00/avr/bin/../lib/gcc/avr/5.4.0/avrxmega4/memx-const/mapped\libgcc.a(_exit.o)
 .text.libgcc.div
                0x0000000000000000        0x0 c:/program files/microchip/xc8/v3.00/avr/bin/../lib/gcc/avr/5.4.0/avrxmega4/memx-const/mapped\libgcc.a(_exit.o)
 .text.libgcc   0x0000000000000000        0x0 c:/program files/microchip/xc8/v3.00/avr/bin/../lib/gcc/avr/5.4.0/avrxmega4/memx-const/mapped\libgcc.a(_exit.o)
 .text.libgcc.prologue
                0x0000000000000000        0x0 c:/program files/microchip/xc8/v3.00/avr/bin/../lib/gcc/avr/5.4.0/avrxmega4/memx-const/mapped\libgcc.a(_exit.o)
 .stack.descriptors
                0x0000000000000000       0x13 c:/program files/microchip/xc8/v3.00/avr/bin/../lib/gcc/avr/5.4.0/avrxmega4/memx-const/mapped\libgcc.a(_exit.o)
 .text.libgcc.builtins
                0x0000000000000000        0x0 c:/program files/microchip/xc8/v3.00/avr/bin/../lib/gcc/avr/5.4.0/avrxmega4/memx-const/mapped\libgcc.a(_exit.o)
 .text.libgcc.fmul
                0x0000000000000000        0x0 c:/program files/microchip/xc8/v3.00/avr/bin/../lib/gcc/avr/5.4.0/avrxmega4/memx-const/mapped\libgcc.a(_exit.o)
 .text.libgcc.fixed
                0x0000000000000000        0x0 c:/program files/microchip/xc8/v3.00/avr/bin/../lib/gcc/avr/5.4.0/avrxmega4/memx-const/mapped\libgcc.a(_exit.o)

Memory Configuration

Name             Origin             Length             Attributes
text             0x0000000000000000 0x0000000000020000 xr
data             0x0000000000804000 0x0000000000004000 rw !x
eeprom           0x0000000000810000 0x0000000000000200 rw !x
fuse             0x0000000000820000 0x0000000000000010 rw !x
lock             0x0000000000830000 0x0000000000000400 rw !x
signature        0x0000000000840000 0x0000000000000400 rw !x
user_signatures  0x0000000000850000 0x0000000000000400 rw !x
bootrow          0x0000000000860000 0x0000000000000400 rw !x
*default*        0x0000000000000000 0xffffffffffffffff

Linker script and memory map

Address of section .data set to 0x804000
                0x0000000000008000                __RODATA_PM_OFFSET__ = 0x8000
LOAD C:/Program Files/Microchip/MPLABX/v6.20/packs/Microchip/AVR-Dx_DFP/2.4.286/xc8/avr/lib/avrxmega4/memx-const/mapped/crtavr128db48.o
                0x0000000000000001                __MPLAB_BUILD = 0x1
LOAD build/default/debug/mcc_generated_files/system/src/protected_io.o
LOAD build/default/debug/mcc_generated_files/system/src/clock.o
LOAD build/default/debug/mcc_generated_files/system/src/pins.o
LOAD build/default/debug/mcc_generated_files/system/src/interrupt.o
LOAD build/default/debug/mcc_generated_files/system/src/config_bits.o
LOAD build/default/debug/mcc_generated_files/system/src/system.o
LOAD build/default/debug/mcc_generated_files/timer/src/tca0.o
LOAD build/default/debug/main.o
START GROUP
LOAD c:/program files/microchip/xc8/v3.00/avr/bin/../lib/gcc/avr/5.4.0/../../../../avr/lib/avrxmega4/memx-const/mapped\libm.a
END GROUP
                0x0000000000000001                __MPLAB_DEBUG = 0x1
                0x0000000000000001                __DEBUG = 0x1
START GROUP
LOAD c:/program files/microchip/xc8/v3.00/avr/bin/../lib/gcc/avr/5.4.0/avrxmega4/memx-const/mapped\libgcc.a
LOAD c:/program files/microchip/xc8/v3.00/avr/bin/../lib/gcc/avr/5.4.0/../../../../avr/lib/avrxmega4/memx-const/mapped\libm.a
LOAD c:/program files/microchip/xc8/v3.00/avr/bin/../lib/gcc/avr/5.4.0/../../../../avr/lib/avrxmega4/memx-const/mapped\libc.a
LOAD C:/Program Files/Microchip/MPLABX/v6.20/packs/Microchip/AVR-Dx_DFP/2.4.286/xc8/avr/lib/avrxmega4/memx-const/mapped\libavr128db48.a
END GROUP
                [0x0000000000000000]                __TEXT_REGION_ORIGIN__ = DEFINED (__TEXT_REGION_ORIGIN__)?__TEXT_REGION_ORIGIN__:0x0
                [0x0000000000804000]                __DATA_REGION_ORIGIN__ = DEFINED (__DATA_REGION_ORIGIN__)?__DATA_REGION_ORIGIN__:0x802000
                [0x0000000000020000]                __TEXT_REGION_LENGTH__ = DEFINED (__TEXT_REGION_LENGTH__)?__TEXT_REGION_LENGTH__:0x100000
                [0x0000000000004000]                __DATA_REGION_LENGTH__ = DEFINED (__DATA_REGION_LENGTH__)?__DATA_REGION_LENGTH__:0xffa0
                [0x0000000000000200]                __EEPROM_REGION_LENGTH__ = DEFINED (__EEPROM_REGION_LENGTH__)?__EEPROM_REGION_LENGTH__:0x10000
                [0x0000000000000010]                __FUSE_REGION_LENGTH__ = DEFINED (__FUSE_REGION_LENGTH__)?__FUSE_REGION_LENGTH__:0x400
                0x0000000000000400                __LOCK_REGION_LENGTH__ = DEFINED (__LOCK_REGION_LENGTH__)?__LOCK_REGION_LENGTH__:0x400
                0x0000000000000400                __SIGNATURE_REGION_LENGTH__ = DEFINED (__SIGNATURE_REGION_LENGTH__)?__SIGNATURE_REGION_LENGTH__:0x400
                0x0000000000000400                __USER_SIGNATURE_REGION_LENGTH__ = DEFINED (__USER_SIGNATURE_REGION_LENGTH__)?__USER_SIGNATURE_REGION_LENGTH__:0x400
                0x0000000000000400                __BOOTROW_REGION_LENGTH__ = DEFINED (__BOOTROW_REGION_LENGTH__)?__BOOTROW_REGION_LENGTH__:0x400

.hash
 *(.hash)

.dynsym
 *(.dynsym)

.dynstr
 *(.dynstr)

.gnu.version
 *(.gnu.version)

.gnu.version_d
 *(.gnu.version_d)

.gnu.version_r
 *(.gnu.version_r)

.rel.init
 *(.rel.init)

.rela.init
 *(.rela.init)

.rel.text
 *(.rel.text)
 *(.rel.text.*)
 *(.rel.gnu.linkonce.t*)

.rela.text
 *(.rela.text)
 *(.rela.text.*)
 *(.rela.gnu.linkonce.t*)

.rel.fini
 *(.rel.fini)

.rela.fini
 *(.rela.fini)

.rel.rodata
 *(.rel.rodata)
 *(.rel.rodata.*)
 *(.rel.gnu.linkonce.r*)

.rela.rodata
 *(.rela.rodata)
 *(.rela.rodata.*)
 *(.rela.gnu.linkonce.r*)

.rel.data
 *(.rel.data)
 *(.rel.data.*)
 *(.rel.gnu.linkonce.d*)

.rela.data
 *(.rela.data)
 *(.rela.data.*)
 *(.rela.gnu.linkonce.d*)

.rel.ctors
 *(.rel.ctors)

.rela.ctors
 *(.rela.ctors)

.rel.dtors
 *(.rel.dtors)

.rela.dtors
 *(.rela.dtors)

.rel.got
 *(.rel.got)

.rela.got
 *(.rela.got)

.rel.bss
 *(.rel.bss)

.rela.bss
 *(.rela.bss)

.rel.plt
 *(.rel.plt)

.rela.plt
 *(.rela.plt)

.text           0x0000000000000000      0x164
 *(.vectors)
 .vectors       0x0000000000000000       0xf4 C:/Program Files/Microchip/MPLABX/v6.20/packs/Microchip/AVR-Dx_DFP/2.4.286/xc8/avr/lib/avrxmega4/memx-const/mapped/crtavr128db48.o
                0x0000000000000000                __vector_default
                0x0000000000000000                __vectors
 *(.vectors)
 *(.progmem.gcc*)
 *(.dinit)
 .dinit         0x00000000000000f4        0x5 data_init
                0x00000000000000fa                . = ALIGN (0x2)
 *fill*         0x00000000000000f9        0x1 
                0x00000000000000fa                __trampolines_start = .
 *(.trampolines)
 .trampolines   0x00000000000000fa        0x0 linker stubs
 *(.trampolines*)
                0x00000000000000fa                __trampolines_end = .
 *libprintf_flt.a:*(.progmem.data)
 *libc.a:*(.progmem.data)
                0x00000000000000fa                . = ALIGN (0x2)
 *(.jumptables)
 *(.jumptables*)
 *(.lowtext)
 *(.lowtext*)
                0x00000000000000fa                __ctors_start = .
 *(.ctors)
                0x00000000000000fa                __ctors_end = .
                0x00000000000000fa                __dtors_start = .
 *(.dtors)
                0x00000000000000fa                __dtors_end = .
 SORT(*)(.ctors)
 SORT(*)(.dtors)
 *(.init0)
 .init0         0x00000000000000fa        0x0 C:/Program Files/Microchip/MPLABX/v6.20/packs/Microchip/AVR-Dx_DFP/2.4.286/xc8/avr/lib/avrxmega4/memx-const/mapped/crtavr128db48.o
                0x00000000000000fa                __init
 *(.init0)
 *(.init1)
 .init1         0x00000000000000fa       0x12 C:/Program Files/Microchip/MPLABX/v6.20/packs/Microchip/AVR-Dx_DFP/2.4.286/xc8/avr/lib/avrxmega4/memx-const/mapped/crtavr128db48.o
 *(.init1)
 *(.init2)
 .init2         0x000000000000010c        0xc C:/Program Files/Microchip/MPLABX/v6.20/packs/Microchip/AVR-Dx_DFP/2.4.286/xc8/avr/lib/avrxmega4/memx-const/mapped/crtavr128db48.o
 *(.init2)
 *(.init3)
 *(.init3)
 *(.init4)
 .init4         0x0000000000000118       0x40 c:/program files/microchip/xc8/v3.00/avr/bin/../lib/gcc/avr/5.4.0/avrxmega4/memx-const/mapped\libgcc.a(_copy_data.o)
                0x0000000000000118                __do_copy_data
                0x000000000000014a                __do_clear_bss
 *(.init4)
 *(.init5)
 *(.init5)
 *(.init6)
 *(.init6)
 *(.init7)
 *(.init7)
 *(.init8)
 *(.init8)
 *(.init9)
 .init9         0x0000000000000158        0x8 C:/Program Files/Microchip/MPLABX/v6.20/packs/Microchip/AVR-Dx_DFP/2.4.286/xc8/avr/lib/avrxmega4/memx-const/mapped/crtavr128db48.o
 *(.init9)
                0x0000000000000160                . = ALIGN (0x2)
 *(.fini9)
 .fini9         0x0000000000000160        0x0 c:/program files/microchip/xc8/v3.00/avr/bin/../lib/gcc/avr/5.4.0/avrxmega4/memx-const/mapped\libgcc.a(_exit.o)
                0x0000000000000160                _exit
 *(.fini9)
 *(.fini8)
 *(.fini8)
 *(.fini7)
 *(.fini7)
 *(.fini6)
 *(.fini6)
 *(.fini5)
 *(.fini5)
 *(.fini4)
 *(.fini4)
 *(.fini3)
 *(.fini3)
 *(.fini2)
 *(.fini2)
 *(.fini1)
 *(.fini1)
 *(.fini0)
 .fini0         0x0000000000000160        0x4 c:/program files/microchip/xc8/v3.00/avr/bin/../lib/gcc/avr/5.4.0/avrxmega4/memx-const/mapped\libgcc.a(_exit.o)
 *(.fini0)
                0x0000000000000164                _etext = .

.data           0x0000000000804000        0x0 load address 0x0000000000000164
                [!provide]                        PROVIDE (__data_start, .)
 *(.gnu.linkonce.d*)
 *(.gnu.linkonce.r*)
                0x0000000000804000                . = ALIGN (0x2)
                0x0000000000804000                _edata = .
                [!provide]                        PROVIDE (__data_end, .)

.bss            0x0000000000804000        0x0
                [!provide]                        PROVIDE (__bss_start, .)
 *(COMMON)
                [!provide]                        PROVIDE (__bss_end, .)
                0x0000000000000164                __data_load_start = LOADADDR (.data)
                0x0000000000000164                __data_load_end = (__data_load_start + SIZEOF (.data))

.noinit         0x0000000000804000        0x0
                [!provide]                        PROVIDE (__noinit_start, .)
 *(.noinit*)
                [!provide]                        PROVIDE (__noinit_end, .)
                0x0000000000804000                _end = .

.eeprom         0x0000000000810000        0x0
 *(.eeprom*)
                0x0000000000810000                __eeprom_end = .

.fuse           0x0000000000820000        0x9
 *(.fuse)
 .fuse          0x0000000000820000        0x9 build/default/debug/mcc_generated_files/system/src/config_bits.o
                0x0000000000820000                __fuse
 *(.lfuse)
 *(.hfuse)
 *(.efuse)

.lock
 *(.lock*)

.signature
 *(.signature*)

.user_signatures
 *(.user_signatures*)

.bootrow
 *(.bootrow*)

.stab
 *(.stab)

.stabstr
 *(.stabstr)

.stab.excl
 *(.stab.excl)

.stab.exclstr
 *(.stab.exclstr)

.stab.index
 *(.stab.index)

.stab.indexstr
 *(.stab.indexstr)

.comment        0x0000000000000000       0x5b
 *(.comment)
 .comment       0x0000000000000000       0x2f build/default/debug/mcc_generated_files/system/src/clock.o
                                         0x30 (size before relaxing)
 .comment       0x000000000000002f       0x30 build/default/debug/mcc_generated_files/system/src/pins.o
 .comment       0x000000000000002f       0x30 build/default/debug/mcc_generated_files/system/src/interrupt.o
 .comment       0x000000000000002f       0x30 build/default/debug/mcc_generated_files/system/src/config_bits.o
 .comment       0x000000000000002f       0x30 build/default/debug/mcc_generated_files/system/src/system.o
 .comment       0x000000000000002f       0x30 build/default/debug/mcc_generated_files/timer/src/tca0.o
 .comment       0x000000000000002f       0x30 build/default/debug/main.o
 .comment       0x000000000000002f       0x2c c:/program files/microchip/xc8/v3.00/avr/bin/../lib/gcc/avr/5.4.0/../../../../avr/lib/avrxmega4/memx-const/mapped\libc.a(exit.o)
                                         0x2d (size before relaxing)
 .comment       0x000000000000005b       0x2d c:/program files/microchip/xc8/v3.00/avr/bin/../lib/gcc/avr/5.4.0/../../../../avr/lib/avrxmega4/memx-const/mapped\libc.a(_Exit.o)

.stack.descriptors.hdr
                0x0000000000000000       0x2a
 .stack.descriptors.hdr
                0x0000000000000000        0xe c:/program files/microchip/xc8/v3.00/avr/bin/../lib/gcc/avr/5.4.0/../../../../avr/lib/avrxmega4/memx-const/mapped\libc.a(exit.o)
 .stack.descriptors.hdr
                0x000000000000000e        0xe c:/program files/microchip/xc8/v3.00/avr/bin/../lib/gcc/avr/5.4.0/../../../../avr/lib/avrxmega4/memx-const/mapped\libc.a(_Exit.o)
 .stack.descriptors.hdr
                0x000000000000001c        0xe c:/program files/microchip/xc8/v3.00/avr/bin/../lib/gcc/avr/5.4.0/avrxmega4/memx-const/mapped\libgcc.a(_exit.o)

.note.GNU-stack
                0x0000000000000000        0x0
 .note.GNU-stack
                0x0000000000000000        0x0 c:/program files/microchip/xc8/v3.00/avr/bin/../lib/gcc/avr/5.4.0/../../../../avr/lib/avrxmega4/memx-const/mapped\libc.a(exit.o)
 .note.GNU-stack
                0x0000000000000000        0x0 c:/program files/microchip/xc8/v3.00/avr/bin/../lib/gcc/avr/5.4.0/../../../../avr/lib/avrxmega4/memx-const/mapped\libc.a(_Exit.o)

.note.gnu.build-id
 *(.note.gnu.build-id)

.debug
 *(.debug)

.line
 *(.line)

.debug_srcinfo
 *(.debug_srcinfo)

.debug_sfnames
 *(.debug_sfnames)

.debug_aranges  0x0000000000000000      0x280
 *(.debug_aranges)
 .debug_aranges
                0x0000000000000000       0x20 build/default/debug/mcc_generated_files/system/src/protected_io.o
 .debug_aranges
                0x0000000000000020       0x30 build/default/debug/mcc_generated_files/system/src/clock.o
 .debug_aranges
                0x0000000000000050       0xc0 build/default/debug/mcc_generated_files/system/src/pins.o
 .debug_aranges
                0x0000000000000110       0x20 build/default/debug/mcc_generated_files/system/src/interrupt.o
 .debug_aranges
                0x0000000000000130       0x18 build/default/debug/mcc_generated_files/system/src/config_bits.o
 .debug_aranges
                0x0000000000000148       0x20 build/default/debug/mcc_generated_files/system/src/system.o
 .debug_aranges
                0x0000000000000168       0xe8 build/default/debug/mcc_generated_files/timer/src/tca0.o
 .debug_aranges
                0x0000000000000250       0x30 build/default/debug/main.o

.debug_pubnames
 *(.debug_pubnames)

.debug_info     0x0000000000000000     0x808a
 *(.debug_info .gnu.linkonce.wi.*)
 .debug_info    0x0000000000000000     0x3545 C:/Program Files/Microchip/MPLABX/v6.20/packs/Microchip/AVR-Dx_DFP/2.4.286/xc8/avr/lib/avrxmega4/memx-const/mapped/crtavr128db48.o
 .debug_info    0x0000000000003545       0x98 build/default/debug/mcc_generated_files/system/src/protected_io.o
 .debug_info    0x00000000000035dd      0xf26 build/default/debug/mcc_generated_files/system/src/clock.o
 .debug_info    0x0000000000004503      0xc10 build/default/debug/mcc_generated_files/system/src/pins.o
 .debug_info    0x0000000000005113      0x41f build/default/debug/mcc_generated_files/system/src/interrupt.o
 .debug_info    0x0000000000005532      0x8cb build/default/debug/mcc_generated_files/system/src/config_bits.o
 .debug_info    0x0000000000005dfd      0x31d build/default/debug/mcc_generated_files/system/src/system.o
 .debug_info    0x000000000000611a     0x1338 build/default/debug/mcc_generated_files/timer/src/tca0.o
 .debug_info    0x0000000000007452      0xc38 build/default/debug/main.o

.debug_abbrev   0x0000000000000000     0x3ac0
 *(.debug_abbrev)
 .debug_abbrev  0x0000000000000000     0x3274 C:/Program Files/Microchip/MPLABX/v6.20/packs/Microchip/AVR-Dx_DFP/2.4.286/xc8/avr/lib/avrxmega4/memx-const/mapped/crtavr128db48.o
 .debug_abbrev  0x0000000000003274       0x14 build/default/debug/mcc_generated_files/system/src/protected_io.o
 .debug_abbrev  0x0000000000003288      0x135 build/default/debug/mcc_generated_files/system/src/clock.o
 .debug_abbrev  0x00000000000033bd      0x17a build/default/debug/mcc_generated_files/system/src/pins.o
 .debug_abbrev  0x0000000000003537       0xfa build/default/debug/mcc_generated_files/system/src/interrupt.o
 .debug_abbrev  0x0000000000003631       0x97 build/default/debug/mcc_generated_files/system/src/config_bits.o
 .debug_abbrev  0x00000000000036c8       0x58 build/default/debug/mcc_generated_files/system/src/system.o
 .debug_abbrev  0x0000000000003720      0x1c3 build/default/debug/mcc_generated_files/timer/src/tca0.o
 .debug_abbrev  0x00000000000038e3      0x1dd build/default/debug/main.o

.debug_line     0x0000000000000000     0x14cd
 *(.debug_line .debug_line.* .debug_line_end)
 .debug_line    0x0000000000000000      0x240 C:/Program Files/Microchip/MPLABX/v6.20/packs/Microchip/AVR-Dx_DFP/2.4.286/xc8/avr/lib/avrxmega4/memx-const/mapped/crtavr128db48.o
 .debug_line    0x0000000000000240       0x73 build/default/debug/mcc_generated_files/system/src/protected_io.o
 .debug_line    0x00000000000002b3      0x1d0 build/default/debug/mcc_generated_files/system/src/clock.o
 .debug_line    0x0000000000000483      0x507 build/default/debug/mcc_generated_files/system/src/pins.o
 .debug_line    0x000000000000098a      0x19c build/default/debug/mcc_generated_files/system/src/interrupt.o
 .debug_line    0x0000000000000b26      0x103 build/default/debug/mcc_generated_files/system/src/config_bits.o
 .debug_line    0x0000000000000c29       0xf2 build/default/debug/mcc_generated_files/system/src/system.o
 .debug_line    0x0000000000000d1b      0x4d7 build/default/debug/mcc_generated_files/timer/src/tca0.o
 .debug_line    0x00000000000011f2      0x2db build/default/debug/main.o

.debug_frame    0x0000000000000000      0x4d4
 *(.debug_frame)
 .debug_frame   0x0000000000000000       0x44 build/default/debug/mcc_generated_files/system/src/clock.o
 .debug_frame   0x0000000000000044      0x250 build/default/debug/mcc_generated_files/system/src/pins.o
 .debug_frame   0x0000000000000294       0x24 build/default/debug/mcc_generated_files/system/src/interrupt.o
 .debug_frame   0x00000000000002b8       0x24 build/default/debug/mcc_generated_files/system/src/system.o
 .debug_frame   0x00000000000002dc      0x1b4 build/default/debug/mcc_generated_files/timer/src/tca0.o
 .debug_frame   0x0000000000000490       0x44 build/default/debug/main.o

.debug_str      0x0000000000000000     0x189a
 *(.debug_str)
 .debug_str     0x0000000000000000     0x170f C:/Program Files/Microchip/MPLABX/v6.20/packs/Microchip/AVR-Dx_DFP/2.4.286/xc8/avr/lib/avrxmega4/memx-const/mapped/crtavr128db48.o
 .debug_str     0x000000000000170f       0x13 build/default/debug/mcc_generated_files/system/src/clock.o
 .debug_str     0x0000000000001722       0x25 build/default/debug/mcc_generated_files/system/src/pins.o
 .debug_str     0x0000000000001747       0x13 build/default/debug/mcc_generated_files/system/src/interrupt.o
 .debug_str     0x000000000000175a        0x0 build/default/debug/mcc_generated_files/system/src/config_bits.o
 .debug_str     0x000000000000175a       0x4a build/default/debug/mcc_generated_files/system/src/system.o
 .debug_str     0x00000000000017a4       0x62 build/default/debug/mcc_generated_files/timer/src/tca0.o
 .debug_str     0x0000000000001806       0x94 build/default/debug/main.o

.debug_loc      0x0000000000000000      0x488
 *(.debug_loc)
 .debug_loc     0x0000000000000000      0x23a build/default/debug/mcc_generated_files/system/src/clock.o
 .debug_loc     0x000000000000023a       0x2a build/default/debug/mcc_generated_files/system/src/interrupt.o
 .debug_loc     0x0000000000000264       0x34 build/default/debug/mcc_generated_files/timer/src/tca0.o
 .debug_loc     0x0000000000000298      0x1f0 build/default/debug/main.o

.debug_macinfo
 *(.debug_macinfo)

.debug_weaknames
 *(.debug_weaknames)

.debug_funcnames
 *(.debug_funcnames)

.debug_typenames
 *(.debug_typenames)

.debug_varnames
 *(.debug_varnames)

.debug_pubtypes
 *(.debug_pubtypes)

.debug_ranges   0x0000000000000000      0x1e8
 *(.debug_ranges)
 .debug_ranges  0x0000000000000000       0x20 build/default/debug/mcc_generated_files/system/src/clock.o
 .debug_ranges  0x0000000000000020       0xb0 build/default/debug/mcc_generated_files/system/src/pins.o
 .debug_ranges  0x00000000000000d0       0x10 build/default/debug/mcc_generated_files/system/src/interrupt.o
 .debug_ranges  0x00000000000000e0       0x10 build/default/debug/mcc_generated_files/system/src/system.o
 .debug_ranges  0x00000000000000f0       0xd8 build/default/debug/mcc_generated_files/timer/src/tca0.o
 .debug_ranges  0x00000000000001c8       0x20 build/default/debug/main.o

.debug_macro
 *(.debug_macro)
OUTPUT(dist/default/debug/servo_DxC.X.debug.elf elf32-avr)
LOAD linker stubs
LOAD data_init

.note.gnu.avr.deviceinfo
                0x0000000000000000       0x40
 .note.gnu.avr.deviceinfo
                0x0000000000000000       0x40 C:/Program Files/Microchip/MPLABX/v6.20/packs/Microchip/AVR-Dx_DFP/2.4.286/xc8/avr/lib/avrxmega4/memx-const/mapped/crtavr128db48.o

.bss.EN_InterruptHandler
                0x0000000000804000        0x2
 .bss.EN_InterruptHandler
                0x0000000000804000        0x2 build/default/debug/mcc_generated_files/system/src/pins.o

.bss.DIR_InterruptHandler
                0x0000000000804002        0x2
 .bss.DIR_InterruptHandler
                0x0000000000804002        0x2 build/default/debug/mcc_generated_files/system/src/pins.o

.bss.STEP_InterruptHandler
                0x0000000000804004        0x2
 .bss.STEP_InterruptHandler
                0x0000000000804004        0x2 build/default/debug/mcc_generated_files/system/src/pins.o

.bss.LED0_InterruptHandler
                0x0000000000804006        0x2
 .bss.LED0_InterruptHandler
                0x0000000000804006        0x2 build/default/debug/mcc_generated_files/system/src/pins.o

.bss.SW0_InterruptHandler
                0x0000000000804008        0x2
 .bss.SW0_InterruptHandler
                0x0000000000804008        0x2 build/default/debug/mcc_generated_files/system/src/pins.o

.bss.SW1_InterruptHandler
                0x000000000080400a        0x2
 .bss.SW1_InterruptHandler
                0x000000000080400a        0x2 build/default/debug/mcc_generated_files/system/src/pins.o

.bss.servo_InterruptHandler
                0x000000000080400c        0x2
 .bss.servo_InterruptHandler
                0x000000000080400c        0x2 build/default/debug/mcc_generated_files/system/src/pins.o

.bss.first      0x000000000080400e        0x1
 .bss.first     0x000000000080400e        0x1 build/default/debug/main.o
                0x000000000080400e                first

.bss.state      0x000000000080400f        0x1
 .bss.state     0x000000000080400f        0x1 build/default/debug/main.o
                0x000000000080400f                state

.text.PIN_MANAGER_Initialize
                0x0000000000000164      0x156
 .text.PIN_MANAGER_Initialize
                0x0000000000000164      0x156 build/default/debug/mcc_generated_files/system/src/pins.o
                0x0000000000000164                PIN_MANAGER_Initialize

.text.main      0x00000000000002ba       0xee
 .text.main     0x00000000000002ba       0xee build/default/debug/main.o
                0x00000000000002ba                main

.text.CLOCK_Initialize
                0x00000000000003a8       0x90
 .text.CLOCK_Initialize
                0x00000000000003a8       0x90 build/default/debug/mcc_generated_files/system/src/clock.o
                0x00000000000003a8                CLOCK_Initialize

.text.__vector_30
                0x0000000000000438       0x88
 .text.__vector_30
                0x0000000000000438       0x88 build/default/debug/mcc_generated_files/system/src/pins.o
                0x0000000000000438                __vector_30

.text.__vector_45
                0x00000000000004c0       0x6c
 .text.__vector_45
                0x00000000000004c0       0x6c build/default/debug/mcc_generated_files/system/src/pins.o
                0x00000000000004c0                __vector_45

.text.__vector_35
                0x000000000000052c       0x5e
 .text.__vector_35
                0x000000000000052c       0x5e build/default/debug/mcc_generated_files/system/src/pins.o
                0x000000000000052c                __vector_35

.text.TCA0_Initialize
                0x000000000000058a       0x40
 .text.TCA0_Initialize
                0x000000000000058a       0x40 build/default/debug/mcc_generated_files/timer/src/tca0.o
                0x000000000000058a                TCA0_Initialize

.text.interrupt_handler
                0x00000000000005ca       0x24
 .text.interrupt_handler
                0x00000000000005ca       0x24 build/default/debug/main.o
                0x00000000000005ca                interrupt_handler

.text.CPUINT_Initialize
                0x00000000000005ee       0x1a
 .text.CPUINT_Initialize
                0x00000000000005ee       0x1a build/default/debug/mcc_generated_files/system/src/interrupt.o
                0x00000000000005ee                CPUINT_Initialize

.text.exit      0x0000000000000608       0x16
 .text.exit     0x0000000000000608       0x16 c:/program files/microchip/xc8/v3.00/avr/bin/../lib/gcc/avr/5.4.0/../../../../avr/lib/avrxmega4/memx-const/mapped\libc.a(exit.o)
                0x0000000000000608                exit

.text.SYSTEM_Initialize
                0x000000000000061e       0x12
 .text.SYSTEM_Initialize
                0x000000000000061e       0x12 build/default/debug/mcc_generated_files/system/src/system.o
                0x000000000000061e                SYSTEM_Initialize

.text.protected_write_io
                0x0000000000000630        0xa
 .text.protected_write_io
                0x0000000000000630        0xa build/default/debug/mcc_generated_files/system/src/protected_io.o
                0x0000000000000630                protected_write_io

.text.SW1_SetInterruptHandler
                0x000000000000063a        0xa
 .text.SW1_SetInterruptHandler
                0x000000000000063a        0xa build/default/debug/mcc_generated_files/system/src/pins.o
                0x000000000000063a                SW1_SetInterruptHandler

.text.SW0_SetInterruptHandler
                0x0000000000000644        0xa
 .text.SW0_SetInterruptHandler
                0x0000000000000644        0xa build/default/debug/mcc_generated_files/system/src/pins.o
                0x0000000000000644                SW0_SetInterruptHandler

.text.__vector_8
                0x000000000000064e        0xa
 .text.__vector_8
                0x000000000000064e        0xa build/default/debug/mcc_generated_files/system/src/pins.o
                0x000000000000064e                __vector_8

.text.__vector_24
                0x0000000000000658        0xa
 .text.__vector_24
                0x0000000000000658        0xa build/default/debug/mcc_generated_files/system/src/pins.o
                0x0000000000000658                __vector_24

.text.__vector_46
                0x0000000000000662        0xa
 .text.__vector_46
                0x0000000000000662        0xa build/default/debug/mcc_generated_files/system/src/pins.o
                0x0000000000000662                __vector_46

.text           0x000000000000066c        0x4
 .text          0x000000000000066c        0x4 C:/Program Files/Microchip/MPLABX/v6.20/packs/Microchip/AVR-Dx_DFP/2.4.286/xc8/avr/lib/avrxmega4/memx-const/mapped/crtavr128db48.o
                0x000000000000066c                __vector_38
                0x000000000000066c                __vector_22
                0x000000000000066c                __vector_28
                0x000000000000066c                __vector_1
                0x000000000000066c                __vector_32
                0x000000000000066c                __vector_34
                0x000000000000066c                __vector_12
                0x000000000000066c                __vector_55
                0x000000000000066c                __bad_interrupt
                0x000000000000066c                __vector_6
                0x000000000000066c                __vector_31
                0x000000000000066c                __vector_39
                0x000000000000066c                __vector_3
                0x000000000000066c                __vector_23
                0x000000000000066c                __vector_25
                0x000000000000066c                __vector_11
                0x000000000000066c                __vector_54
                0x000000000000066c                __vector_13
                0x000000000000066c                __vector_17
                0x000000000000066c                __vector_19
                0x000000000000066c                __vector_56
                0x000000000000066c                __vector_7
                0x000000000000066c                __vector_49
                0x000000000000066c                __vector_41
                0x000000000000066c                __vector_43
                0x000000000000066c                __vector_27
                0x000000000000066c                __vector_5
                0x000000000000066c                __vector_33
                0x000000000000066c                __vector_47
                0x000000000000066c                __vector_52
                0x000000000000066c                __vector_37
                0x000000000000066c                __vector_4
                0x000000000000066c                __vector_44
                0x000000000000066c                __vector_51
                0x000000000000066c                __vector_9
                0x000000000000066c                __vector_2
                0x000000000000066c                __vector_21
                0x000000000000066c                __vector_15
                0x000000000000066c                __vector_36
                0x000000000000066c                __vector_58
                0x000000000000066c                __vector_29
                0x000000000000066c                __vector_60
                0x000000000000066c                __vector_40
                0x000000000000066c                __vector_26
                0x000000000000066c                __vector_48
                0x000000000000066c                __vector_14
                0x000000000000066c                __vector_57
                0x000000000000066c                __vector_53
                0x000000000000066c                __vector_10
                0x000000000000066c                __vector_50
                0x000000000000066c                __vector_16
                0x000000000000066c                __vector_59
                0x000000000000066c                __vector_18
                0x000000000000066c                __vector_20
                0x000000000000066c                __vector_42

.text._Exit     0x0000000000000670        0x4
 .text._Exit    0x0000000000000670        0x4 c:/program files/microchip/xc8/v3.00/avr/bin/../lib/gcc/avr/5.4.0/../../../../avr/lib/avrxmega4/memx-const/mapped\libc.a(_Exit.o)
                0x0000000000000670                _Exit

.text.servo_DefaultInterruptHandler
                0x0000000000000674        0x2
 .text.servo_DefaultInterruptHandler
                0x0000000000000674        0x2 build/default/debug/mcc_generated_files/system/src/pins.o
                0x0000000000000674                servo_DefaultInterruptHandler

.text.SW1_DefaultInterruptHandler
                0x0000000000000676        0x2
 .text.SW1_DefaultInterruptHandler
                0x0000000000000676        0x2 build/default/debug/mcc_generated_files/system/src/pins.o
                0x0000000000000676                SW1_DefaultInterruptHandler

.text.SW0_DefaultInterruptHandler
                0x0000000000000678        0x2
 .text.SW0_DefaultInterruptHandler
                0x0000000000000678        0x2 build/default/debug/mcc_generated_files/system/src/pins.o
                0x0000000000000678                SW0_DefaultInterruptHandler

.text.LED0_DefaultInterruptHandler
                0x000000000000067a        0x2
 .text.LED0_DefaultInterruptHandler
                0x000000000000067a        0x2 build/default/debug/mcc_generated_files/system/src/pins.o
                0x000000000000067a                LED0_DefaultInterruptHandler

.text.STEP_DefaultInterruptHandler
                0x000000000000067c        0x2
 .text.STEP_DefaultInterruptHandler
                0x000000000000067c        0x2 build/default/debug/mcc_generated_files/system/src/pins.o
                0x000000000000067c                STEP_DefaultInterruptHandler

.text.DIR_DefaultInterruptHandler
                0x000000000000067e        0x2
 .text.DIR_DefaultInterruptHandler
                0x000000000000067e        0x2 build/default/debug/mcc_generated_files/system/src/pins.o
                0x000000000000067e                DIR_DefaultInterruptHandler

.text.EN_DefaultInterruptHandler
                0x0000000000000680        0x2
 .text.EN_DefaultInterruptHandler
                0x0000000000000680        0x2 build/default/debug/mcc_generated_files/system/src/pins.o
                0x0000000000000680                EN_DefaultInterruptHandler

.text.__dummy_fini
                0x0000000000000682        0x2
 .text.__dummy_fini
                0x0000000000000682        0x2 c:/program files/microchip/xc8/v3.00/avr/bin/../lib/gcc/avr/5.4.0/../../../../avr/lib/avrxmega4/memx-const/mapped\libc.a(exit.o)
                0x0000000000000682                _fini

.text.__dummy_funcs_on_exit
                0x0000000000000684        0x2
 .text.__dummy_funcs_on_exit
                0x0000000000000684        0x2 c:/program files/microchip/xc8/v3.00/avr/bin/../lib/gcc/avr/5.4.0/../../../../avr/lib/avrxmega4/memx-const/mapped\libc.a(exit.o)
                0x0000000000000684                __funcs_on_exit

.text.__dummy_simulator_exit
                0x0000000000000686        0x2
 .text.__dummy_simulator_exit
                0x0000000000000686        0x2 c:/program files/microchip/xc8/v3.00/avr/bin/../lib/gcc/avr/5.4.0/../../../../avr/lib/avrxmega4/memx-const/mapped\libc.a(exit.o)
                0x0000000000000686                __simulator_exit
