Archive member included to satisfy reference by file (symbol)

c:/program files/microchip/xc8/v3.00/avr/bin/../lib/gcc/avr/5.4.0/../../../../avr/lib/avrxmega4/memx-const/mapped\libm.a(cmpsf2.o)
                              build/default/production/main.o (__ltsf2)
c:/program files/microchip/xc8/v3.00/avr/bin/../lib/gcc/avr/5.4.0/../../../../avr/lib/avrxmega4/memx-const/mapped\libm.a(fixunssfsi.o)
                              build/default/production/main.o (__fixunssfsi)
c:/program files/microchip/xc8/v3.00/avr/bin/../lib/gcc/avr/5.4.0/../../../../avr/lib/avrxmega4/memx-const/mapped\libm.a(fp_cmp.o)
                              c:/program files/microchip/xc8/v3.00/avr/bin/../lib/gcc/avr/5.4.0/../../../../avr/lib/avrxmega4/memx-const/mapped\libm.a(cmpsf2.o) (__fp_cmp)
c:/program files/microchip/xc8/v3.00/avr/bin/../lib/gcc/avr/5.4.0/../../../../avr/lib/avrxmega4/memx-const/mapped\libm.a(fp_split3.o)
                              c:/program files/microchip/xc8/v3.00/avr/bin/../lib/gcc/avr/5.4.0/../../../../avr/lib/avrxmega4/memx-const/mapped\libm.a(fixunssfsi.o) (__fp_splitA)
c:/program files/microchip/xc8/v3.00/avr/bin/../lib/gcc/avr/5.4.0/../../../../avr/lib/avrxmega4/memx-const/mapped\libm.a(fp_zero.o)
                              c:/program files/microchip/xc8/v3.00/avr/bin/../lib/gcc/avr/5.4.0/../../../../avr/lib/avrxmega4/memx-const/mapped\libm.a(fixunssfsi.o) (__fp_zero)
c:/program files/microchip/xc8/v3.00/avr/bin/../lib/gcc/avr/5.4.0/../../../../avr/lib/avrxmega4/memx-const/mapped\libm.a(gesf2.o)
                              build/default/production/main.o (__gtsf2)
c:/program files/microchip/xc8/v3.00/avr/bin/../lib/gcc/avr/5.4.0/../../../../avr/lib/avrxmega4/memx-const/mapped\libm.a(mulsf3.o)
                              build/default/production/main.o (__mulsf3)
c:/program files/microchip/xc8/v3.00/avr/bin/../lib/gcc/avr/5.4.0/../../../../avr/lib/avrxmega4/memx-const/mapped\libm.a(mulsf3x.o)
                              c:/program files/microchip/xc8/v3.00/avr/bin/../lib/gcc/avr/5.4.0/../../../../avr/lib/avrxmega4/memx-const/mapped\libm.a(mulsf3.o) (__mulsf3x)
c:/program files/microchip/xc8/v3.00/avr/bin/../lib/gcc/avr/5.4.0/../../../../avr/lib/avrxmega4/memx-const/mapped\libm.a(fp_inf.o)
                              c:/program files/microchip/xc8/v3.00/avr/bin/../lib/gcc/avr/5.4.0/../../../../avr/lib/avrxmega4/memx-const/mapped\libm.a(mulsf3x.o) (__fp_inf)
c:/program files/microchip/xc8/v3.00/avr/bin/../lib/gcc/avr/5.4.0/../../../../avr/lib/avrxmega4/memx-const/mapped\libm.a(fp_nan.o)
                              c:/program files/microchip/xc8/v3.00/avr/bin/../lib/gcc/avr/5.4.0/../../../../avr/lib/avrxmega4/memx-const/mapped\libm.a(mulsf3x.o) (__fp_nan)
c:/program files/microchip/xc8/v3.00/avr/bin/../lib/gcc/avr/5.4.0/../../../../avr/lib/avrxmega4/memx-const/mapped\libm.a(fp_pscA.o)
                              c:/program files/microchip/xc8/v3.00/avr/bin/../lib/gcc/avr/5.4.0/../../../../avr/lib/avrxmega4/memx-const/mapped\libm.a(mulsf3x.o) (__fp_pscA)
c:/program files/microchip/xc8/v3.00/avr/bin/../lib/gcc/avr/5.4.0/../../../../avr/lib/avrxmega4/memx-const/mapped\libm.a(fp_pscB.o)
                              c:/program files/microchip/xc8/v3.00/avr/bin/../lib/gcc/avr/5.4.0/../../../../avr/lib/avrxmega4/memx-const/mapped\libm.a(mulsf3x.o) (__fp_pscB)
c:/program files/microchip/xc8/v3.00/avr/bin/../lib/gcc/avr/5.4.0/../../../../avr/lib/avrxmega4/memx-const/mapped\libm.a(fp_round.o)
                              c:/program files/microchip/xc8/v3.00/avr/bin/../lib/gcc/avr/5.4.0/../../../../avr/lib/avrxmega4/memx-const/mapped\libm.a(mulsf3.o) (__fp_round)
c:/program files/microchip/xc8/v3.00/avr/bin/../lib/gcc/avr/5.4.0/avrxmega4/memx-const/mapped\libgcc.a(_copy_data.o)
                              build/default/production/mcc_generated_files/system/src/config_bits.o (__do_copy_data)
c:/program files/microchip/xc8/v3.00/avr/bin/../lib/gcc/avr/5.4.0/avrxmega4/memx-const/mapped\libgcc.a(_umulhisi3.o)
                              build/default/production/main.o (__umulhisi3)
c:/program files/microchip/xc8/v3.00/avr/bin/../lib/gcc/avr/5.4.0/../../../../avr/lib/avrxmega4/memx-const/mapped\libc.a(exit.o)
                              C:/Program Files/Microchip/MPLABX/v6.20/packs/Microchip/AVR-Dx_DFP/2.4.286/xc8/avr/lib/avrxmega4/memx-const/mapped/crtavr128db48.o (exit)
c:/program files/microchip/xc8/v3.00/avr/bin/../lib/gcc/avr/5.4.0/../../../../avr/lib/avrxmega4/memx-const/mapped\libc.a(_Exit.o)
                              c:/program files/microchip/xc8/v3.00/avr/bin/../lib/gcc/avr/5.4.0/../../../../avr/lib/avrxmega4/memx-const/mapped\libc.a(exit.o) (_Exit)
c:/program files/microchip/xc8/v3.00/avr/bin/../lib/gcc/avr/5.4.0/avrxmega4/memx-const/mapped\libgcc.a(_exit.o)
                              c:/program files/microchip/xc8/v3.00/avr/bin/../lib/gcc/avr/5.4.0/../../../../avr/lib/avrxmega4/memx-const/mapped\libc.a(_Exit.o) (_exit)

Discarded input sections

 .data          0x0000000000000000        0x0 C:/Program Files/Microchip/MPLABX/v6.20/packs/Microchip/AVR-Dx_DFP/2.4.286/xc8/avr/lib/avrxmega4/memx-const/mapped/crtavr128db48.o
 .bss           0x0000000000000000        0x0 C:/Program Files/Microchip/MPLABX/v6.20/packs/Microchip/AVR-Dx_DFP/2.4.286/xc8/avr/lib/avrxmega4/memx-const/mapped/crtavr128db48.o
 .text          0x0000000000000000        0x0 build/default/production/mcc_generated_files/system/src/config_bits.o
 .data          0x0000000000000000        0x0 build/default/production/mcc_generated_files/system/src/config_bits.o
 .bss           0x0000000000000000        0x0 build/default/production/mcc_generated_files/system/src/config_bits.o
 .data          0x0000000000000000        0x0 build/default/production/mcc_generated_files/system/src/system.o
 .bss           0x0000000000000000        0x0 build/default/production/mcc_generated_files/system/src/system.o
 .data          0x0000000000000000        0x0 build/default/production/mcc_generated_files/timer/src/tca0.o
 .data          0x0000000000000000        0x0 build/default/production/mcc_generated_files/system/src/interrupt.o
 .bss           0x0000000000000000        0x0 build/default/production/mcc_generated_files/system/src/interrupt.o
 .text          0x0000000000000000        0x0 build/default/production/mcc_generated_files/system/src/protected_io.o
 .data          0x0000000000000000        0x0 build/default/production/mcc_generated_files/system/src/protected_io.o
 .bss           0x0000000000000000        0x0 build/default/production/mcc_generated_files/system/src/protected_io.o
 .data          0x0000000000000000        0x0 build/default/production/mcc_generated_files/system/src/clock.o
 .bss           0x0000000000000000        0x0 build/default/production/mcc_generated_files/system/src/clock.o
 .data          0x0000000000000000        0x0 build/default/production/main.o
 .data          0x0000000000000000        0x0 build/default/production/mcc_generated_files/system/src/pins.o
 .data          0x0000000000000000        0x0 c:/program files/microchip/xc8/v3.00/avr/bin/../lib/gcc/avr/5.4.0/../../../../avr/lib/avrxmega4/memx-const/mapped\libm.a(cmpsf2.o)
 .bss           0x0000000000000000        0x0 c:/program files/microchip/xc8/v3.00/avr/bin/../lib/gcc/avr/5.4.0/../../../../avr/lib/avrxmega4/memx-const/mapped\libm.a(cmpsf2.o)
 .stack.descriptors
                0x0000000000000000       0x6a c:/program files/microchip/xc8/v3.00/avr/bin/../lib/gcc/avr/5.4.0/../../../../avr/lib/avrxmega4/memx-const/mapped\libm.a(cmpsf2.o)
 .data          0x0000000000000000        0x0 c:/program files/microchip/xc8/v3.00/avr/bin/../lib/gcc/avr/5.4.0/../../../../avr/lib/avrxmega4/memx-const/mapped\libm.a(fixunssfsi.o)
 .bss           0x0000000000000000        0x0 c:/program files/microchip/xc8/v3.00/avr/bin/../lib/gcc/avr/5.4.0/../../../../avr/lib/avrxmega4/memx-const/mapped\libm.a(fixunssfsi.o)
 .stack.descriptors
                0x0000000000000000       0x1a c:/program files/microchip/xc8/v3.00/avr/bin/../lib/gcc/avr/5.4.0/../../../../avr/lib/avrxmega4/memx-const/mapped\libm.a(fixunssfsi.o)
 .data          0x0000000000000000        0x0 c:/program files/microchip/xc8/v3.00/avr/bin/../lib/gcc/avr/5.4.0/../../../../avr/lib/avrxmega4/memx-const/mapped\libm.a(fp_cmp.o)
 .bss           0x0000000000000000        0x0 c:/program files/microchip/xc8/v3.00/avr/bin/../lib/gcc/avr/5.4.0/../../../../avr/lib/avrxmega4/memx-const/mapped\libm.a(fp_cmp.o)
 .stack.descriptors
                0x0000000000000000       0x16 c:/program files/microchip/xc8/v3.00/avr/bin/../lib/gcc/avr/5.4.0/../../../../avr/lib/avrxmega4/memx-const/mapped\libm.a(fp_cmp.o)
 .data          0x0000000000000000        0x0 c:/program files/microchip/xc8/v3.00/avr/bin/../lib/gcc/avr/5.4.0/../../../../avr/lib/avrxmega4/memx-const/mapped\libm.a(fp_split3.o)
 .bss           0x0000000000000000        0x0 c:/program files/microchip/xc8/v3.00/avr/bin/../lib/gcc/avr/5.4.0/../../../../avr/lib/avrxmega4/memx-const/mapped\libm.a(fp_split3.o)
 .stack.descriptors
                0x0000000000000000       0x32 c:/program files/microchip/xc8/v3.00/avr/bin/../lib/gcc/avr/5.4.0/../../../../avr/lib/avrxmega4/memx-const/mapped\libm.a(fp_split3.o)
 .data          0x0000000000000000        0x0 c:/program files/microchip/xc8/v3.00/avr/bin/../lib/gcc/avr/5.4.0/../../../../avr/lib/avrxmega4/memx-const/mapped\libm.a(fp_zero.o)
 .bss           0x0000000000000000        0x0 c:/program files/microchip/xc8/v3.00/avr/bin/../lib/gcc/avr/5.4.0/../../../../avr/lib/avrxmega4/memx-const/mapped\libm.a(fp_zero.o)
 .stack.descriptors
                0x0000000000000000       0x2f c:/program files/microchip/xc8/v3.00/avr/bin/../lib/gcc/avr/5.4.0/../../../../avr/lib/avrxmega4/memx-const/mapped\libm.a(fp_zero.o)
 .data          0x0000000000000000        0x0 c:/program files/microchip/xc8/v3.00/avr/bin/../lib/gcc/avr/5.4.0/../../../../avr/lib/avrxmega4/memx-const/mapped\libm.a(gesf2.o)
 .bss           0x0000000000000000        0x0 c:/program files/microchip/xc8/v3.00/avr/bin/../lib/gcc/avr/5.4.0/../../../../avr/lib/avrxmega4/memx-const/mapped\libm.a(gesf2.o)
 .stack.descriptors
                0x0000000000000000       0x2a c:/program files/microchip/xc8/v3.00/avr/bin/../lib/gcc/avr/5.4.0/../../../../avr/lib/avrxmega4/memx-const/mapped\libm.a(gesf2.o)
 .data          0x0000000000000000        0x0 c:/program files/microchip/xc8/v3.00/avr/bin/../lib/gcc/avr/5.4.0/../../../../avr/lib/avrxmega4/memx-const/mapped\libm.a(mulsf3.o)
 .bss           0x0000000000000000        0x0 c:/program files/microchip/xc8/v3.00/avr/bin/../lib/gcc/avr/5.4.0/../../../../avr/lib/avrxmega4/memx-const/mapped\libm.a(mulsf3.o)
 .stack.descriptors
                0x0000000000000000       0x16 c:/program files/microchip/xc8/v3.00/avr/bin/../lib/gcc/avr/5.4.0/../../../../avr/lib/avrxmega4/memx-const/mapped\libm.a(mulsf3.o)
 .data          0x0000000000000000        0x0 c:/program files/microchip/xc8/v3.00/avr/bin/../lib/gcc/avr/5.4.0/../../../../avr/lib/avrxmega4/memx-const/mapped\libm.a(mulsf3x.o)
 .bss           0x0000000000000000        0x0 c:/program files/microchip/xc8/v3.00/avr/bin/../lib/gcc/avr/5.4.0/../../../../avr/lib/avrxmega4/memx-const/mapped\libm.a(mulsf3x.o)
 .stack.descriptors
                0x0000000000000000       0x31 c:/program files/microchip/xc8/v3.00/avr/bin/../lib/gcc/avr/5.4.0/../../../../avr/lib/avrxmega4/memx-const/mapped\libm.a(mulsf3x.o)
 .data          0x0000000000000000        0x0 c:/program files/microchip/xc8/v3.00/avr/bin/../lib/gcc/avr/5.4.0/../../../../avr/lib/avrxmega4/memx-const/mapped\libm.a(fp_inf.o)
 .bss           0x0000000000000000        0x0 c:/program files/microchip/xc8/v3.00/avr/bin/../lib/gcc/avr/5.4.0/../../../../avr/lib/avrxmega4/memx-const/mapped\libm.a(fp_inf.o)
 .stack.descriptors
                0x0000000000000000       0x16 c:/program files/microchip/xc8/v3.00/avr/bin/../lib/gcc/avr/5.4.0/../../../../avr/lib/avrxmega4/memx-const/mapped\libm.a(fp_inf.o)
 .data          0x0000000000000000        0x0 c:/program files/microchip/xc8/v3.00/avr/bin/../lib/gcc/avr/5.4.0/../../../../avr/lib/avrxmega4/memx-const/mapped\libm.a(fp_nan.o)
 .bss           0x0000000000000000        0x0 c:/program files/microchip/xc8/v3.00/avr/bin/../lib/gcc/avr/5.4.0/../../../../avr/lib/avrxmega4/memx-const/mapped\libm.a(fp_nan.o)
 .stack.descriptors
                0x0000000000000000       0x16 c:/program files/microchip/xc8/v3.00/avr/bin/../lib/gcc/avr/5.4.0/../../../../avr/lib/avrxmega4/memx-const/mapped\libm.a(fp_nan.o)
 .data          0x0000000000000000        0x0 c:/program files/microchip/xc8/v3.00/avr/bin/../lib/gcc/avr/5.4.0/../../../../avr/lib/avrxmega4/memx-const/mapped\libm.a(fp_pscA.o)
 .bss           0x0000000000000000        0x0 c:/program files/microchip/xc8/v3.00/avr/bin/../lib/gcc/avr/5.4.0/../../../../avr/lib/avrxmega4/memx-const/mapped\libm.a(fp_pscA.o)
 .stack.descriptors
                0x0000000000000000       0x17 c:/program files/microchip/xc8/v3.00/avr/bin/../lib/gcc/avr/5.4.0/../../../../avr/lib/avrxmega4/memx-const/mapped\libm.a(fp_pscA.o)
 .data          0x0000000000000000        0x0 c:/program files/microchip/xc8/v3.00/avr/bin/../lib/gcc/avr/5.4.0/../../../../avr/lib/avrxmega4/memx-const/mapped\libm.a(fp_pscB.o)
 .bss           0x0000000000000000        0x0 c:/program files/microchip/xc8/v3.00/avr/bin/../lib/gcc/avr/5.4.0/../../../../avr/lib/avrxmega4/memx-const/mapped\libm.a(fp_pscB.o)
 .stack.descriptors
                0x0000000000000000       0x17 c:/program files/microchip/xc8/v3.00/avr/bin/../lib/gcc/avr/5.4.0/../../../../avr/lib/avrxmega4/memx-const/mapped\libm.a(fp_pscB.o)
 .data          0x0000000000000000        0x0 c:/program files/microchip/xc8/v3.00/avr/bin/../lib/gcc/avr/5.4.0/../../../../avr/lib/avrxmega4/memx-const/mapped\libm.a(fp_round.o)
 .bss           0x0000000000000000        0x0 c:/program files/microchip/xc8/v3.00/avr/bin/../lib/gcc/avr/5.4.0/../../../../avr/lib/avrxmega4/memx-const/mapped\libm.a(fp_round.o)
 .stack.descriptors
                0x0000000000000000       0x18 c:/program files/microchip/xc8/v3.00/avr/bin/../lib/gcc/avr/5.4.0/../../../../avr/lib/avrxmega4/memx-const/mapped\libm.a(fp_round.o)
 .text          0x0000000000000000        0x0 c:/program files/microchip/xc8/v3.00/avr/bin/../lib/gcc/avr/5.4.0/avrxmega4/memx-const/mapped\libgcc.a(_copy_data.o)
 .data          0x0000000000000000        0x0 c:/program files/microchip/xc8/v3.00/avr/bin/../lib/gcc/avr/5.4.0/avrxmega4/memx-const/mapped\libgcc.a(_copy_data.o)
 .bss           0x0000000000000000        0x0 c:/program files/microchip/xc8/v3.00/avr/bin/../lib/gcc/avr/5.4.0/avrxmega4/memx-const/mapped\libgcc.a(_copy_data.o)
 .text.libgcc.mul
                0x0000000000000000        0x0 c:/program files/microchip/xc8/v3.00/avr/bin/../lib/gcc/avr/5.4.0/avrxmega4/memx-const/mapped\libgcc.a(_copy_data.o)
 .text.libgcc.div
                0x0000000000000000        0x0 c:/program files/microchip/xc8/v3.00/avr/bin/../lib/gcc/avr/5.4.0/avrxmega4/memx-const/mapped\libgcc.a(_copy_data.o)
 .text.libgcc   0x0000000000000000        0x0 c:/program files/microchip/xc8/v3.00/avr/bin/../lib/gcc/avr/5.4.0/avrxmega4/memx-const/mapped\libgcc.a(_copy_data.o)
 .text.libgcc.prologue
                0x0000000000000000        0x0 c:/program files/microchip/xc8/v3.00/avr/bin/../lib/gcc/avr/5.4.0/avrxmega4/memx-const/mapped\libgcc.a(_copy_data.o)
 .text.libgcc.builtins
                0x0000000000000000        0x0 c:/program files/microchip/xc8/v3.00/avr/bin/../lib/gcc/avr/5.4.0/avrxmega4/memx-const/mapped\libgcc.a(_copy_data.o)
 .text.libgcc.fmul
                0x0000000000000000        0x0 c:/program files/microchip/xc8/v3.00/avr/bin/../lib/gcc/avr/5.4.0/avrxmega4/memx-const/mapped\libgcc.a(_copy_data.o)
 .text.libgcc.fixed
                0x0000000000000000        0x0 c:/program files/microchip/xc8/v3.00/avr/bin/../lib/gcc/avr/5.4.0/avrxmega4/memx-const/mapped\libgcc.a(_copy_data.o)
 .text          0x0000000000000000        0x0 c:/program files/microchip/xc8/v3.00/avr/bin/../lib/gcc/avr/5.4.0/avrxmega4/memx-const/mapped\libgcc.a(_umulhisi3.o)
 .data          0x0000000000000000        0x0 c:/program files/microchip/xc8/v3.00/avr/bin/../lib/gcc/avr/5.4.0/avrxmega4/memx-const/mapped\libgcc.a(_umulhisi3.o)
 .bss           0x0000000000000000        0x0 c:/program files/microchip/xc8/v3.00/avr/bin/../lib/gcc/avr/5.4.0/avrxmega4/memx-const/mapped\libgcc.a(_umulhisi3.o)
 .stack.descriptors
                0x0000000000000000       0x19 c:/program files/microchip/xc8/v3.00/avr/bin/../lib/gcc/avr/5.4.0/avrxmega4/memx-const/mapped\libgcc.a(_umulhisi3.o)
 .text.libgcc.div
                0x0000000000000000        0x0 c:/program files/microchip/xc8/v3.00/avr/bin/../lib/gcc/avr/5.4.0/avrxmega4/memx-const/mapped\libgcc.a(_umulhisi3.o)
 .text.libgcc   0x0000000000000000        0x0 c:/program files/microchip/xc8/v3.00/avr/bin/../lib/gcc/avr/5.4.0/avrxmega4/memx-const/mapped\libgcc.a(_umulhisi3.o)
 .text.libgcc.prologue
                0x0000000000000000        0x0 c:/program files/microchip/xc8/v3.00/avr/bin/../lib/gcc/avr/5.4.0/avrxmega4/memx-const/mapped\libgcc.a(_umulhisi3.o)
 .text.libgcc.builtins
                0x0000000000000000        0x0 c:/program files/microchip/xc8/v3.00/avr/bin/../lib/gcc/avr/5.4.0/avrxmega4/memx-const/mapped\libgcc.a(_umulhisi3.o)
 .text.libgcc.fmul
                0x0000000000000000        0x0 c:/program files/microchip/xc8/v3.00/avr/bin/../lib/gcc/avr/5.4.0/avrxmega4/memx-const/mapped\libgcc.a(_umulhisi3.o)
 .text.libgcc.fixed
                0x0000000000000000        0x0 c:/program files/microchip/xc8/v3.00/avr/bin/../lib/gcc/avr/5.4.0/avrxmega4/memx-const/mapped\libgcc.a(_umulhisi3.o)
 .text          0x0000000000000000        0x0 c:/program files/microchip/xc8/v3.00/avr/bin/../lib/gcc/avr/5.4.0/../../../../avr/lib/avrxmega4/memx-const/mapped\libc.a(exit.o)
 .data          0x0000000000000000        0x0 c:/program files/microchip/xc8/v3.00/avr/bin/../lib/gcc/avr/5.4.0/../../../../avr/lib/avrxmega4/memx-const/mapped\libc.a(exit.o)
 .bss           0x0000000000000000        0x0 c:/program files/microchip/xc8/v3.00/avr/bin/../lib/gcc/avr/5.4.0/../../../../avr/lib/avrxmega4/memx-const/mapped\libc.a(exit.o)
 .stack.descriptors
                0x0000000000000000       0x73 c:/program files/microchip/xc8/v3.00/avr/bin/../lib/gcc/avr/5.4.0/../../../../avr/lib/avrxmega4/memx-const/mapped\libc.a(exit.o)
 .text          0x0000000000000000        0x0 c:/program files/microchip/xc8/v3.00/avr/bin/../lib/gcc/avr/5.4.0/../../../../avr/lib/avrxmega4/memx-const/mapped\libc.a(_Exit.o)
 .data          0x0000000000000000        0x0 c:/program files/microchip/xc8/v3.00/avr/bin/../lib/gcc/avr/5.4.0/../../../../avr/lib/avrxmega4/memx-const/mapped\libc.a(_Exit.o)
 .bss           0x0000000000000000        0x0 c:/program files/microchip/xc8/v3.00/avr/bin/../lib/gcc/avr/5.4.0/../../../../avr/lib/avrxmega4/memx-const/mapped\libc.a(_Exit.o)
 .stack.descriptors
                0x0000000000000000       0x13 c:/program files/microchip/xc8/v3.00/avr/bin/../lib/gcc/avr/5.4.0/../../../../avr/lib/avrxmega4/memx-const/mapped\libc.a(_Exit.o)
 .text          0x0000000000000000        0x0 c:/program files/microchip/xc8/v3.00/avr/bin/../lib/gcc/avr/5.4.0/avrxmega4/memx-const/mapped\libgcc.a(_exit.o)
 .data          0x0000000000000000        0x0 c:/program files/microchip/xc8/v3.00/avr/bin/../lib/gcc/avr/5.4.0/avrxmega4/memx-const/mapped\libgcc.a(_exit.o)
 .bss           0x0000000000000000        0x0 c:/program files/microchip/xc8/v3.00/avr/bin/../lib/gcc/avr/5.4.0/avrxmega4/memx-const/mapped\libgcc.a(_exit.o)
 .text.libgcc.mul
                0x0000000000000000        0x0 c:/program files/microchip/xc8/v3.00/avr/bin/../lib/gcc/avr/5.4.0/avrxmega4/memx-const/mapped\libgcc.a(_exit.o)
 .text.libgcc.div
                0x0000000000000000        0x0 c:/program files/microchip/xc8/v3.00/avr/bin/../lib/gcc/avr/5.4.0/avrxmega4/memx-const/mapped\libgcc.a(_exit.o)
 .text.libgcc   0x0000000000000000        0x0 c:/program files/microchip/xc8/v3.00/avr/bin/../lib/gcc/avr/5.4.0/avrxmega4/memx-const/mapped\libgcc.a(_exit.o)
 .text.libgcc.prologue
                0x0000000000000000        0x0 c:/program files/microchip/xc8/v3.00/avr/bin/../lib/gcc/avr/5.4.0/avrxmega4/memx-const/mapped\libgcc.a(_exit.o)
 .stack.descriptors
                0x0000000000000000       0x13 c:/program files/microchip/xc8/v3.00/avr/bin/../lib/gcc/avr/5.4.0/avrxmega4/memx-const/mapped\libgcc.a(_exit.o)
 .text.libgcc.builtins
                0x0000000000000000        0x0 c:/program files/microchip/xc8/v3.00/avr/bin/../lib/gcc/avr/5.4.0/avrxmega4/memx-const/mapped\libgcc.a(_exit.o)
 .text.libgcc.fmul
                0x0000000000000000        0x0 c:/program files/microchip/xc8/v3.00/avr/bin/../lib/gcc/avr/5.4.0/avrxmega4/memx-const/mapped\libgcc.a(_exit.o)
 .text.libgcc.fixed
                0x0000000000000000        0x0 c:/program files/microchip/xc8/v3.00/avr/bin/../lib/gcc/avr/5.4.0/avrxmega4/memx-const/mapped\libgcc.a(_exit.o)

Memory Configuration

Name             Origin             Length             Attributes
text             0x0000000000000000 0x0000000000020000 xr
data             0x0000000000804000 0x0000000000004000 rw !x
eeprom           0x0000000000810000 0x0000000000000200 rw !x
fuse             0x0000000000820000 0x0000000000000010 rw !x
lock             0x0000000000830000 0x0000000000000400 rw !x
signature        0x0000000000840000 0x0000000000000400 rw !x
user_signatures  0x0000000000850000 0x0000000000000400 rw !x
bootrow          0x0000000000860000 0x0000000000000400 rw !x
*default*        0x0000000000000000 0xffffffffffffffff

Linker script and memory map

Address of section .data set to 0x804000
                0x0000000000008000                __RODATA_PM_OFFSET__ = 0x8000
LOAD C:/Program Files/Microchip/MPLABX/v6.20/packs/Microchip/AVR-Dx_DFP/2.4.286/xc8/avr/lib/avrxmega4/memx-const/mapped/crtavr128db48.o
                0x0000000000000001                __MPLAB_BUILD = 0x1
LOAD build/default/production/mcc_generated_files/system/src/config_bits.o
LOAD build/default/production/mcc_generated_files/system/src/system.o
LOAD build/default/production/mcc_generated_files/timer/src/tca0.o
LOAD build/default/production/mcc_generated_files/system/src/interrupt.o
LOAD build/default/production/mcc_generated_files/system/src/protected_io.o
LOAD build/default/production/mcc_generated_files/system/src/clock.o
LOAD build/default/production/main.o
LOAD build/default/production/mcc_generated_files/system/src/pins.o
START GROUP
LOAD c:/program files/microchip/xc8/v3.00/avr/bin/../lib/gcc/avr/5.4.0/../../../../avr/lib/avrxmega4/memx-const/mapped\libm.a
END GROUP
START GROUP
LOAD c:/program files/microchip/xc8/v3.00/avr/bin/../lib/gcc/avr/5.4.0/avrxmega4/memx-const/mapped\libgcc.a
LOAD c:/program files/microchip/xc8/v3.00/avr/bin/../lib/gcc/avr/5.4.0/../../../../avr/lib/avrxmega4/memx-const/mapped\libm.a
LOAD c:/program files/microchip/xc8/v3.00/avr/bin/../lib/gcc/avr/5.4.0/../../../../avr/lib/avrxmega4/memx-const/mapped\libc.a
LOAD C:/Program Files/Microchip/MPLABX/v6.20/packs/Microchip/AVR-Dx_DFP/2.4.286/xc8/avr/lib/avrxmega4/memx-const/mapped\libavr128db48.a
END GROUP
                [0x0000000000000000]                __TEXT_REGION_ORIGIN__ = DEFINED (__TEXT_REGION_ORIGIN__)?__TEXT_REGION_ORIGIN__:0x0
                [0x0000000000804000]                __DATA_REGION_ORIGIN__ = DEFINED (__DATA_REGION_ORIGIN__)?__DATA_REGION_ORIGIN__:0x802000
                [0x0000000000020000]                __TEXT_REGION_LENGTH__ = DEFINED (__TEXT_REGION_LENGTH__)?__TEXT_REGION_LENGTH__:0x100000
                [0x0000000000004000]                __DATA_REGION_LENGTH__ = DEFINED (__DATA_REGION_LENGTH__)?__DATA_REGION_LENGTH__:0xffa0
                [0x0000000000000200]                __EEPROM_REGION_LENGTH__ = DEFINED (__EEPROM_REGION_LENGTH__)?__EEPROM_REGION_LENGTH__:0x10000
                [0x0000000000000010]                __FUSE_REGION_LENGTH__ = DEFINED (__FUSE_REGION_LENGTH__)?__FUSE_REGION_LENGTH__:0x400
                0x0000000000000400                __LOCK_REGION_LENGTH__ = DEFINED (__LOCK_REGION_LENGTH__)?__LOCK_REGION_LENGTH__:0x400
                0x0000000000000400                __SIGNATURE_REGION_LENGTH__ = DEFINED (__SIGNATURE_REGION_LENGTH__)?__SIGNATURE_REGION_LENGTH__:0x400
                0x0000000000000400                __USER_SIGNATURE_REGION_LENGTH__ = DEFINED (__USER_SIGNATURE_REGION_LENGTH__)?__USER_SIGNATURE_REGION_LENGTH__:0x400
                0x0000000000000400                __BOOTROW_REGION_LENGTH__ = DEFINED (__BOOTROW_REGION_LENGTH__)?__BOOTROW_REGION_LENGTH__:0x400

.hash
 *(.hash)

.dynsym
 *(.dynsym)

.dynstr
 *(.dynstr)

.gnu.version
 *(.gnu.version)

.gnu.version_d
 *(.gnu.version_d)

.gnu.version_r
 *(.gnu.version_r)

.rel.init
 *(.rel.init)

.rela.init
 *(.rela.init)

.rel.text
 *(.rel.text)
 *(.rel.text.*)
 *(.rel.gnu.linkonce.t*)

.rela.text
 *(.rela.text)
 *(.rela.text.*)
 *(.rela.gnu.linkonce.t*)

.rel.fini
 *(.rel.fini)

.rela.fini
 *(.rela.fini)

.rel.rodata
 *(.rel.rodata)
 *(.rel.rodata.*)
 *(.rel.gnu.linkonce.r*)

.rela.rodata
 *(.rela.rodata)
 *(.rela.rodata.*)
 *(.rela.gnu.linkonce.r*)

.rel.data
 *(.rel.data)
 *(.rel.data.*)
 *(.rel.gnu.linkonce.d*)

.rela.data
 *(.rela.data)
 *(.rela.data.*)
 *(.rela.gnu.linkonce.d*)

.rel.ctors
 *(.rel.ctors)

.rela.ctors
 *(.rela.ctors)

.rel.dtors
 *(.rel.dtors)

.rela.dtors
 *(.rela.dtors)

.rel.got
 *(.rel.got)

.rela.got
 *(.rela.got)

.rel.bss
 *(.rel.bss)

.rela.bss
 *(.rela.bss)

.rel.plt
 *(.rel.plt)

.rela.plt
 *(.rela.plt)

.text           0x0000000000000000      0x164
 *(.vectors)
 .vectors       0x0000000000000000       0xf4 C:/Program Files/Microchip/MPLABX/v6.20/packs/Microchip/AVR-Dx_DFP/2.4.286/xc8/avr/lib/avrxmega4/memx-const/mapped/crtavr128db48.o
                0x0000000000000000                __vector_default
                0x0000000000000000                __vectors
 *(.vectors)
 *(.progmem.gcc*)
 *(.dinit)
 .dinit         0x00000000000000f4        0x5 data_init
                0x00000000000000fa                . = ALIGN (0x2)
 *fill*         0x00000000000000f9        0x1 
                0x00000000000000fa                __trampolines_start = .
 *(.trampolines)
 .trampolines   0x00000000000000fa        0x0 linker stubs
 *(.trampolines*)
                0x00000000000000fa                __trampolines_end = .
 *libprintf_flt.a:*(.progmem.data)
 *libc.a:*(.progmem.data)
                0x00000000000000fa                . = ALIGN (0x2)
 *(.jumptables)
 *(.jumptables*)
 *(.lowtext)
 *(.lowtext*)
                0x00000000000000fa                __ctors_start = .
 *(.ctors)
                0x00000000000000fa                __ctors_end = .
                0x00000000000000fa                __dtors_start = .
 *(.dtors)
                0x00000000000000fa                __dtors_end = .
 SORT(*)(.ctors)
 SORT(*)(.dtors)
 *(.init0)
 .init0         0x00000000000000fa        0x0 C:/Program Files/Microchip/MPLABX/v6.20/packs/Microchip/AVR-Dx_DFP/2.4.286/xc8/avr/lib/avrxmega4/memx-const/mapped/crtavr128db48.o
                0x00000000000000fa                __init
 *(.init0)
 *(.init1)
 .init1         0x00000000000000fa       0x12 C:/Program Files/Microchip/MPLABX/v6.20/packs/Microchip/AVR-Dx_DFP/2.4.286/xc8/avr/lib/avrxmega4/memx-const/mapped/crtavr128db48.o
 *(.init1)
 *(.init2)
 .init2         0x000000000000010c        0xc C:/Program Files/Microchip/MPLABX/v6.20/packs/Microchip/AVR-Dx_DFP/2.4.286/xc8/avr/lib/avrxmega4/memx-const/mapped/crtavr128db48.o
 *(.init2)
 *(.init3)
 *(.init3)
 *(.init4)
 .init4         0x0000000000000118       0x40 c:/program files/microchip/xc8/v3.00/avr/bin/../lib/gcc/avr/5.4.0/avrxmega4/memx-const/mapped\libgcc.a(_copy_data.o)
                0x0000000000000118                __do_copy_data
                0x000000000000014a                __do_clear_bss
 *(.init4)
 *(.init5)
 *(.init5)
 *(.init6)
 *(.init6)
 *(.init7)
 *(.init7)
 *(.init8)
 *(.init8)
 *(.init9)
 .init9         0x0000000000000158        0x8 C:/Program Files/Microchip/MPLABX/v6.20/packs/Microchip/AVR-Dx_DFP/2.4.286/xc8/avr/lib/avrxmega4/memx-const/mapped/crtavr128db48.o
 *(.init9)
                0x0000000000000160                . = ALIGN (0x2)
 *(.fini9)
 .fini9         0x0000000000000160        0x0 c:/program files/microchip/xc8/v3.00/avr/bin/../lib/gcc/avr/5.4.0/avrxmega4/memx-const/mapped\libgcc.a(_exit.o)
                0x0000000000000160                _exit
 *(.fini9)
 *(.fini8)
 *(.fini8)
 *(.fini7)
 *(.fini7)
 *(.fini6)
 *(.fini6)
 *(.fini5)
 *(.fini5)
 *(.fini4)
 *(.fini4)
 *(.fini3)
 *(.fini3)
 *(.fini2)
 *(.fini2)
 *(.fini1)
 *(.fini1)
 *(.fini0)
 .fini0         0x0000000000000160        0x4 c:/program files/microchip/xc8/v3.00/avr/bin/../lib/gcc/avr/5.4.0/avrxmega4/memx-const/mapped\libgcc.a(_exit.o)
 *(.fini0)
                0x0000000000000164                _etext = .

.data           0x0000000000804000        0x0 load address 0x0000000000000164
                [!provide]                        PROVIDE (__data_start, .)
 *(.gnu.linkonce.d*)
 *(.gnu.linkonce.r*)
                0x0000000000804000                . = ALIGN (0x2)
                0x0000000000804000                _edata = .
                [!provide]                        PROVIDE (__data_end, .)

.bss            0x0000000000804000        0x0
                [!provide]                        PROVIDE (__bss_start, .)
 *(COMMON)
                [!provide]                        PROVIDE (__bss_end, .)
                0x0000000000000164                __data_load_start = LOADADDR (.data)
                0x0000000000000164                __data_load_end = (__data_load_start + SIZEOF (.data))

.noinit         0x0000000000804000        0x0
                [!provide]                        PROVIDE (__noinit_start, .)
 *(.noinit*)
                [!provide]                        PROVIDE (__noinit_end, .)
                0x0000000000804000                _end = .

.eeprom         0x0000000000810000        0x0
 *(.eeprom*)
                0x0000000000810000                __eeprom_end = .

.fuse           0x0000000000820000        0x9
 *(.fuse)
 .fuse          0x0000000000820000        0x9 build/default/production/mcc_generated_files/system/src/config_bits.o
                0x0000000000820000                __fuse
 *(.lfuse)
 *(.hfuse)
 *(.efuse)

.lock
 *(.lock*)

.signature
 *(.signature*)

.user_signatures
 *(.user_signatures*)

.bootrow
 *(.bootrow*)

.stab
 *(.stab)

.stabstr
 *(.stabstr)

.stab.excl
 *(.stab.excl)

.stab.exclstr
 *(.stab.exclstr)

.stab.index
 *(.stab.index)

.stab.indexstr
 *(.stab.indexstr)

.comment        0x0000000000000000       0x5b
 *(.comment)
 .comment       0x0000000000000000       0x2f build/default/production/mcc_generated_files/system/src/config_bits.o
                                         0x30 (size before relaxing)
 .comment       0x000000000000002f       0x30 build/default/production/mcc_generated_files/system/src/system.o
 .comment       0x000000000000002f       0x30 build/default/production/mcc_generated_files/timer/src/tca0.o
 .comment       0x000000000000002f       0x30 build/default/production/mcc_generated_files/system/src/interrupt.o
 .comment       0x000000000000002f       0x30 build/default/production/mcc_generated_files/system/src/clock.o
 .comment       0x000000000000002f       0x30 build/default/production/main.o
 .comment       0x000000000000002f       0x30 build/default/production/mcc_generated_files/system/src/pins.o
 .comment       0x000000000000002f       0x2c c:/program files/microchip/xc8/v3.00/avr/bin/../lib/gcc/avr/5.4.0/../../../../avr/lib/avrxmega4/memx-const/mapped\libc.a(exit.o)
                                         0x2d (size before relaxing)
 .comment       0x000000000000005b       0x2d c:/program files/microchip/xc8/v3.00/avr/bin/../lib/gcc/avr/5.4.0/../../../../avr/lib/avrxmega4/memx-const/mapped\libc.a(_Exit.o)

.stack.descriptors.hdr
                0x0000000000000000       0xee
 .stack.descriptors.hdr
                0x0000000000000000        0xe c:/program files/microchip/xc8/v3.00/avr/bin/../lib/gcc/avr/5.4.0/../../../../avr/lib/avrxmega4/memx-const/mapped\libm.a(cmpsf2.o)
 .stack.descriptors.hdr
                0x000000000000000e        0xe c:/program files/microchip/xc8/v3.00/avr/bin/../lib/gcc/avr/5.4.0/../../../../avr/lib/avrxmega4/memx-const/mapped\libm.a(fixunssfsi.o)
 .stack.descriptors.hdr
                0x000000000000001c        0xe c:/program files/microchip/xc8/v3.00/avr/bin/../lib/gcc/avr/5.4.0/../../../../avr/lib/avrxmega4/memx-const/mapped\libm.a(fp_cmp.o)
 .stack.descriptors.hdr
                0x000000000000002a        0xe c:/program files/microchip/xc8/v3.00/avr/bin/../lib/gcc/avr/5.4.0/../../../../avr/lib/avrxmega4/memx-const/mapped\libm.a(fp_split3.o)
 .stack.descriptors.hdr
                0x0000000000000038        0xe c:/program files/microchip/xc8/v3.00/avr/bin/../lib/gcc/avr/5.4.0/../../../../avr/lib/avrxmega4/memx-const/mapped\libm.a(fp_zero.o)
 .stack.descriptors.hdr
                0x0000000000000046        0xe c:/program files/microchip/xc8/v3.00/avr/bin/../lib/gcc/avr/5.4.0/../../../../avr/lib/avrxmega4/memx-const/mapped\libm.a(gesf2.o)
 .stack.descriptors.hdr
                0x0000000000000054        0xe c:/program files/microchip/xc8/v3.00/avr/bin/../lib/gcc/avr/5.4.0/../../../../avr/lib/avrxmega4/memx-const/mapped\libm.a(mulsf3.o)
 .stack.descriptors.hdr
                0x0000000000000062        0xe c:/program files/microchip/xc8/v3.00/avr/bin/../lib/gcc/avr/5.4.0/../../../../avr/lib/avrxmega4/memx-const/mapped\libm.a(mulsf3x.o)
 .stack.descriptors.hdr
                0x0000000000000070        0xe c:/program files/microchip/xc8/v3.00/avr/bin/../lib/gcc/avr/5.4.0/../../../../avr/lib/avrxmega4/memx-const/mapped\libm.a(fp_inf.o)
 .stack.descriptors.hdr
                0x000000000000007e        0xe c:/program files/microchip/xc8/v3.00/avr/bin/../lib/gcc/avr/5.4.0/../../../../avr/lib/avrxmega4/memx-const/mapped\libm.a(fp_nan.o)
 .stack.descriptors.hdr
                0x000000000000008c        0xe c:/program files/microchip/xc8/v3.00/avr/bin/../lib/gcc/avr/5.4.0/../../../../avr/lib/avrxmega4/memx-const/mapped\libm.a(fp_pscA.o)
 .stack.descriptors.hdr
                0x000000000000009a        0xe c:/program files/microchip/xc8/v3.00/avr/bin/../lib/gcc/avr/5.4.0/../../../../avr/lib/avrxmega4/memx-const/mapped\libm.a(fp_pscB.o)
 .stack.descriptors.hdr
                0x00000000000000a8        0xe c:/program files/microchip/xc8/v3.00/avr/bin/../lib/gcc/avr/5.4.0/../../../../avr/lib/avrxmega4/memx-const/mapped\libm.a(fp_round.o)
 .stack.descriptors.hdr
                0x00000000000000b6        0xe c:/program files/microchip/xc8/v3.00/avr/bin/../lib/gcc/avr/5.4.0/avrxmega4/memx-const/mapped\libgcc.a(_umulhisi3.o)
 .stack.descriptors.hdr
                0x00000000000000c4        0xe c:/program files/microchip/xc8/v3.00/avr/bin/../lib/gcc/avr/5.4.0/../../../../avr/lib/avrxmega4/memx-const/mapped\libc.a(exit.o)
 .stack.descriptors.hdr
                0x00000000000000d2        0xe c:/program files/microchip/xc8/v3.00/avr/bin/../lib/gcc/avr/5.4.0/../../../../avr/lib/avrxmega4/memx-const/mapped\libc.a(_Exit.o)
 .stack.descriptors.hdr
                0x00000000000000e0        0xe c:/program files/microchip/xc8/v3.00/avr/bin/../lib/gcc/avr/5.4.0/avrxmega4/memx-const/mapped\libgcc.a(_exit.o)

.note.GNU-stack
                0x0000000000000000        0x0
 .note.GNU-stack
                0x0000000000000000        0x0 c:/program files/microchip/xc8/v3.00/avr/bin/../lib/gcc/avr/5.4.0/../../../../avr/lib/avrxmega4/memx-const/mapped\libm.a(cmpsf2.o)
 .note.GNU-stack
                0x0000000000000000        0x0 c:/program files/microchip/xc8/v3.00/avr/bin/../lib/gcc/avr/5.4.0/../../../../avr/lib/avrxmega4/memx-const/mapped\libm.a(fixunssfsi.o)
 .note.GNU-stack
                0x0000000000000000        0x0 c:/program files/microchip/xc8/v3.00/avr/bin/../lib/gcc/avr/5.4.0/../../../../avr/lib/avrxmega4/memx-const/mapped\libm.a(fp_cmp.o)
 .note.GNU-stack
                0x0000000000000000        0x0 c:/program files/microchip/xc8/v3.00/avr/bin/../lib/gcc/avr/5.4.0/../../../../avr/lib/avrxmega4/memx-const/mapped\libm.a(fp_split3.o)
 .note.GNU-stack
                0x0000000000000000        0x0 c:/program files/microchip/xc8/v3.00/avr/bin/../lib/gcc/avr/5.4.0/../../../../avr/lib/avrxmega4/memx-const/mapped\libm.a(fp_zero.o)
 .note.GNU-stack
                0x0000000000000000        0x0 c:/program files/microchip/xc8/v3.00/avr/bin/../lib/gcc/avr/5.4.0/../../../../avr/lib/avrxmega4/memx-const/mapped\libm.a(gesf2.o)
 .note.GNU-stack
                0x0000000000000000        0x0 c:/program files/microchip/xc8/v3.00/avr/bin/../lib/gcc/avr/5.4.0/../../../../avr/lib/avrxmega4/memx-const/mapped\libm.a(mulsf3.o)
 .note.GNU-stack
                0x0000000000000000        0x0 c:/program files/microchip/xc8/v3.00/avr/bin/../lib/gcc/avr/5.4.0/../../../../avr/lib/avrxmega4/memx-const/mapped\libm.a(mulsf3x.o)
 .note.GNU-stack
                0x0000000000000000        0x0 c:/program files/microchip/xc8/v3.00/avr/bin/../lib/gcc/avr/5.4.0/../../../../avr/lib/avrxmega4/memx-const/mapped\libm.a(fp_inf.o)
 .note.GNU-stack
                0x0000000000000000        0x0 c:/program files/microchip/xc8/v3.00/avr/bin/../lib/gcc/avr/5.4.0/../../../../avr/lib/avrxmega4/memx-const/mapped\libm.a(fp_nan.o)
 .note.GNU-stack
                0x0000000000000000        0x0 c:/program files/microchip/xc8/v3.00/avr/bin/../lib/gcc/avr/5.4.0/../../../../avr/lib/avrxmega4/memx-const/mapped\libm.a(fp_pscA.o)
 .note.GNU-stack
                0x0000000000000000        0x0 c:/program files/microchip/xc8/v3.00/avr/bin/../lib/gcc/avr/5.4.0/../../../../avr/lib/avrxmega4/memx-const/mapped\libm.a(fp_pscB.o)
 .note.GNU-stack
                0x0000000000000000        0x0 c:/program files/microchip/xc8/v3.00/avr/bin/../lib/gcc/avr/5.4.0/../../../../avr/lib/avrxmega4/memx-const/mapped\libm.a(fp_round.o)
 .note.GNU-stack
                0x0000000000000000        0x0 c:/program files/microchip/xc8/v3.00/avr/bin/../lib/gcc/avr/5.4.0/../../../../avr/lib/avrxmega4/memx-const/mapped\libc.a(exit.o)
 .note.GNU-stack
                0x0000000000000000        0x0 c:/program files/microchip/xc8/v3.00/avr/bin/../lib/gcc/avr/5.4.0/../../../../avr/lib/avrxmega4/memx-const/mapped\libc.a(_Exit.o)

.note.gnu.build-id
 *(.note.gnu.build-id)

.debug
 *(.debug)

.line
 *(.line)

.debug_srcinfo
 *(.debug_srcinfo)

.debug_sfnames
 *(.debug_sfnames)

.debug_aranges  0x0000000000000000       0xf8
 *(.debug_aranges)
 .debug_aranges
                0x0000000000000000       0x18 build/default/production/mcc_generated_files/system/src/config_bits.o
 .debug_aranges
                0x0000000000000018       0x20 build/default/production/mcc_generated_files/system/src/system.o
 .debug_aranges
                0x0000000000000038       0x20 build/default/production/mcc_generated_files/timer/src/tca0.o
 .debug_aranges
                0x0000000000000058       0x20 build/default/production/mcc_generated_files/system/src/interrupt.o
 .debug_aranges
                0x0000000000000078       0x20 build/default/production/mcc_generated_files/system/src/protected_io.o
 .debug_aranges
                0x0000000000000098       0x20 build/default/production/mcc_generated_files/system/src/clock.o
 .debug_aranges
                0x00000000000000b8       0x20 build/default/production/main.o
 .debug_aranges
                0x00000000000000d8       0x20 build/default/production/mcc_generated_files/system/src/pins.o

.debug_pubnames
 *(.debug_pubnames)

.debug_info     0x0000000000000000     0x6a4f
 *(.debug_info .gnu.linkonce.wi.*)
 .debug_info    0x0000000000000000     0x3545 C:/Program Files/Microchip/MPLABX/v6.20/packs/Microchip/AVR-Dx_DFP/2.4.286/xc8/avr/lib/avrxmega4/memx-const/mapped/crtavr128db48.o
 .debug_info    0x0000000000003545      0x859 build/default/production/mcc_generated_files/system/src/config_bits.o
 .debug_info    0x0000000000003d9e      0x24a build/default/production/mcc_generated_files/system/src/system.o
 .debug_info    0x0000000000003fe8     0x10e0 build/default/production/mcc_generated_files/timer/src/tca0.o
 .debug_info    0x00000000000050c8      0x364 build/default/production/mcc_generated_files/system/src/interrupt.o
 .debug_info    0x000000000000542c       0x9a build/default/production/mcc_generated_files/system/src/protected_io.o
 .debug_info    0x00000000000054c6      0xb2d build/default/production/mcc_generated_files/system/src/clock.o
 .debug_info    0x0000000000005ff3      0x330 build/default/production/main.o
 .debug_info    0x0000000000006323      0x72c build/default/production/mcc_generated_files/system/src/pins.o

.debug_abbrev   0x0000000000000000     0x3864
 *(.debug_abbrev)
 .debug_abbrev  0x0000000000000000     0x3274 C:/Program Files/Microchip/MPLABX/v6.20/packs/Microchip/AVR-Dx_DFP/2.4.286/xc8/avr/lib/avrxmega4/memx-const/mapped/crtavr128db48.o
 .debug_abbrev  0x0000000000003274       0x97 build/default/production/mcc_generated_files/system/src/config_bits.o
 .debug_abbrev  0x000000000000330b       0x37 build/default/production/mcc_generated_files/system/src/system.o
 .debug_abbrev  0x0000000000003342      0x19a build/default/production/mcc_generated_files/timer/src/tca0.o
 .debug_abbrev  0x00000000000034dc       0xbe build/default/production/mcc_generated_files/system/src/interrupt.o
 .debug_abbrev  0x000000000000359a       0x14 build/default/production/mcc_generated_files/system/src/protected_io.o
 .debug_abbrev  0x00000000000035ae       0xea build/default/production/mcc_generated_files/system/src/clock.o
 .debug_abbrev  0x0000000000003698       0xbf build/default/production/main.o
 .debug_abbrev  0x0000000000003757      0x10d build/default/production/mcc_generated_files/system/src/pins.o

.debug_line     0x0000000000000000     0x10d5
 *(.debug_line .debug_line.* .debug_line_end)
 .debug_line    0x0000000000000000      0x240 C:/Program Files/Microchip/MPLABX/v6.20/packs/Microchip/AVR-Dx_DFP/2.4.286/xc8/avr/lib/avrxmega4/memx-const/mapped/crtavr128db48.o
 .debug_line    0x0000000000000240      0x103 build/default/production/mcc_generated_files/system/src/config_bits.o
 .debug_line    0x0000000000000343       0x73 build/default/production/mcc_generated_files/system/src/system.o
 .debug_line    0x00000000000003b6      0x4d4 build/default/production/mcc_generated_files/timer/src/tca0.o
 .debug_line    0x000000000000088a      0x16e build/default/production/mcc_generated_files/system/src/interrupt.o
 .debug_line    0x00000000000009f8       0x73 build/default/production/mcc_generated_files/system/src/protected_io.o
 .debug_line    0x0000000000000a6b      0x1ca build/default/production/mcc_generated_files/system/src/clock.o
 .debug_line    0x0000000000000c35      0x148 build/default/production/main.o
 .debug_line    0x0000000000000d7d      0x358 build/default/production/mcc_generated_files/system/src/pins.o

.debug_frame    0x0000000000000000      0x71c
 *(.debug_frame)
 .debug_frame   0x0000000000000000       0x34 build/default/production/mcc_generated_files/system/src/system.o
 .debug_frame   0x0000000000000034      0x3b4 build/default/production/mcc_generated_files/timer/src/tca0.o
 .debug_frame   0x00000000000003e8       0x54 build/default/production/mcc_generated_files/system/src/interrupt.o
 .debug_frame   0x000000000000043c       0x94 build/default/production/mcc_generated_files/system/src/clock.o
 .debug_frame   0x00000000000004d0       0x34 build/default/production/main.o
 .debug_frame   0x0000000000000504      0x218 build/default/production/mcc_generated_files/system/src/pins.o

.debug_str      0x0000000000000000     0x1798
 *(.debug_str)
 .debug_str     0x0000000000000000     0x170f C:/Program Files/Microchip/MPLABX/v6.20/packs/Microchip/AVR-Dx_DFP/2.4.286/xc8/avr/lib/avrxmega4/memx-const/mapped/crtavr128db48.o
 .debug_str     0x000000000000170f        0x0 build/default/production/mcc_generated_files/system/src/config_bits.o
 .debug_str     0x000000000000170f        0x0 build/default/production/mcc_generated_files/system/src/system.o
 .debug_str     0x000000000000170f       0x75 build/default/production/mcc_generated_files/timer/src/tca0.o
 .debug_str     0x0000000000001784        0x0 build/default/production/mcc_generated_files/system/src/interrupt.o
 .debug_str     0x0000000000001784        0x0 build/default/production/mcc_generated_files/system/src/clock.o
 .debug_str     0x0000000000001784        0x0 build/default/production/main.o
 .debug_str     0x0000000000001784       0x14 build/default/production/mcc_generated_files/system/src/pins.o

.debug_loc
 *(.debug_loc)

.debug_macinfo
 *(.debug_macinfo)

.debug_weaknames
 *(.debug_weaknames)

.debug_funcnames
 *(.debug_funcnames)

.debug_typenames
 *(.debug_typenames)

.debug_varnames
 *(.debug_varnames)

.debug_pubtypes
 *(.debug_pubtypes)

.debug_ranges
 *(.debug_ranges)

.debug_macro
 *(.debug_macro)
OUTPUT(dist/default/production/week4_timer.X.production.elf elf32-avr)
LOAD linker stubs
LOAD data_init

.note.gnu.avr.deviceinfo
                0x0000000000000000       0x40
 .note.gnu.avr.deviceinfo
                0x0000000000000000       0x40 C:/Program Files/Microchip/MPLABX/v6.20/packs/Microchip/AVR-Dx_DFP/2.4.286/xc8/avr/lib/avrxmega4/memx-const/mapped/crtavr128db48.o

.bss            0x0000000000804000        0xa
 .bss           0x0000000000804000        0xa build/default/production/mcc_generated_files/timer/src/tca0.o

.bss            0x000000000080400a        0x2
 .bss           0x000000000080400a        0x2 build/default/production/main.o
                0x000000000080400a                a

.bss            0x000000000080400c        0x2
 .bss           0x000000000080400c        0x2 build/default/production/mcc_generated_files/system/src/pins.o

.text           0x0000000000000164      0x5c8
 .text          0x0000000000000164      0x5c8 build/default/production/mcc_generated_files/timer/src/tca0.o
                0x0000000000000164                TCA0_Initialize
                0x0000000000000218                TCA0_Deinitialize
                0x00000000000002d0                TCA0_Start
                0x00000000000002f2                TCA0_Stop
                0x0000000000000314                TCA0_LowCounterSet
                0x0000000000000334                TCA0_LowCounterGet
                0x000000000000034a                TCA0_HighCounterSet
                0x000000000000036a                TCA0_HighCounterGet
                0x0000000000000380                TCA0_HighPeriodSet
                0x00000000000003a0                TCA0_LowPeriodSet
                0x00000000000003c0                TCA0_HighPeriodGet
                0x00000000000003d6                TCA0_LowPeriodGet
                0x00000000000003ec                TCA0_MaxCountGet
                0x00000000000003fc                TCA0_HUNFInterruptFlagClear
                0x0000000000000416                TCA0_HUNFInterruptStatusGet
                0x0000000000000440                TCA0_LUNFInterruptFlagClear
                0x000000000000045a                TCA0_LUNFInterruptStatusGet
                0x0000000000000484                TCA0_LCMP0InterruptFlagClear
                0x000000000000049e                TCA0_LCMP0InterruptStatusGet
                0x00000000000004c8                TCA0_LCMP1InterruptFlagClear
                0x00000000000004e2                TCA0_LCMP1InterruptStatusGet
                0x000000000000050c                TCA0_LCMP2InterruptFlagClear
                0x0000000000000526                TCA0_LCMP2InterruptStatusGet
                0x0000000000000550                TCA0_Tasks
                0x000000000000066e                TCA0_HighCountCallbackRegister
                0x0000000000000694                TCA0_LowCompare0CallbackRegister
                0x00000000000006ba                TCA0_LowCompare1CallbackRegister
                0x00000000000006e0                TCA0_LowCompare2CallbackRegister
                0x0000000000000706                TCA0_LowCountCallbackRegister

.text           0x000000000000072c      0x476
 .text          0x000000000000072c      0x476 build/default/production/mcc_generated_files/system/src/pins.o
                0x000000000000072c                PIN_MANAGER_Initialize
                0x0000000000000980                LED0_SetInterruptHandler
                0x00000000000009a6                LED0_DefaultInterruptHandler
                0x00000000000009b6                __vector_8
                0x00000000000009fe                __vector_45
                0x0000000000000a82                __vector_30
                0x0000000000000aca                __vector_24
                0x0000000000000b12                __vector_46
                0x0000000000000b5a                __vector_35

.text           0x0000000000000ba2      0x13e
 .text          0x0000000000000ba2      0x13e build/default/production/main.o
                0x0000000000000ba2                main

.text           0x0000000000000ce0      0x10c
 .text          0x0000000000000ce0      0x10c build/default/production/mcc_generated_files/system/src/clock.o
                0x0000000000000d0c                CLOCK_Initialize
                0x0000000000000da0                CFD_Enable
                0x0000000000000dc8                CFD_Disable

.text           0x0000000000000dec       0xd4
 .text          0x0000000000000dec       0xd4 c:/program files/microchip/xc8/v3.00/avr/bin/../lib/gcc/avr/5.4.0/../../../../avr/lib/avrxmega4/memx-const/mapped\libm.a(mulsf3x.o)
                0x0000000000000dec                __mulsf3x
                0x0000000000000e12                __mulsf3_pse

.text           0x0000000000000ec0       0x5e
 .text          0x0000000000000ec0       0x5e c:/program files/microchip/xc8/v3.00/avr/bin/../lib/gcc/avr/5.4.0/../../../../avr/lib/avrxmega4/memx-const/mapped\libm.a(fixunssfsi.o)
                0x0000000000000ec0                __fixunssfsi

.text           0x0000000000000f1e       0x56
 .text          0x0000000000000f1e       0x56 build/default/production/mcc_generated_files/system/src/interrupt.o
                0x0000000000000f4a                CPUINT_Initialize

.text           0x0000000000000f74       0x48
 .text          0x0000000000000f74       0x48 c:/program files/microchip/xc8/v3.00/avr/bin/../lib/gcc/avr/5.4.0/../../../../avr/lib/avrxmega4/memx-const/mapped\libm.a(fp_cmp.o)
                0x0000000000000f74                __fp_cmp

.text           0x0000000000000fbc       0x44
 .text          0x0000000000000fbc       0x44 c:/program files/microchip/xc8/v3.00/avr/bin/../lib/gcc/avr/5.4.0/../../../../avr/lib/avrxmega4/memx-const/mapped\libm.a(fp_split3.o)
                0x0000000000000fbc                __fp_split3
                0x0000000000000fcc                __fp_splitA

.text           0x0000000000001000       0x22
 .text          0x0000000000001000       0x22 c:/program files/microchip/xc8/v3.00/avr/bin/../lib/gcc/avr/5.4.0/../../../../avr/lib/avrxmega4/memx-const/mapped\libm.a(fp_round.o)
                0x0000000000001000                __fp_round

.text           0x0000000000001022       0x20
 .text          0x0000000000001022       0x20 build/default/production/mcc_generated_files/system/src/system.o
                0x0000000000001022                SYSTEM_Initialize

.text.libgcc.mul
                0x0000000000001042       0x1e
 .text.libgcc.mul
                0x0000000000001042       0x1e c:/program files/microchip/xc8/v3.00/avr/bin/../lib/gcc/avr/5.4.0/avrxmega4/memx-const/mapped\libgcc.a(_umulhisi3.o)
                0x0000000000001042                __umulhisi3

.text.exit      0x0000000000001060       0x16
 .text.exit     0x0000000000001060       0x16 c:/program files/microchip/xc8/v3.00/avr/bin/../lib/gcc/avr/5.4.0/../../../../avr/lib/avrxmega4/memx-const/mapped\libc.a(exit.o)
                0x0000000000001060                exit

.text           0x0000000000001076        0xe
 .text          0x0000000000001076        0xe c:/program files/microchip/xc8/v3.00/avr/bin/../lib/gcc/avr/5.4.0/../../../../avr/lib/avrxmega4/memx-const/mapped\libm.a(fp_zero.o)
                0x0000000000001076                __fp_zero
                0x0000000000001078                __fp_szero

.text           0x0000000000001084        0xe
 .text          0x0000000000001084        0xe c:/program files/microchip/xc8/v3.00/avr/bin/../lib/gcc/avr/5.4.0/../../../../avr/lib/avrxmega4/memx-const/mapped\libm.a(fp_pscA.o)
                0x0000000000001084                __fp_pscA

.text           0x0000000000001092        0xe
 .text          0x0000000000001092        0xe c:/program files/microchip/xc8/v3.00/avr/bin/../lib/gcc/avr/5.4.0/../../../../avr/lib/avrxmega4/memx-const/mapped\libm.a(fp_pscB.o)
                0x0000000000001092                __fp_pscB

.text           0x00000000000010a0        0xc
 .text          0x00000000000010a0        0xc c:/program files/microchip/xc8/v3.00/avr/bin/../lib/gcc/avr/5.4.0/../../../../avr/lib/avrxmega4/memx-const/mapped\libm.a(fp_inf.o)
                0x00000000000010a0                __fp_inf

.text.protected_write_io
                0x00000000000010ac        0xa
 .text.protected_write_io
                0x00000000000010ac        0xa build/default/production/mcc_generated_files/system/src/protected_io.o
                0x00000000000010ac                protected_write_io

.text           0x00000000000010b6        0xa
 .text          0x00000000000010b6        0xa c:/program files/microchip/xc8/v3.00/avr/bin/../lib/gcc/avr/5.4.0/../../../../avr/lib/avrxmega4/memx-const/mapped\libm.a(cmpsf2.o)
                0x00000000000010b6                __nesf2
                0x00000000000010b6                __eqsf2
                0x00000000000010b6                __cmpsf2
                0x00000000000010b6                __ltsf2
                0x00000000000010b6                __lesf2

.text           0x00000000000010c0        0xa
 .text          0x00000000000010c0        0xa c:/program files/microchip/xc8/v3.00/avr/bin/../lib/gcc/avr/5.4.0/../../../../avr/lib/avrxmega4/memx-const/mapped\libm.a(gesf2.o)
                0x00000000000010c0                __gesf2
                0x00000000000010c0                __gtsf2

.text           0x00000000000010ca        0x8
 .text          0x00000000000010ca        0x8 c:/program files/microchip/xc8/v3.00/avr/bin/../lib/gcc/avr/5.4.0/../../../../avr/lib/avrxmega4/memx-const/mapped\libm.a(mulsf3.o)
                0x00000000000010ca                __mulsf3

.text           0x00000000000010d2        0x6
 .text          0x00000000000010d2        0x6 c:/program files/microchip/xc8/v3.00/avr/bin/../lib/gcc/avr/5.4.0/../../../../avr/lib/avrxmega4/memx-const/mapped\libm.a(fp_nan.o)
                0x00000000000010d2                __fp_nan

.text           0x00000000000010d8        0x4
 .text          0x00000000000010d8        0x4 C:/Program Files/Microchip/MPLABX/v6.20/packs/Microchip/AVR-Dx_DFP/2.4.286/xc8/avr/lib/avrxmega4/memx-const/mapped/crtavr128db48.o
                0x00000000000010d8                __vector_38
                0x00000000000010d8                __vector_22
                0x00000000000010d8                __vector_28
                0x00000000000010d8                __vector_1
                0x00000000000010d8                __vector_32
                0x00000000000010d8                __vector_34
                0x00000000000010d8                __vector_12
                0x00000000000010d8                __vector_55
                0x00000000000010d8                __bad_interrupt
                0x00000000000010d8                __vector_6
                0x00000000000010d8                __vector_31
                0x00000000000010d8                __vector_39
                0x00000000000010d8                __vector_3
                0x00000000000010d8                __vector_23
                0x00000000000010d8                __vector_25
                0x00000000000010d8                __vector_11
                0x00000000000010d8                __vector_54
                0x00000000000010d8                __vector_13
                0x00000000000010d8                __vector_17
                0x00000000000010d8                __vector_19
                0x00000000000010d8                __vector_56
                0x00000000000010d8                __vector_7
                0x00000000000010d8                __vector_49
                0x00000000000010d8                __vector_41
                0x00000000000010d8                __vector_43
                0x00000000000010d8                __vector_27
                0x00000000000010d8                __vector_5
                0x00000000000010d8                __vector_33
                0x00000000000010d8                __vector_47
                0x00000000000010d8                __vector_52
                0x00000000000010d8                __vector_37
                0x00000000000010d8                __vector_4
                0x00000000000010d8                __vector_44
                0x00000000000010d8                __vector_51
                0x00000000000010d8                __vector_9
                0x00000000000010d8                __vector_2
                0x00000000000010d8                __vector_21
                0x00000000000010d8                __vector_15
                0x00000000000010d8                __vector_36
                0x00000000000010d8                __vector_58
                0x00000000000010d8                __vector_29
                0x00000000000010d8                __vector_60
                0x00000000000010d8                __vector_40
                0x00000000000010d8                __vector_26
                0x00000000000010d8                __vector_48
                0x00000000000010d8                __vector_14
                0x00000000000010d8                __vector_57
                0x00000000000010d8                __vector_53
                0x00000000000010d8                __vector_10
                0x00000000000010d8                __vector_50
                0x00000000000010d8                __vector_16
                0x00000000000010d8                __vector_59
                0x00000000000010d8                __vector_18
                0x00000000000010d8                __vector_20
                0x00000000000010d8                __vector_42

.text._Exit     0x00000000000010dc        0x4
 .text._Exit    0x00000000000010dc        0x4 c:/program files/microchip/xc8/v3.00/avr/bin/../lib/gcc/avr/5.4.0/../../../../avr/lib/avrxmega4/memx-const/mapped\libc.a(_Exit.o)
                0x00000000000010dc                _Exit

.text.__dummy_fini
                0x00000000000010e0        0x2
 .text.__dummy_fini
                0x00000000000010e0        0x2 c:/program files/microchip/xc8/v3.00/avr/bin/../lib/gcc/avr/5.4.0/../../../../avr/lib/avrxmega4/memx-const/mapped\libc.a(exit.o)
                0x00000000000010e0                _fini

.text.__dummy_funcs_on_exit
                0x00000000000010e2        0x2
 .text.__dummy_funcs_on_exit
                0x00000000000010e2        0x2 c:/program files/microchip/xc8/v3.00/avr/bin/../lib/gcc/avr/5.4.0/../../../../avr/lib/avrxmega4/memx-const/mapped\libc.a(exit.o)
                0x00000000000010e2                __funcs_on_exit

.text.__dummy_simulator_exit
                0x00000000000010e4        0x2
 .text.__dummy_simulator_exit
                0x00000000000010e4        0x2 c:/program files/microchip/xc8/v3.00/avr/bin/../lib/gcc/avr/5.4.0/../../../../avr/lib/avrxmega4/memx-const/mapped\libc.a(exit.o)
                0x00000000000010e4                __simulator_exit
